2026-03-31 16:45:03 - Modified file: \\clu082fs\MoveIT-Sync\SRV504GMC\SRV650FTP\uulive\prod\31.03.2026 - Lancashire Price increase letters - 32 items large print duplex.docx
2026-03-31 16:45:03 - Modified file: \\clu082fs\MoveIT-Sync\SRV504GMC\SRV650FTP\uulive\prod\31.03.2026 - Lancashire Price increase letters - 32 items large print duplex.docx
2026-03-31 16:45:03 - Modified file: \\clu082fs\MoveIT-Sync\SRV504GMC\SRV650FTP\uulive\prod\31.03.2026 - Lancashire Price increase letters - 32 items large print duplex.docx
2026-03-31 16:45:03 - Modified file: \\clu082fs\MoveIT-Sync\SRV504GMC\SRV650FTP\uulive\prod\31.03.2026 - Lancashire Price increase letters 1 - 1000 items duplex.docx
2026-03-31 16:45:03 - Modified file: \\clu082fs\MoveIT-Sync\SRV504GMC\SRV650FTP\uulive\prod\31.03.2026 - Lancashire Price increase letters 1 - 1000 items duplex.docx
2026-03-31 16:45:03 - Modified file: \\clu082fs\MoveIT-Sync\SRV504GMC\SRV650FTP\uulive\prod\31.03.2026 - Lancashire Price increase letters 1 - 1000 items duplex.docx
2026-03-31 16:45:03 - Modified file: \\clu082fs\MoveIT-Sync\SRV504GMC\SRV650FTP\uulive\prod\31.03.2026 - Lancashire Price increase letters 2 - 1000 items duplex.docx
2026-03-31 16:45:03 - Modified file: \\clu082fs\MoveIT-Sync\SRV504GMC\SRV650FTP\uulive\prod\31.03.2026 - Lancashire Price increase letters 2 - 1000 items duplex.docx
2026-03-31 16:45:03 - Modified file: \\clu082fs\MoveIT-Sync\SRV504GMC\SRV650FTP\uulive\prod\31.03.2026 - Lancashire Price increase letters 2 - 1000 items duplex.docx
2026-03-31 16:45:03 - Modified file: \\clu082fs\MoveIT-Sync\SRV504GMC\SRV650FTP\uulive\prod\31.03.2026 - Lancashire Price increase letters 3 - 1000 items duplex.docx
2026-03-31 16:45:03 - Modified file: \\clu082fs\MoveIT-Sync\SRV504GMC\SRV650FTP\uulive\prod\31.03.2026 - Lancashire Price increase letters 3 - 1000 items duplex.docx
2026-03-31 16:45:03 - Modified file: \\clu082fs\MoveIT-Sync\SRV504GMC\SRV650FTP\uulive\prod\31.03.2026 - Lancashire Price increase letters 3 - 1000 items duplex.docx
2026-03-31 16:45:04 - Modified file: \\clu082fs\MoveIT-Sync\SRV504GMC\SRV650FTP\uulive\prod\31.03.2026 - Lancashire Price increase letters 4 - 1392 items duplex.docx
2026-03-31 16:45:04 - Modified file: \\clu082fs\MoveIT-Sync\SRV504GMC\SRV650FTP\uulive\prod\31.03.2026 - Lancashire Price increase letters 4 - 1392 items duplex.docx
2026-03-31 16:45:04 - Modified file: \\clu082fs\MoveIT-Sync\SRV504GMC\SRV650FTP\uulive\prod\31.03.2026 - Manchester Price increase letters - 28 Large print items duplex.docx
2026-03-31 16:45:04 - Modified file: \\clu082fs\MoveIT-Sync\SRV504GMC\SRV650FTP\uulive\prod\31.03.2026 - Manchester Price increase letters - 28 Large print items duplex.docx
2026-03-31 16:45:04 - Modified file: \\clu082fs\MoveIT-Sync\SRV504GMC\SRV650FTP\uulive\prod\31.03.2026 - Manchester Price increase letters - 28 Large print items duplex.docx
2026-03-31 16:45:04 - Modified file: \\clu082fs\MoveIT-Sync\SRV504GMC\SRV650FTP\uulive\prod\31.03.2026 - Manchester Price increase letters 1 - 1000 items duplex.docx
2026-03-31 16:45:04 - Modified file: \\clu082fs\MoveIT-Sync\SRV504GMC\SRV650FTP\uulive\prod\31.03.2026 - Manchester Price increase letters 1 - 1000 items duplex.docx
2026-03-31 16:45:04 - Modified file: \\clu082fs\MoveIT-Sync\SRV504GMC\SRV650FTP\uulive\prod\31.03.2026 - Manchester Price increase letters 2 - 1000 items duplex.docx
2026-03-31 16:45:04 - Modified file: \\clu082fs\MoveIT-Sync\SRV504GMC\SRV650FTP\uulive\prod\31.03.2026 - Manchester Price increase letters 2 - 1000 items duplex.docx
2026-03-31 16:45:04 - Modified file: \\clu082fs\MoveIT-Sync\SRV504GMC\SRV650FTP\uulive\prod\31.03.2026 - Manchester Price increase letters 2 - 1000 items duplex.docx
2026-03-31 16:45:04 - Modified file: \\clu082fs\MoveIT-Sync\SRV504GMC\SRV650FTP\uulive\prod\31.03.2026 - Manchester Price increase letters 3 - 1000 items duplex.docx
2026-03-31 16:45:04 - Modified file: \\clu082fs\MoveIT-Sync\SRV504GMC\SRV650FTP\uulive\prod\31.03.2026 - Manchester Price increase letters 3 - 1000 items duplex.docx
2026-03-31 16:45:04 - Modified file: \\clu082fs\MoveIT-Sync\SRV504GMC\SRV650FTP\uulive\prod\31.03.2026 - Manchester Price increase letters 3 - 1000 items duplex.docx
2026-03-31 16:45:04 - Modified file: \\clu082fs\MoveIT-Sync\SRV504GMC\SRV650FTP\uulive\prod\31.03.2026 - Manchester Price increase letters 4 - 1445 items duplex.docx
2026-03-31 16:45:04 - Modified file: \\clu082fs\MoveIT-Sync\SRV504GMC\SRV650FTP\uulive\prod\31.03.2026 - Manchester Price increase letters 4 - 1445 items duplex.docx
2026-03-31 16:45:04 - Modified file: \\clu082fs\MoveIT-Sync\SRV504GMC\SRV650FTP\uulive\prod\31.03.2026 - Manchester Price increase letters 4 - 1445 items duplex.docx
2026-03-31 16:45:04 - Modified file: \\clu082fs\MoveIT-Sync\SRV504GMC\SRV650FTP\uulive\prod\31.03.2026 - Merseyside Price increase letters - 1 light blue items duplex.docx
2026-03-31 16:45:04 - Modified file: \\clu082fs\MoveIT-Sync\SRV504GMC\SRV650FTP\uulive\prod\31.03.2026 - Merseyside Price increase letters - 1 light blue items duplex.docx
2026-03-31 16:45:04 - Modified file: \\clu082fs\MoveIT-Sync\SRV504GMC\SRV650FTP\uulive\prod\31.03.2026 - Merseyside Price increase letters - 1 light blue items duplex.docx
2026-03-31 16:45:04 - Modified file: \\clu082fs\MoveIT-Sync\SRV504GMC\SRV650FTP\uulive\prod\31.03.2026 - Merseyside Price increase letters - 37 items large print required duplex.docx
2026-03-31 16:45:04 - Modified file: \\clu082fs\MoveIT-Sync\SRV504GMC\SRV650FTP\uulive\prod\31.03.2026 - Merseyside Price increase letters - 37 items large print required duplex.docx
2026-03-31 16:45:04 - Modified file: \\clu082fs\MoveIT-Sync\SRV504GMC\SRV650FTP\uulive\prod\31.03.2026 - Merseyside Price increase letters - 37 items large print required duplex.docx
2026-03-31 16:45:04 - Modified file: \\clu082fs\MoveIT-Sync\SRV504GMC\SRV650FTP\uulive\prod\31.03.2026 - Merseyside Price increase letters 1 - 1000 items duplex.docx
2026-03-31 16:45:04 - Modified file: \\clu082fs\MoveIT-Sync\SRV504GMC\SRV650FTP\uulive\prod\31.03.2026 - Merseyside Price increase letters 1 - 1000 items duplex.docx
2026-03-31 16:45:04 - Modified file: \\clu082fs\MoveIT-Sync\SRV504GMC\SRV650FTP\uulive\prod\31.03.2026 - Merseyside Price increase letters 1 - 1000 items duplex.docx
2026-03-31 16:45:04 - Modified file: \\clu082fs\MoveIT-Sync\SRV504GMC\SRV650FTP\uulive\prod\31.03.2026 - Merseyside Price increase letters 2 - 1000 items duplex.docx
2026-03-31 16:45:04 - Modified file: \\clu082fs\MoveIT-Sync\SRV504GMC\SRV650FTP\uulive\prod\31.03.2026 - Merseyside Price increase letters 2 - 1000 items duplex.docx
2026-03-31 16:45:04 - Modified file: \\clu082fs\MoveIT-Sync\SRV504GMC\SRV650FTP\uulive\prod\31.03.2026 - Merseyside Price increase letters 2 - 1000 items duplex.docx
2026-03-31 16:45:04 - Modified file: \\clu082fs\MoveIT-Sync\SRV504GMC\SRV650FTP\uulive\prod\31.03.2026 - Merseyside Price increase letters 3 - 1000 items duplex.docx
2026-03-31 16:45:04 - Modified file: \\clu082fs\MoveIT-Sync\SRV504GMC\SRV650FTP\uulive\prod\31.03.2026 - Merseyside Price increase letters 3 - 1000 items duplex.docx
2026-03-31 16:45:05 - Modified file: \\clu082fs\MoveIT-Sync\SRV504GMC\SRV650FTP\uulive\prod\31.03.2026 - Merseyside Price increase letters 3 - 1000 items duplex.docx
2026-03-31 16:45:05 - Modified file: \\clu082fs\MoveIT-Sync\SRV504GMC\SRV650FTP\uulive\prod\31.03.2026 - Merseyside Price increase letters 4 - 1000 items duplex.docx
2026-03-31 16:45:05 - Modified file: \\clu082fs\MoveIT-Sync\SRV504GMC\SRV650FTP\uulive\prod\31.03.2026 - Merseyside Price increase letters 4 - 1000 items duplex.docx
2026-03-31 16:45:05 - Modified file: \\clu082fs\MoveIT-Sync\SRV504GMC\SRV650FTP\uulive\prod\31.03.2026 - Merseyside Price increase letters 4 - 1000 items duplex.docx
2026-03-31 16:45:05 - Modified file: \\clu082fs\MoveIT-Sync\SRV504GMC\SRV650FTP\uulive\prod\31.03.2026 - Merseyside Price increase letters 5 - 1254 items duplex.docx
2026-03-31 16:45:05 - Modified file: \\clu082fs\MoveIT-Sync\SRV504GMC\SRV650FTP\uulive\prod\31.03.2026 - Merseyside Price increase letters 5 - 1254 items duplex.docx
2026-03-31 16:45:05 - Modified file: \\clu082fs\MoveIT-Sync\SRV504GMC\SRV650FTP\uulive\prod\31.03.2026 - Merseyside Price increase letters 5 - 1254 items duplex.docx
2026-03-31 16:45:11 - Modified file: \\clu082fs\MoveIT-Sync\SRV504GMC\SRV650FTP\uulive\prod\31.03.2026 - Lancashire Price increase letters - 32 items large print duplex.docx
2026-03-31 16:45:11 - Modified file: \\clu082fs\MoveIT-Sync\SRV504GMC\SRV650FTP\uulive\prod\31.03.2026 - Lancashire Price increase letters 1 - 1000 items duplex.docx
2026-03-31 16:45:11 - Modified file: \\clu082fs\MoveIT-Sync\SRV504GMC\SRV650FTP\uulive\prod\31.03.2026 - Lancashire Price increase letters 2 - 1000 items duplex.docx
2026-03-31 16:45:11 - Modified file: \\clu082fs\MoveIT-Sync\SRV504GMC\SRV650FTP\uulive\prod\31.03.2026 - Lancashire Price increase letters 3 - 1000 items duplex.docx
2026-03-31 16:45:11 - Modified file: \\clu082fs\MoveIT-Sync\SRV504GMC\SRV650FTP\uulive\prod\31.03.2026 - Lancashire Price increase letters 4 - 1392 items duplex.docx
2026-03-31 16:45:11 - Modified file: \\clu082fs\MoveIT-Sync\SRV504GMC\SRV650FTP\uulive\prod\31.03.2026 - Manchester Price increase letters - 28 Large print items duplex.docx
2026-03-31 16:45:11 - Deleted file: \\clu082fs\MoveIT-Sync\SRV504GMC\SRV650FTP\uulive\prod\31.03.2026 - Lancashire Price increase letters - 32 items large print duplex.docx
2026-03-31 16:45:11 - Deleted file: \\clu082fs\MoveIT-Sync\SRV504GMC\SRV650FTP\uulive\prod\31.03.2026 - Lancashire Price increase letters 1 - 1000 items duplex.docx
2026-03-31 16:45:11 - Deleted file: \\clu082fs\MoveIT-Sync\SRV504GMC\SRV650FTP\uulive\prod\31.03.2026 - Lancashire Price increase letters 2 - 1000 items duplex.docx
2026-03-31 16:45:11 - Modified file: \\clu082fs\MoveIT-Sync\SRV504GMC\SRV650FTP\uulive\prod\31.03.2026 - Manchester Price increase letters 3 - 1000 items duplex.docx
2026-03-31 16:45:11 - Modified file: \\clu082fs\MoveIT-Sync\SRV504GMC\SRV650FTP\uulive\prod\31.03.2026 - Manchester Price increase letters 2 - 1000 items duplex.docx
2026-03-31 16:45:11 - Modified file: \\clu082fs\MoveIT-Sync\SRV504GMC\SRV650FTP\uulive\prod\31.03.2026 - Merseyside Price increase letters 1 - 1000 items duplex.docx
2026-03-31 16:45:11 - Modified file: \\clu082fs\MoveIT-Sync\SRV504GMC\SRV650FTP\uulive\prod\31.03.2026 - Manchester Price increase letters 1 - 1000 items duplex.docx
2026-03-31 16:45:11 - Modified file: \\clu082fs\MoveIT-Sync\SRV504GMC\SRV650FTP\uulive\prod\31.03.2026 - Merseyside Price increase letters 4 - 1000 items duplex.docx
2026-03-31 16:45:11 - Modified file: \\clu082fs\MoveIT-Sync\SRV504GMC\SRV650FTP\uulive\prod\31.03.2026 - Merseyside Price increase letters - 1 light blue items duplex.docx
2026-03-31 16:45:11 - Modified file: \\clu082fs\MoveIT-Sync\SRV504GMC\SRV650FTP\uulive\prod\31.03.2026 - Manchester Price increase letters 4 - 1445 items duplex.docx
2026-03-31 16:45:11 - Modified file: \\clu082fs\MoveIT-Sync\SRV504GMC\SRV650FTP\uulive\prod\31.03.2026 - Merseyside Price increase letters 5 - 1254 items duplex.docx
2026-03-31 16:45:11 - Modified file: \\clu082fs\MoveIT-Sync\SRV504GMC\SRV650FTP\uulive\prod\31.03.2026 - Merseyside Price increase letters 3 - 1000 items duplex.docx
2026-03-31 16:45:11 - Modified file: \\clu082fs\MoveIT-Sync\SRV504GMC\SRV650FTP\uulive\prod\31.03.2026 - Merseyside Price increase letters - 37 items large print required duplex.docx
2026-03-31 16:45:11 - Modified file: \\clu082fs\MoveIT-Sync\SRV504GMC\SRV650FTP\uulive\prod\31.03.2026 - Merseyside Price increase letters 2 - 1000 items duplex.docx
2026-03-31 16:45:11 - Deleted file: \\clu082fs\MoveIT-Sync\SRV504GMC\SRV650FTP\uulive\prod\31.03.2026 - Lancashire Price increase letters 3 - 1000 items duplex.docx
2026-03-31 16:45:12 - Deleted file: \\clu082fs\MoveIT-Sync\SRV504GMC\SRV650FTP\uulive\prod\31.03.2026 - Lancashire Price increase letters 4 - 1392 items duplex.docx
2026-03-31 16:45:12 - Deleted file: \\clu082fs\MoveIT-Sync\SRV504GMC\SRV650FTP\uulive\prod\31.03.2026 - Manchester Price increase letters - 28 Large print items duplex.docx
2026-03-31 16:45:12 - Deleted file: \\clu082fs\MoveIT-Sync\SRV504GMC\SRV650FTP\uulive\prod\31.03.2026 - Manchester Price increase letters 2 - 1000 items duplex.docx
2026-03-31 16:45:12 - Deleted file: \\clu082fs\MoveIT-Sync\SRV504GMC\SRV650FTP\uulive\prod\31.03.2026 - Manchester Price increase letters 3 - 1000 items duplex.docx
2026-03-31 16:45:12 - Deleted file: \\clu082fs\MoveIT-Sync\SRV504GMC\SRV650FTP\uulive\prod\31.03.2026 - Merseyside Price increase letters 2 - 1000 items duplex.docx
2026-03-31 16:45:12 - Deleted file: \\clu082fs\MoveIT-Sync\SRV504GMC\SRV650FTP\uulive\prod\31.03.2026 - Merseyside Price increase letters - 37 items large print required duplex.docx
2026-03-31 16:45:12 - Deleted file: \\clu082fs\MoveIT-Sync\SRV504GMC\SRV650FTP\uulive\prod\31.03.2026 - Merseyside Price increase letters 1 - 1000 items duplex.docx
2026-03-31 16:45:12 - Deleted file: \\clu082fs\MoveIT-Sync\SRV504GMC\SRV650FTP\uulive\prod\31.03.2026 - Merseyside Price increase letters - 1 light blue items duplex.docx
2026-03-31 16:45:12 - Deleted file: \\clu082fs\MoveIT-Sync\SRV504GMC\SRV650FTP\uulive\prod\31.03.2026 - Merseyside Price increase letters 4 - 1000 items duplex.docx
2026-03-31 16:45:12 - Deleted file: \\clu082fs\MoveIT-Sync\SRV504GMC\SRV650FTP\uulive\prod\31.03.2026 - Merseyside Price increase letters 3 - 1000 items duplex.docx
2026-03-31 16:45:12 - Deleted file: \\clu082fs\MoveIT-Sync\SRV504GMC\SRV650FTP\uulive\prod\31.03.2026 - Manchester Price increase letters 1 - 1000 items duplex.docx
2026-03-31 16:45:12 - Deleted file: \\clu082fs\MoveIT-Sync\SRV504GMC\SRV650FTP\uulive\prod\31.03.2026 - Merseyside Price increase letters 5 - 1254 items duplex.docx
2026-03-31 16:45:12 - Deleted file: \\clu082fs\MoveIT-Sync\SRV504GMC\SRV650FTP\uulive\prod\31.03.2026 - Manchester Price increase letters 4 - 1445 items duplex.docx
2026-03-31 17:10:06 - Modified file: \\clu082fs\MoveIT-Sync\SRV504GMC\SRV650FTP\uulive\prod\31.03.2026 - Lancashire Price increase letters 1 - 1000 items duplex.docx
2026-03-31 17:10:06 - Modified file: \\clu082fs\MoveIT-Sync\SRV504GMC\SRV650FTP\uulive\prod\31.03.2026 - Lancashire Price increase letters 1 - 1000 items duplex.docx
2026-03-31 17:10:06 - Modified file: \\clu082fs\MoveIT-Sync\SRV504GMC\SRV650FTP\uulive\prod\31.03.2026 - Lancashire Price increase letters 1 - 1000 items duplex.docx
2026-03-31 17:10:06 - Modified file: \\clu082fs\MoveIT-Sync\SRV504GMC\SRV650FTP\uulive\prod\31.03.2026 - Merseyside Price increase letters 5 - 1254 items duplex.docx
2026-03-31 17:10:07 - Modified file: \\clu082fs\MoveIT-Sync\SRV504GMC\SRV650FTP\uulive\prod\31.03.2026 - Merseyside Price increase letters 5 - 1254 items duplex.docx
2026-03-31 17:10:07 - Modified file: \\clu082fs\MoveIT-Sync\SRV504GMC\SRV650FTP\uulive\prod\31.03.2026 - Merseyside Price increase letters 5 - 1254 items duplex.docx
2026-03-31 17:10:07 - Modified file: \\clu082fs\MoveIT-Sync\SRV504GMC\SRV650FTP\uulive\prod\31.03.2026 - Merseyside Price increase letters 4 - 1000 items duplex.docx
2026-03-31 17:10:07 - Modified file: \\clu082fs\MoveIT-Sync\SRV504GMC\SRV650FTP\uulive\prod\31.03.2026 - Merseyside Price increase letters 4 - 1000 items duplex.docx
2026-03-31 17:10:07 - Modified file: \\clu082fs\MoveIT-Sync\SRV504GMC\SRV650FTP\uulive\prod\31.03.2026 - Merseyside Price increase letters 4 - 1000 items duplex.docx
2026-03-31 17:10:07 - Modified file: \\clu082fs\MoveIT-Sync\SRV504GMC\SRV650FTP\uulive\prod\31.03.2026 - Merseyside Price increase letters 3 - 1000 items duplex.docx
2026-03-31 17:10:07 - Modified file: \\clu082fs\MoveIT-Sync\SRV504GMC\SRV650FTP\uulive\prod\31.03.2026 - Merseyside Price increase letters 3 - 1000 items duplex.docx
2026-03-31 17:10:07 - Modified file: \\clu082fs\MoveIT-Sync\SRV504GMC\SRV650FTP\uulive\prod\31.03.2026 - Merseyside Price increase letters 3 - 1000 items duplex.docx
2026-03-31 17:10:07 - Modified file: \\clu082fs\MoveIT-Sync\SRV504GMC\SRV650FTP\uulive\prod\31.03.2026 - Merseyside Price increase letters 2 - 1000 items duplex.docx
2026-03-31 17:10:07 - Modified file: \\clu082fs\MoveIT-Sync\SRV504GMC\SRV650FTP\uulive\prod\31.03.2026 - Merseyside Price increase letters 2 - 1000 items duplex.docx
2026-03-31 17:10:07 - Modified file: \\clu082fs\MoveIT-Sync\SRV504GMC\SRV650FTP\uulive\prod\31.03.2026 - Merseyside Price increase letters 2 - 1000 items duplex.docx
2026-03-31 17:10:07 - Modified file: \\clu082fs\MoveIT-Sync\SRV504GMC\SRV650FTP\uulive\prod\31.03.2026 - Manchester Price increase letters 4 - 1445 items duplex.docx
2026-03-31 17:10:07 - Modified file: \\clu082fs\MoveIT-Sync\SRV504GMC\SRV650FTP\uulive\prod\31.03.2026 - Manchester Price increase letters 4 - 1445 items duplex.docx
2026-03-31 17:10:07 - Modified file: \\clu082fs\MoveIT-Sync\SRV504GMC\SRV650FTP\uulive\prod\31.03.2026 - Manchester Price increase letters 4 - 1445 items duplex.docx
2026-03-31 17:10:08 - Modified file: \\clu082fs\MoveIT-Sync\SRV504GMC\SRV650FTP\uulive\prod\31.03.2026 - Manchester Price increase letters 3 - 1000 items duplex.docx
2026-03-31 17:10:08 - Modified file: \\clu082fs\MoveIT-Sync\SRV504GMC\SRV650FTP\uulive\prod\31.03.2026 - Manchester Price increase letters 3 - 1000 items duplex.docx
2026-03-31 17:10:08 - Modified file: \\clu082fs\MoveIT-Sync\SRV504GMC\SRV650FTP\uulive\prod\31.03.2026 - Manchester Price increase letters 3 - 1000 items duplex.docx
2026-03-31 17:10:08 - Modified file: \\clu082fs\MoveIT-Sync\SRV504GMC\SRV650FTP\uulive\prod\31.03.2026 - Manchester Price increase letters 2 - 1000 items duplex.docx
2026-03-31 17:10:08 - Modified file: \\clu082fs\MoveIT-Sync\SRV504GMC\SRV650FTP\uulive\prod\31.03.2026 - Manchester Price increase letters 2 - 1000 items duplex.docx
2026-03-31 17:10:08 - Modified file: \\clu082fs\MoveIT-Sync\SRV504GMC\SRV650FTP\uulive\prod\31.03.2026 - Manchester Price increase letters 2 - 1000 items duplex.docx
2026-03-31 17:10:08 - Modified file: \\clu082fs\MoveIT-Sync\SRV504GMC\SRV650FTP\uulive\prod\31.03.2026 - Manchester Price increase letters 1 - 1000 items duplex.docx
2026-03-31 17:10:08 - Modified file: \\clu082fs\MoveIT-Sync\SRV504GMC\SRV650FTP\uulive\prod\31.03.2026 - Manchester Price increase letters 1 - 1000 items duplex.docx
2026-03-31 17:10:08 - Modified file: \\clu082fs\MoveIT-Sync\SRV504GMC\SRV650FTP\uulive\prod\31.03.2026 - Manchester Price increase letters 1 - 1000 items duplex.docx
2026-03-31 17:10:08 - Modified file: \\clu082fs\MoveIT-Sync\SRV504GMC\SRV650FTP\uulive\prod\31.03.2026 - Lancashire Price increase letters 4 - 1392 items duplex.docx
2026-03-31 17:10:08 - Modified file: \\clu082fs\MoveIT-Sync\SRV504GMC\SRV650FTP\uulive\prod\31.03.2026 - Lancashire Price increase letters 4 - 1392 items duplex.docx
2026-03-31 17:10:08 - Modified file: \\clu082fs\MoveIT-Sync\SRV504GMC\SRV650FTP\uulive\prod\31.03.2026 - Lancashire Price increase letters 4 - 1392 items duplex.docx
2026-03-31 17:10:08 - Modified file: \\clu082fs\MoveIT-Sync\SRV504GMC\SRV650FTP\uulive\prod\31.03.2026 - Lancashire Price increase letters 3 - 1000 items duplex.docx
2026-03-31 17:10:08 - Modified file: \\clu082fs\MoveIT-Sync\SRV504GMC\SRV650FTP\uulive\prod\31.03.2026 - Lancashire Price increase letters 3 - 1000 items duplex.docx
2026-03-31 17:10:08 - Modified file: \\clu082fs\MoveIT-Sync\SRV504GMC\SRV650FTP\uulive\prod\31.03.2026 - Lancashire Price increase letters 3 - 1000 items duplex.docx
2026-03-31 17:10:08 - Modified file: \\clu082fs\MoveIT-Sync\SRV504GMC\SRV650FTP\uulive\prod\31.03.2026 - Lancashire Price increase letters 2 - 1000 items duplex.docx
2026-03-31 17:10:09 - Modified file: \\clu082fs\MoveIT-Sync\SRV504GMC\SRV650FTP\uulive\prod\31.03.2026 - Lancashire Price increase letters 2 - 1000 items duplex.docx
2026-03-31 17:10:09 - Modified file: \\clu082fs\MoveIT-Sync\SRV504GMC\SRV650FTP\uulive\prod\31.03.2026 - Lancashire Price increase letters 2 - 1000 items duplex.docx
2026-03-31 17:10:12 - Deleted file: \\clu082fs\MoveIT-Sync\SRV504GMC\SRV650FTP\uulive\prod\31.03.2026 - Lancashire Price increase letters 1 - 1000 items duplex.docx
2026-03-31 17:10:12 - Deleted file: \\clu082fs\MoveIT-Sync\SRV504GMC\SRV650FTP\uulive\prod\31.03.2026 - Merseyside Price increase letters 5 - 1254 items duplex.docx
2026-03-31 17:10:12 - Deleted file: \\clu082fs\MoveIT-Sync\SRV504GMC\SRV650FTP\uulive\prod\31.03.2026 - Merseyside Price increase letters 4 - 1000 items duplex.docx
2026-03-31 17:10:12 - Deleted file: \\clu082fs\MoveIT-Sync\SRV504GMC\SRV650FTP\uulive\prod\31.03.2026 - Merseyside Price increase letters 3 - 1000 items duplex.docx
2026-03-31 17:10:12 - Deleted file: \\clu082fs\MoveIT-Sync\SRV504GMC\SRV650FTP\uulive\prod\31.03.2026 - Merseyside Price increase letters 2 - 1000 items duplex.docx
2026-03-31 17:10:12 - Deleted file: \\clu082fs\MoveIT-Sync\SRV504GMC\SRV650FTP\uulive\prod\31.03.2026 - Manchester Price increase letters 1 - 1000 items duplex.docx
2026-03-31 17:10:12 - Deleted file: \\clu082fs\MoveIT-Sync\SRV504GMC\SRV650FTP\uulive\prod\31.03.2026 - Manchester Price increase letters 4 - 1445 items duplex.docx
2026-03-31 17:10:12 - Deleted file: \\clu082fs\MoveIT-Sync\SRV504GMC\SRV650FTP\uulive\prod\31.03.2026 - Manchester Price increase letters 2 - 1000 items duplex.docx
2026-03-31 17:10:12 - Deleted file: \\clu082fs\MoveIT-Sync\SRV504GMC\SRV650FTP\uulive\prod\31.03.2026 - Lancashire Price increase letters 4 - 1392 items duplex.docx
2026-03-31 17:10:12 - Deleted file: \\clu082fs\MoveIT-Sync\SRV504GMC\SRV650FTP\uulive\prod\31.03.2026 - Manchester Price increase letters 3 - 1000 items duplex.docx
2026-03-31 17:10:12 - Deleted file: \\clu082fs\MoveIT-Sync\SRV504GMC\SRV650FTP\uulive\prod\31.03.2026 - Lancashire Price increase letters 3 - 1000 items duplex.docx
2026-03-31 17:10:12 - Deleted file: \\clu082fs\MoveIT-Sync\SRV504GMC\SRV650FTP\uulive\prod\31.03.2026 - Lancashire Price increase letters 2 - 1000 items duplex.docx
2026-03-31 22:45:45 - Modified file: \\clu082fs\MoveIT-Sync\SRV504GMC\SRV650FTP\uulive\prod\31.03.2026 - Manchester Price increase letters 1 - 1000 items duplex.docx
2026-03-31 22:45:46 - Modified file: \\clu082fs\MoveIT-Sync\SRV504GMC\SRV650FTP\uulive\prod\31.03.2026 - Manchester Price increase letters 1 - 1000 items duplex.docx
2026-03-31 22:45:47 - Modified file: \\clu082fs\MoveIT-Sync\SRV504GMC\SRV650FTP\uulive\prod\31.03.2026 - Manchester Price increase letters 1 - 1000 items duplex.docx
2026-03-31 22:45:52 - Deleted file: \\clu082fs\MoveIT-Sync\SRV504GMC\SRV650FTP\uulive\prod\31.03.2026 - Manchester Price increase letters 1 - 1000 items duplex.docx
2026-04-09 14:01:43 - Modified file: \\clu082fs\MoveIT-Sync\SRV504GMC\SRV650FTP\uulive\prod\PS Welcome Letters Standard (555) 10042026.docx
2026-04-09 14:01:43 - Modified file: \\clu082fs\MoveIT-Sync\SRV504GMC\SRV650FTP\uulive\prod\PS Welcome Letters Standard (555) 10042026.docx
2026-04-09 14:01:43 - Modified file: \\clu082fs\MoveIT-Sync\SRV504GMC\SRV650FTP\uulive\prod\PS Welcome Letters Standard (555) 10042026.docx
2026-04-09 14:01:43 - Modified file: \\clu082fs\MoveIT-Sync\SRV504GMC\SRV650FTP\uulive\prod\PS Change to Core Large Print (5) 10042026.docx
2026-04-09 14:01:43 - Modified file: \\clu082fs\MoveIT-Sync\SRV504GMC\SRV650FTP\uulive\prod\PS Change to Core Large Print (5) 10042026.docx
2026-04-09 14:01:43 - Modified file: \\clu082fs\MoveIT-Sync\SRV504GMC\SRV650FTP\uulive\prod\PS Change to Core Large Print (5) 10042026.docx
2026-04-09 14:01:43 - Modified file: \\clu082fs\MoveIT-Sync\SRV504GMC\SRV650FTP\uulive\prod\PS Change to Core Standard (189) 10042026.docx
2026-04-09 14:01:43 - Modified file: \\clu082fs\MoveIT-Sync\SRV504GMC\SRV650FTP\uulive\prod\PS Change to Core Standard (189) 10042026.docx
2026-04-09 14:01:43 - Modified file: \\clu082fs\MoveIT-Sync\SRV504GMC\SRV650FTP\uulive\prod\PS Change to Core Standard (189) 10042026.docx
2026-04-09 14:01:43 - Modified file: \\clu082fs\MoveIT-Sync\SRV504GMC\SRV650FTP\uulive\prod\PS Welcome Letter Large Print (11) 10042026.docx
2026-04-09 14:01:43 - Modified file: \\clu082fs\MoveIT-Sync\SRV504GMC\SRV650FTP\uulive\prod\PS Welcome Letter Large Print (11) 10042026.docx
2026-04-09 14:01:43 - Modified file: \\clu082fs\MoveIT-Sync\SRV504GMC\SRV650FTP\uulive\prod\PS Welcome Letter Large Print (11) 10042026.docx
2026-04-09 14:01:43 - Modified file: \\clu082fs\MoveIT-Sync\SRV504GMC\SRV650FTP\uulive\prod\PS Welcome Letters BRAILLE (1) 10042026.docx
2026-04-09 14:01:43 - Modified file: \\clu082fs\MoveIT-Sync\SRV504GMC\SRV650FTP\uulive\prod\PS Welcome Letters BRAILLE (1) 10042026.docx
2026-04-09 14:01:43 - Modified file: \\clu082fs\MoveIT-Sync\SRV504GMC\SRV650FTP\uulive\prod\PS Welcome Letters BRAILLE (1) 10042026.docx
2026-04-09 14:01:44 - Modified file: \\clu082fs\MoveIT-Sync\SRV504GMC\SRV650FTP\uulive\prod\PS Welcome Letters LARGE PRINT RED (1) 10042026.docx
2026-04-09 14:01:44 - Modified file: \\clu082fs\MoveIT-Sync\SRV504GMC\SRV650FTP\uulive\prod\PS Welcome Letters LARGE PRINT RED (1) 10042026.docx
2026-04-09 14:01:44 - Modified file: \\clu082fs\MoveIT-Sync\SRV504GMC\SRV650FTP\uulive\prod\PS Welcome Letters LARGE PRINT RED (1) 10042026.docx
2026-04-09 14:01:49 - Deleted file: \\clu082fs\MoveIT-Sync\SRV504GMC\SRV650FTP\uulive\prod\PS Change to Core Large Print (5) 10042026.docx
2026-04-09 14:01:49 - Deleted file: \\clu082fs\MoveIT-Sync\SRV504GMC\SRV650FTP\uulive\prod\PS Welcome Letters Standard (555) 10042026.docx
2026-04-09 14:01:49 - Deleted file: \\clu082fs\MoveIT-Sync\SRV504GMC\SRV650FTP\uulive\prod\PS Change to Core Standard (189) 10042026.docx
2026-04-09 14:01:49 - Deleted file: \\clu082fs\MoveIT-Sync\SRV504GMC\SRV650FTP\uulive\prod\PS Welcome Letter Large Print (11) 10042026.docx
2026-04-09 14:01:49 - Deleted file: \\clu082fs\MoveIT-Sync\SRV504GMC\SRV650FTP\uulive\prod\PS Welcome Letters BRAILLE (1) 10042026.docx
2026-04-09 14:01:49 - Deleted file: \\clu082fs\MoveIT-Sync\SRV504GMC\SRV650FTP\uulive\prod\PS Welcome Letters LARGE PRINT RED (1) 10042026.docx
2026-04-13 15:00:59 - Modified file: \\clu082fs\MoveIT-Sync\SRV504GMC\SRV650FTP\uulive\prod\Proactive exchange commercial 1000 PART 7 letters smart booklet needs including.docx
2026-04-13 15:00:59 - Modified file: \\clu082fs\MoveIT-Sync\SRV504GMC\SRV650FTP\uulive\prod\Proactive exchange commercial 1000 PART 7 letters smart booklet needs including.docx
2026-04-13 15:00:59 - Modified file: \\clu082fs\MoveIT-Sync\SRV504GMC\SRV650FTP\uulive\prod\Proactive exchange commercial 1000 PART 7 letters smart booklet needs including.docx
2026-04-13 15:00:59 - Modified file: \\clu082fs\MoveIT-Sync\SRV504GMC\SRV650FTP\uulive\prod\Proactive exchange commercial 652 PART 8 letters smart booklet needs including.docx
2026-04-13 15:00:59 - Modified file: \\clu082fs\MoveIT-Sync\SRV504GMC\SRV650FTP\uulive\prod\Proactive exchange commercial 652 PART 8 letters smart booklet needs including.docx
2026-04-13 15:00:59 - Modified file: \\clu082fs\MoveIT-Sync\SRV504GMC\SRV650FTP\uulive\prod\Proactive exchange commercial 652 PART 8 letters smart booklet needs including.docx
2026-04-13 15:01:00 - Modified file: \\clu082fs\MoveIT-Sync\SRV504GMC\SRV650FTP\uulive\prod\Proactive exchange commercial 1000 PART 1 letters smart booklet needs including.docx
2026-04-13 15:01:00 - Modified file: \\clu082fs\MoveIT-Sync\SRV504GMC\SRV650FTP\uulive\prod\Proactive exchange commercial 1000 PART 1 letters smart booklet needs including.docx
2026-04-13 15:01:00 - Modified file: \\clu082fs\MoveIT-Sync\SRV504GMC\SRV650FTP\uulive\prod\Proactive exchange commercial 1000 PART 1 letters smart booklet needs including.docx
2026-04-13 15:01:00 - Modified file: \\clu082fs\MoveIT-Sync\SRV504GMC\SRV650FTP\uulive\prod\Proactive exchange commercial 1000 PART 2 letters smart booklet needs including.docx
2026-04-13 15:01:00 - Modified file: \\clu082fs\MoveIT-Sync\SRV504GMC\SRV650FTP\uulive\prod\Proactive exchange commercial 1000 PART 2 letters smart booklet needs including.docx
2026-04-13 15:01:00 - Modified file: \\clu082fs\MoveIT-Sync\SRV504GMC\SRV650FTP\uulive\prod\Proactive exchange commercial 1000 PART 2 letters smart booklet needs including.docx
2026-04-13 15:01:00 - Modified file: \\clu082fs\MoveIT-Sync\SRV504GMC\SRV650FTP\uulive\prod\Proactive exchange commercial 1000 PART 3 letters smart booklet needs including.docx
2026-04-13 15:01:00 - Modified file: \\clu082fs\MoveIT-Sync\SRV504GMC\SRV650FTP\uulive\prod\Proactive exchange commercial 1000 PART 3 letters smart booklet needs including.docx
2026-04-13 15:01:00 - Modified file: \\clu082fs\MoveIT-Sync\SRV504GMC\SRV650FTP\uulive\prod\Proactive exchange commercial 1000 PART 3 letters smart booklet needs including.docx
2026-04-13 15:01:00 - Modified file: \\clu082fs\MoveIT-Sync\SRV504GMC\SRV650FTP\uulive\prod\Proactive exchange commercial 1000 PART 4 letters smart booklet needs including.docx
2026-04-13 15:01:00 - Modified file: \\clu082fs\MoveIT-Sync\SRV504GMC\SRV650FTP\uulive\prod\Proactive exchange commercial 1000 PART 4 letters smart booklet needs including.docx
2026-04-13 15:01:00 - Modified file: \\clu082fs\MoveIT-Sync\SRV504GMC\SRV650FTP\uulive\prod\Proactive exchange commercial 1000 PART 4 letters smart booklet needs including.docx
2026-04-13 15:01:00 - Modified file: \\clu082fs\MoveIT-Sync\SRV504GMC\SRV650FTP\uulive\prod\Proactive exchange commercial 1000 PART 5 letters smart booklet needs including.docx
2026-04-13 15:01:01 - Modified file: \\clu082fs\MoveIT-Sync\SRV504GMC\SRV650FTP\uulive\prod\Proactive exchange commercial 1000 PART 5 letters smart booklet needs including.docx
2026-04-13 15:01:01 - Modified file: \\clu082fs\MoveIT-Sync\SRV504GMC\SRV650FTP\uulive\prod\Proactive exchange commercial 1000 PART 5 letters smart booklet needs including.docx
2026-04-13 15:01:01 - Modified file: \\clu082fs\MoveIT-Sync\SRV504GMC\SRV650FTP\uulive\prod\Proactive exchange commercial 1000 PART 6 letters smart booklet needs including.docx
2026-04-13 15:01:01 - Modified file: \\clu082fs\MoveIT-Sync\SRV504GMC\SRV650FTP\uulive\prod\Proactive exchange commercial 1000 PART 6 letters smart booklet needs including.docx
2026-04-13 15:01:01 - Modified file: \\clu082fs\MoveIT-Sync\SRV504GMC\SRV650FTP\uulive\prod\Proactive exchange commercial 1000 PART 6 letters smart booklet needs including.docx
2026-04-13 15:01:04 - Deleted file: \\clu082fs\MoveIT-Sync\SRV504GMC\SRV650FTP\uulive\prod\Proactive exchange commercial 1000 PART 7 letters smart booklet needs including.docx
2026-04-13 15:01:04 - Deleted file: \\clu082fs\MoveIT-Sync\SRV504GMC\SRV650FTP\uulive\prod\Proactive exchange commercial 652 PART 8 letters smart booklet needs including.docx
2026-04-13 15:01:04 - Deleted file: \\clu082fs\MoveIT-Sync\SRV504GMC\SRV650FTP\uulive\prod\Proactive exchange commercial 1000 PART 2 letters smart booklet needs including.docx
2026-04-13 15:01:05 - Deleted file: \\clu082fs\MoveIT-Sync\SRV504GMC\SRV650FTP\uulive\prod\Proactive exchange commercial 1000 PART 4 letters smart booklet needs including.docx
2026-04-13 15:01:05 - Deleted file: \\clu082fs\MoveIT-Sync\SRV504GMC\SRV650FTP\uulive\prod\Proactive exchange commercial 1000 PART 3 letters smart booklet needs including.docx
2026-04-13 15:01:05 - Deleted file: \\clu082fs\MoveIT-Sync\SRV504GMC\SRV650FTP\uulive\prod\Proactive exchange commercial 1000 PART 1 letters smart booklet needs including.docx
2026-04-13 15:01:05 - Deleted file: \\clu082fs\MoveIT-Sync\SRV504GMC\SRV650FTP\uulive\prod\Proactive exchange commercial 1000 PART 5 letters smart booklet needs including.docx
2026-04-13 15:01:05 - Deleted file: \\clu082fs\MoveIT-Sync\SRV504GMC\SRV650FTP\uulive\prod\Proactive exchange commercial 1000 PART 6 letters smart booklet needs including.docx
2026-04-29 09:22:19 - Modified file: \\clu082fs\MoveIT-Sync\SRV504GMC\SRV650FTP\uulive\prod\Pre legal Water Demand- 51 Grange Road CW8 4PE.docx
2026-04-29 09:22:19 - Modified file: \\clu082fs\MoveIT-Sync\SRV504GMC\SRV650FTP\uulive\prod\Pre legal Water Demand- 51 Grange Road CW8 4PE.docx
2026-04-29 09:22:19 - Modified file: \\clu082fs\MoveIT-Sync\SRV504GMC\SRV650FTP\uulive\prod\Pre legal Water Demand- 51 Grange Road CW8 4PE.docx
2026-04-29 09:22:19 - Modified file: \\clu082fs\MoveIT-Sync\SRV504GMC\SRV650FTP\uulive\prod\Pre legal Water Demand- 2 OAK TERRACE OL2 7BF OWNER.docx
2026-04-29 09:22:19 - Modified file: \\clu082fs\MoveIT-Sync\SRV504GMC\SRV650FTP\uulive\prod\Pre legal Water Demand- 2 OAK TERRACE OL2 7BF OWNER.docx
2026-04-29 09:22:19 - Modified file: \\clu082fs\MoveIT-Sync\SRV504GMC\SRV650FTP\uulive\prod\Pre legal Water Demand- 2 OAK TERRACE OL2 7BF OWNER.docx
2026-04-29 09:22:20 - Modified file: \\clu082fs\MoveIT-Sync\SRV504GMC\SRV650FTP\uulive\prod\Pre legal Water Demand- 2 OAK TERRACE OL2 7BF TENANT.docx
2026-04-29 09:22:20 - Modified file: \\clu082fs\MoveIT-Sync\SRV504GMC\SRV650FTP\uulive\prod\Pre legal Water Demand- 2 OAK TERRACE OL2 7BF TENANT.docx
2026-04-29 09:22:20 - Modified file: \\clu082fs\MoveIT-Sync\SRV504GMC\SRV650FTP\uulive\prod\Pre legal Water Demand- 2 OAK TERRACE OL2 7BF TENANT.docx
2026-04-29 09:22:26 - Deleted file: \\clu082fs\MoveIT-Sync\SRV504GMC\SRV650FTP\uulive\prod\Pre legal Water Demand- 51 Grange Road CW8 4PE.docx
2026-04-29 09:22:26 - Deleted file: \\clu082fs\MoveIT-Sync\SRV504GMC\SRV650FTP\uulive\prod\Pre legal Water Demand- 2 OAK TERRACE OL2 7BF OWNER.docx
2026-04-29 09:22:26 - Deleted file: \\clu082fs\MoveIT-Sync\SRV504GMC\SRV650FTP\uulive\prod\Pre legal Water Demand- 2 OAK TERRACE OL2 7BF TENANT.docx
2026-04-29 10:30:04 - Modified file: \\clu082fs\MoveIT-Sync\SRV504GMC\SRV650FTP\uulive\prod\Pre legal Water Demand- 2 OAK TERRACE OL2 7BF OWNER.docx
2026-04-29 10:30:04 - Modified file: \\clu082fs\MoveIT-Sync\SRV504GMC\SRV650FTP\uulive\prod\Pre legal Water Demand- 2 OAK TERRACE OL2 7BF OWNER.docx
2026-04-29 10:30:04 - Modified file: \\clu082fs\MoveIT-Sync\SRV504GMC\SRV650FTP\uulive\prod\Pre legal Water Demand- 2 OAK TERRACE OL2 7BF TENANT.docx
2026-04-29 10:30:04 - Modified file: \\clu082fs\MoveIT-Sync\SRV504GMC\SRV650FTP\uulive\prod\Pre legal Water Demand- 2 OAK TERRACE OL2 7BF TENANT.docx
2026-04-29 10:30:04 - Modified file: \\clu082fs\MoveIT-Sync\SRV504GMC\SRV650FTP\uulive\prod\Pre legal Water Demand- 2 OAK TERRACE OL2 7BF TENANT.docx
2026-04-29 10:30:05 - Modified file: \\clu082fs\MoveIT-Sync\SRV504GMC\SRV650FTP\uulive\prod\Pre legal Water Demand- 51 Grange Road CW8 4PE.docx
2026-04-29 10:30:05 - Modified file: \\clu082fs\MoveIT-Sync\SRV504GMC\SRV650FTP\uulive\prod\Pre legal Water Demand- 51 Grange Road CW8 4PE.docx
2026-04-29 10:30:05 - Modified file: \\clu082fs\MoveIT-Sync\SRV504GMC\SRV650FTP\uulive\prod\Pre legal Water Demand- 51 Grange Road CW8 4PE.docx
2026-04-29 10:30:05 - Modified file: \\clu082fs\MoveIT-Sync\SRV504GMC\SRV650FTP\uulive\prod\Pre legal Water Demand- 2 OAK TERRACE OL2 7BF TENANT.docx
2026-04-29 10:30:05 - Modified file: \\clu082fs\MoveIT-Sync\SRV504GMC\SRV650FTP\uulive\prod\Pre legal Water Demand- 2 OAK TERRACE OL2 7BF OWNER.docx
2026-04-29 10:30:05 - Deleted file: \\clu082fs\MoveIT-Sync\SRV504GMC\SRV650FTP\uulive\prod\Pre legal Water Demand- 2 OAK TERRACE OL2 7BF TENANT.docx
2026-04-29 10:30:05 - Deleted file: \\clu082fs\MoveIT-Sync\SRV504GMC\SRV650FTP\uulive\prod\Pre legal Water Demand- 2 OAK TERRACE OL2 7BF OWNER.docx
2026-04-29 10:30:05 - Modified file: \\clu082fs\MoveIT-Sync\SRV504GMC\SRV650FTP\uulive\prod\Pre legal Water Demand- 51 Grange Road CW8 4PE.docx
2026-04-29 10:30:05 - Deleted file: \\clu082fs\MoveIT-Sync\SRV504GMC\SRV650FTP\uulive\prod\Pre legal Water Demand- 51 Grange Road CW8 4PE.docx
2026-04-30 13:32:19 - Modified file: \\clu082fs\MoveIT-Sync\SRV504GMC\SRV650FTP\uulive\prod\30-04-2026 - PROIN5 - Proactive Install Screw No LBG - 1st Class - 42 items.docx
2026-04-30 13:32:19 - Modified file: \\clu082fs\MoveIT-Sync\SRV504GMC\SRV650FTP\uulive\prod\30-04-2026 - PROIN5 - Proactive Install Screw No LBG - 1st Class - 42 items.docx
2026-04-30 13:32:19 - Modified file: \\clu082fs\MoveIT-Sync\SRV504GMC\SRV650FTP\uulive\prod\30-04-2026 - PROIN5 - Proactive Install Screw No LBG - 1st Class - 42 items.docx
2026-04-30 13:32:20 - Modified file: \\clu082fs\MoveIT-Sync\SRV504GMC\SRV650FTP\uulive\prod\EM Opt In Letters 30-04-2026 - 74 simplex items.docx
2026-04-30 13:32:20 - Modified file: \\clu082fs\MoveIT-Sync\SRV504GMC\SRV650FTP\uulive\prod\EM Opt In Letters 30-04-2026 - 74 simplex items.docx
2026-04-30 13:32:20 - Modified file: \\clu082fs\MoveIT-Sync\SRV504GMC\SRV650FTP\uulive\prod\EM Opt In Letters 30-04-2026 - 74 simplex items.docx
2026-04-30 13:32:21 - Modified file: \\clu082fs\MoveIT-Sync\SRV504GMC\SRV650FTP\uulive\prod\30-04-2026 - PROIN3- Proactive Install Screw LBG - 1st Class - 633 items.docx
2026-04-30 13:32:21 - Modified file: \\clu082fs\MoveIT-Sync\SRV504GMC\SRV650FTP\uulive\prod\30-04-2026 - PROIN3- Proactive Install Screw LBG - 1st Class - 633 items.docx
2026-04-30 13:32:21 - Modified file: \\clu082fs\MoveIT-Sync\SRV504GMC\SRV650FTP\uulive\prod\30-04-2026 - PROIN3- Proactive Install Screw LBG - 1st Class - 633 items.docx
2026-04-30 13:32:24 - Deleted file: \\clu082fs\MoveIT-Sync\SRV504GMC\SRV650FTP\uulive\prod\30-04-2026 - PROIN5 - Proactive Install Screw No LBG - 1st Class - 42 items.docx
2026-04-30 13:32:24 - Deleted file: \\clu082fs\MoveIT-Sync\SRV504GMC\SRV650FTP\uulive\prod\EM Opt In Letters 30-04-2026 - 74 simplex items.docx
2026-04-30 13:32:24 - Deleted file: \\clu082fs\MoveIT-Sync\SRV504GMC\SRV650FTP\uulive\prod\30-04-2026 - PROIN3- Proactive Install Screw LBG - 1st Class - 633 items.docx
2026-04-30 15:00:03 - Modified file: \\clu082fs\MoveIT-Sync\SRV504GMC\SRV650FTP\uulive\prod\PS Change to Core Large Print (17) 01052026.docx
2026-04-30 15:00:03 - Modified file: \\clu082fs\MoveIT-Sync\SRV504GMC\SRV650FTP\uulive\prod\PS Change to Core Large Print (17) 01052026.docx
2026-04-30 15:00:03 - Modified file: \\clu082fs\MoveIT-Sync\SRV504GMC\SRV650FTP\uulive\prod\PS Change to Core Large Print (17) 01052026.docx
2026-04-30 15:00:12 - Modified file: \\clu082fs\MoveIT-Sync\SRV504GMC\SRV650FTP\uulive\prod\PS Change to Core Large Print (17) 01052026.docx
2026-04-30 15:00:12 - Deleted file: \\clu082fs\MoveIT-Sync\SRV504GMC\SRV650FTP\uulive\prod\PS Change to Core Large Print (17) 01052026.docx
2026-04-30 15:15:03 - Modified file: \\clu082fs\MoveIT-Sync\SRV504GMC\SRV650FTP\uulive\prod\PS Change to Core Standard (343) 01052026.docx
2026-04-30 15:15:03 - Modified file: \\clu082fs\MoveIT-Sync\SRV504GMC\SRV650FTP\uulive\prod\PS Change to Core Standard (343) 01052026.docx
2026-04-30 15:15:03 - Modified file: \\clu082fs\MoveIT-Sync\SRV504GMC\SRV650FTP\uulive\prod\PS Change to Core Standard (343) 01052026.docx
2026-04-30 15:15:10 - Modified file: \\clu082fs\MoveIT-Sync\SRV504GMC\SRV650FTP\uulive\prod\PS Change to Core Standard (343) 01052026.docx
2026-04-30 15:15:12 - Deleted file: \\clu082fs\MoveIT-Sync\SRV504GMC\SRV650FTP\uulive\prod\PS Change to Core Standard (343) 01052026.docx
2026-04-30 15:45:04 - Modified file: \\clu082fs\MoveIT-Sync\SRV504GMC\SRV650FTP\uulive\prod\PS Welcome Letter Large Print (15) 01052026.docx
2026-04-30 15:45:04 - Modified file: \\clu082fs\MoveIT-Sync\SRV504GMC\SRV650FTP\uulive\prod\PS Welcome Letter Large Print (15) 01052026.docx
2026-04-30 15:45:04 - Modified file: \\clu082fs\MoveIT-Sync\SRV504GMC\SRV650FTP\uulive\prod\PS Welcome Letter Large Print (15) 01052026.docx
2026-04-30 15:45:04 - Modified file: \\clu082fs\MoveIT-Sync\SRV504GMC\SRV650FTP\uulive\prod\PS Welcome Letter YELLOW Large Print (1) 01052026.docx
2026-04-30 15:45:04 - Modified file: \\clu082fs\MoveIT-Sync\SRV504GMC\SRV650FTP\uulive\prod\PS Welcome Letter YELLOW Large Print (1) 01052026.docx
2026-04-30 15:45:04 - Modified file: \\clu082fs\MoveIT-Sync\SRV504GMC\SRV650FTP\uulive\prod\PS Welcome Letter YELLOW Large Print (1) 01052026.docx
2026-04-30 15:45:04 - Modified file: \\clu082fs\MoveIT-Sync\SRV504GMC\SRV650FTP\uulive\prod\PS Welcome Letters BRAILLE (1) 01052026.docx
2026-04-30 15:45:04 - Modified file: \\clu082fs\MoveIT-Sync\SRV504GMC\SRV650FTP\uulive\prod\PS Welcome Letters BRAILLE (1) 01052026.docx
2026-04-30 15:45:04 - Modified file: \\clu082fs\MoveIT-Sync\SRV504GMC\SRV650FTP\uulive\prod\PS Welcome Letters BRAILLE (1) 01052026.docx
2026-04-30 15:45:04 - Modified file: \\clu082fs\MoveIT-Sync\SRV504GMC\SRV650FTP\uulive\prod\PS Welcome Letters Standard (851) 01052026.docx
2026-04-30 15:45:04 - Modified file: \\clu082fs\MoveIT-Sync\SRV504GMC\SRV650FTP\uulive\prod\PS Welcome Letters Standard (851) 01052026.docx
2026-04-30 15:45:04 - Modified file: \\clu082fs\MoveIT-Sync\SRV504GMC\SRV650FTP\uulive\prod\PS Welcome Letters Standard (851) 01052026.docx
2026-04-30 15:45:11 - Modified file: \\clu082fs\MoveIT-Sync\SRV504GMC\SRV650FTP\uulive\prod\PS Welcome Letters BRAILLE (1) 01052026.docx
2026-04-30 15:45:11 - Modified file: \\clu082fs\MoveIT-Sync\SRV504GMC\SRV650FTP\uulive\prod\PS Welcome Letter YELLOW Large Print (1) 01052026.docx
2026-04-30 15:45:11 - Modified file: \\clu082fs\MoveIT-Sync\SRV504GMC\SRV650FTP\uulive\prod\PS Welcome Letter Large Print (15) 01052026.docx
2026-04-30 15:45:11 - Modified file: \\clu082fs\MoveIT-Sync\SRV504GMC\SRV650FTP\uulive\prod\PS Welcome Letters Standard (851) 01052026.docx
2026-04-30 15:45:12 - Deleted file: \\clu082fs\MoveIT-Sync\SRV504GMC\SRV650FTP\uulive\prod\PS Welcome Letters BRAILLE (1) 01052026.docx
2026-04-30 15:45:13 - Deleted file: \\clu082fs\MoveIT-Sync\SRV504GMC\SRV650FTP\uulive\prod\PS Welcome Letter YELLOW Large Print (1) 01052026.docx
2026-04-30 15:45:13 - Deleted file: \\clu082fs\MoveIT-Sync\SRV504GMC\SRV650FTP\uulive\prod\PS Welcome Letter Large Print (15) 01052026.docx
2026-04-30 15:45:13 - Deleted file: \\clu082fs\MoveIT-Sync\SRV504GMC\SRV650FTP\uulive\prod\PS Welcome Letters Standard (851) 01052026.docx
2026-05-08 09:23:39 - Deleted file: \\clu082fs\MoveIT-Sync\SRV504GMC\SRV650FTP\uulive\prod\PS Welcome Letters Standard (715) 08052026.docx
2026-05-08 09:23:39 - Deleted file: \\clu082fs\MoveIT-Sync\SRV504GMC\SRV650FTP\uulive\prod\PS Change to Core Large Print (6) 08052026.docx
2026-05-08 09:23:39 - Deleted file: \\clu082fs\MoveIT-Sync\SRV504GMC\SRV650FTP\uulive\prod\PS Change to Core Standard (246) 08052026.docx
2026-05-08 09:23:39 - Deleted file: \\clu082fs\MoveIT-Sync\SRV504GMC\SRV650FTP\uulive\prod\PS Welcome Letter Large Print (10) 08052026.docx
2026-05-08 09:23:40 - Deleted file: \\clu082fs\MoveIT-Sync\SRV504GMC\SRV650FTP\uulive\prod\PS Welcome Letters BRAILLE (3) 08052026.docx
2026-05-08 09:23:45 - Modified file: \\clu082fs\MoveIT-Sync\SRV504GMC\SRV650FTP\uulive\prod\PS Welcome Letters Standard (715) 08052026.docx
2026-05-08 09:23:45 - Modified file: \\clu082fs\MoveIT-Sync\SRV504GMC\SRV650FTP\uulive\prod\PS Welcome Letters Standard (715) 08052026.docx
2026-05-08 09:23:45 - Modified file: \\clu082fs\MoveIT-Sync\SRV504GMC\SRV650FTP\uulive\prod\PS Welcome Letters Standard (715) 08052026.docx
2026-05-08 09:23:45 - Modified file: \\clu082fs\MoveIT-Sync\SRV504GMC\SRV650FTP\uulive\prod\PS Change to Core Large Print (6) 08052026.docx
2026-05-08 09:23:45 - Modified file: \\clu082fs\MoveIT-Sync\SRV504GMC\SRV650FTP\uulive\prod\PS Change to Core Large Print (6) 08052026.docx
2026-05-08 09:23:45 - Modified file: \\clu082fs\MoveIT-Sync\SRV504GMC\SRV650FTP\uulive\prod\PS Change to Core Large Print (6) 08052026.docx
2026-05-08 09:23:45 - Modified file: \\clu082fs\MoveIT-Sync\SRV504GMC\SRV650FTP\uulive\prod\PS Change to Core Standard (246) 08052026.docx
2026-05-08 09:23:45 - Modified file: \\clu082fs\MoveIT-Sync\SRV504GMC\SRV650FTP\uulive\prod\PS Change to Core Standard (246) 08052026.docx
2026-05-08 09:23:45 - Modified file: \\clu082fs\MoveIT-Sync\SRV504GMC\SRV650FTP\uulive\prod\PS Change to Core Standard (246) 08052026.docx
2026-05-08 09:23:45 - Modified file: \\clu082fs\MoveIT-Sync\SRV504GMC\SRV650FTP\uulive\prod\PS Welcome Letter Large Print (10) 08052026.docx
2026-05-08 09:23:45 - Modified file: \\clu082fs\MoveIT-Sync\SRV504GMC\SRV650FTP\uulive\prod\PS Welcome Letter Large Print (10) 08052026.docx
2026-05-08 09:23:45 - Modified file: \\clu082fs\MoveIT-Sync\SRV504GMC\SRV650FTP\uulive\prod\PS Welcome Letter Large Print (10) 08052026.docx
2026-05-08 09:23:45 - Modified file: \\clu082fs\MoveIT-Sync\SRV504GMC\SRV650FTP\uulive\prod\PS Welcome Letters BRAILLE (3) 08052026.docx
2026-05-08 09:23:45 - Modified file: \\clu082fs\MoveIT-Sync\SRV504GMC\SRV650FTP\uulive\prod\PS Welcome Letters BRAILLE (3) 08052026.docx
2026-05-08 09:23:45 - Modified file: \\clu082fs\MoveIT-Sync\SRV504GMC\SRV650FTP\uulive\prod\PS Welcome Letters BRAILLE (3) 08052026.docx
2026-05-08 09:23:52 - Deleted file: \\clu082fs\MoveIT-Sync\SRV504GMC\SRV650FTP\uulive\prod\PS Welcome Letters Standard (715) 08052026.docx
2026-05-08 09:23:52 - Deleted file: \\clu082fs\MoveIT-Sync\SRV504GMC\SRV650FTP\uulive\prod\PS Change to Core Large Print (6) 08052026.docx
2026-05-08 09:23:52 - Deleted file: \\clu082fs\MoveIT-Sync\SRV504GMC\SRV650FTP\uulive\prod\PS Welcome Letter Large Print (10) 08052026.docx
2026-05-08 09:23:52 - Deleted file: \\clu082fs\MoveIT-Sync\SRV504GMC\SRV650FTP\uulive\prod\PS Change to Core Standard (246) 08052026.docx
2026-05-08 09:23:52 - Deleted file: \\clu082fs\MoveIT-Sync\SRV504GMC\SRV650FTP\uulive\prod\PS Welcome Letters BRAILLE (3) 08052026.docx
2026-05-14 14:18:02 - Modified file: \\clu082fs\MoveIT-Sync\SRV504GMC\SRV650FTP\uulive\prod\PS Welcome Letter Large Print (19) 15052026.docx
2026-05-14 14:18:02 - Modified file: \\clu082fs\MoveIT-Sync\SRV504GMC\SRV650FTP\uulive\prod\PS Welcome Letter Large Print (19) 15052026.docx
2026-05-14 14:18:02 - Modified file: \\clu082fs\MoveIT-Sync\SRV504GMC\SRV650FTP\uulive\prod\PS Welcome Letter Large Print (19) 15052026.docx
2026-05-14 14:18:02 - Modified file: \\clu082fs\MoveIT-Sync\SRV504GMC\SRV650FTP\uulive\prod\PS Welcome Letters BRAILLE (1) 15052026.docx
2026-05-14 14:18:02 - Modified file: \\clu082fs\MoveIT-Sync\SRV504GMC\SRV650FTP\uulive\prod\PS Welcome Letters BRAILLE (1) 15052026.docx
2026-05-14 14:18:02 - Modified file: \\clu082fs\MoveIT-Sync\SRV504GMC\SRV650FTP\uulive\prod\PS Welcome Letters BRAILLE (1) 15052026.docx
2026-05-14 14:18:09 - Deleted file: \\clu082fs\MoveIT-Sync\SRV504GMC\SRV650FTP\uulive\prod\PS Welcome Letter Large Print (19) 15052026.docx
2026-05-14 14:18:09 - Deleted file: \\clu082fs\MoveIT-Sync\SRV504GMC\SRV650FTP\uulive\prod\PS Welcome Letters BRAILLE (1) 15052026.docx
2026-05-15 09:12:14 - Deleted file: \\clu082fs\MoveIT-Sync\SRV504GMC\SRV650FTP\uulive\prod\PS Change to Core Standard (363) 15052026.docx
2026-05-15 09:12:14 - Deleted file: \\clu082fs\MoveIT-Sync\SRV504GMC\SRV650FTP\uulive\prod\PS Change to Core Large Print (14) 15052026.docx
2026-05-15 09:12:14 - Deleted file: \\clu082fs\MoveIT-Sync\SRV504GMC\SRV650FTP\uulive\prod\PS Change to Core Large Print Yellow (1) 15052026.docx
2026-05-15 09:12:25 - Modified file: \\clu082fs\MoveIT-Sync\SRV504GMC\SRV650FTP\uulive\prod\PS Change to Core Large Print Yellow (1) 15052026.docx
2026-05-15 09:12:25 - Modified file: \\clu082fs\MoveIT-Sync\SRV504GMC\SRV650FTP\uulive\prod\PS Change to Core Large Print Yellow (1) 15052026.docx
2026-05-15 09:12:25 - Modified file: \\clu082fs\MoveIT-Sync\SRV504GMC\SRV650FTP\uulive\prod\PS Change to Core Large Print Yellow (1) 15052026.docx
2026-05-15 09:12:25 - Modified file: \\clu082fs\MoveIT-Sync\SRV504GMC\SRV650FTP\uulive\prod\PS Change to Core Large Print (14) 15052026.docx
2026-05-15 09:12:25 - Modified file: \\clu082fs\MoveIT-Sync\SRV504GMC\SRV650FTP\uulive\prod\PS Change to Core Large Print (14) 15052026.docx
2026-05-15 09:12:25 - Modified file: \\clu082fs\MoveIT-Sync\SRV504GMC\SRV650FTP\uulive\prod\PS Change to Core Large Print (14) 15052026.docx
2026-05-15 09:12:25 - Deleted file: \\clu082fs\MoveIT-Sync\SRV504GMC\SRV650FTP\uulive\prod\PS Change to Core Large Print Yellow (1) 15052026.docx
2026-05-15 09:12:26 - Deleted file: \\clu082fs\MoveIT-Sync\SRV504GMC\SRV650FTP\uulive\prod\PS Change to Core Large Print (14) 15052026.docx
2026-05-15 16:24:26 - Modified file: \\clu082fs\MoveIT-Sync\SRV504GMC\SRV650FTP\uulive\prod\Annual uprating UC mail merge.docx
2026-05-15 16:24:26 - Modified file: \\clu082fs\MoveIT-Sync\SRV504GMC\SRV650FTP\uulive\prod\Annual uprating UC mail merge.docx
2026-05-15 16:24:26 - Modified file: \\clu082fs\MoveIT-Sync\SRV504GMC\SRV650FTP\uulive\prod\Annual uprating UC mail merge.docx
2026-05-15 16:24:26 - Modified file: \\clu082fs\MoveIT-Sync\SRV504GMC\SRV650FTP\uulive\prod\Annual uprating UC mail merge.docx
2026-05-15 16:24:26 - Modified file: \\clu082fs\MoveIT-Sync\SRV504GMC\SRV650FTP\uulive\prod\Annual uprating UC mail merge.docx
2026-05-15 16:24:26 - Modified file: \\clu082fs\MoveIT-Sync\SRV504GMC\SRV650FTP\uulive\prod\Annual uprating UC mail merge.docx
2026-05-15 16:24:26 - Modified file: \\clu082fs\MoveIT-Sync\SRV504GMC\SRV650FTP\uulive\prod\Annual uprating UC mail merge.docx
2026-05-15 16:24:26 - Modified file: \\clu082fs\MoveIT-Sync\SRV504GMC\SRV650FTP\uulive\prod\Annual uprating UC mail merge.docx
2026-05-15 16:24:26 - Modified file: \\clu082fs\MoveIT-Sync\SRV504GMC\SRV650FTP\uulive\prod\Annual uprating UC mail merge.docx
2026-05-15 16:24:40 - Deleted file: \\clu082fs\MoveIT-Sync\SRV504GMC\SRV650FTP\uulive\prod\Annual uprating UC mail merge.docx
2026-05-15 16:24:40 - Deleted file: \\clu082fs\MoveIT-Sync\SRV504GMC\SRV650FTP\uulive\prod\Annual uprating UC mail merge.docx
2026-05-21 13:44:12 - Modified file: \\clu082fs\MoveIT-Sync\SRV504GMC\SRV650FTP\uulive\prod\PS Welcome Letter Large Print (14) 22052026.docx
2026-05-21 13:44:12 - Modified file: \\clu082fs\MoveIT-Sync\SRV504GMC\SRV650FTP\uulive\prod\PS Welcome Letter Large Print (14) 22052026.docx
2026-05-21 13:44:12 - Modified file: \\clu082fs\MoveIT-Sync\SRV504GMC\SRV650FTP\uulive\prod\PS Welcome Letter Large Print Light Blue (1) 21052026.docx
2026-05-21 13:44:12 - Modified file: \\clu082fs\MoveIT-Sync\SRV504GMC\SRV650FTP\uulive\prod\PS Welcome Letter Large Print Light Blue (1) 21052026.docx
2026-05-21 13:44:12 - Modified file: \\clu082fs\MoveIT-Sync\SRV504GMC\SRV650FTP\uulive\prod\PS Welcome Letter Large Print Light Blue (1) 21052026.docx
2026-05-21 13:44:12 - Modified file: \\clu082fs\MoveIT-Sync\SRV504GMC\SRV650FTP\uulive\prod\PS Welcome Letters BRAILLE (1) 22052026.docx
2026-05-21 13:44:12 - Modified file: \\clu082fs\MoveIT-Sync\SRV504GMC\SRV650FTP\uulive\prod\PS Welcome Letters BRAILLE (1) 22052026.docx
2026-05-21 13:44:12 - Modified file: \\clu082fs\MoveIT-Sync\SRV504GMC\SRV650FTP\uulive\prod\PS Welcome Letters BRAILLE (1) 22052026.docx
2026-05-21 13:44:12 - Modified file: \\clu082fs\MoveIT-Sync\SRV504GMC\SRV650FTP\uulive\prod\PS Welcome Letters Standard (1025) 22052026.docx
2026-05-21 13:44:12 - Modified file: \\clu082fs\MoveIT-Sync\SRV504GMC\SRV650FTP\uulive\prod\PS Welcome Letters Standard (1025) 22052026.docx
2026-05-21 13:44:12 - Modified file: \\clu082fs\MoveIT-Sync\SRV504GMC\SRV650FTP\uulive\prod\PS Welcome Letters Standard (1025) 22052026.docx
2026-05-21 13:44:19 - Modified file: \\clu082fs\MoveIT-Sync\SRV504GMC\SRV650FTP\uulive\prod\PS Welcome Letter Large Print (14) 22052026.docx
2026-05-21 13:44:19 - Modified file: \\clu082fs\MoveIT-Sync\SRV504GMC\SRV650FTP\uulive\prod\PS Welcome Letter Large Print Light Blue (1) 21052026.docx
2026-05-21 13:44:19 - Modified file: \\clu082fs\MoveIT-Sync\SRV504GMC\SRV650FTP\uulive\prod\PS Welcome Letters BRAILLE (1) 22052026.docx
2026-05-21 13:44:19 - Modified file: \\clu082fs\MoveIT-Sync\SRV504GMC\SRV650FTP\uulive\prod\PS Welcome Letters Standard (1025) 22052026.docx
2026-05-21 13:44:19 - Deleted file: \\clu082fs\MoveIT-Sync\SRV504GMC\SRV650FTP\uulive\prod\PS Welcome Letter Large Print (14) 22052026.docx
2026-05-21 13:44:19 - Deleted file: \\clu082fs\MoveIT-Sync\SRV504GMC\SRV650FTP\uulive\prod\PS Welcome Letter Large Print Light Blue (1) 21052026.docx
2026-05-21 13:44:19 - Deleted file: \\clu082fs\MoveIT-Sync\SRV504GMC\SRV650FTP\uulive\prod\PS Welcome Letters BRAILLE (1) 22052026.docx
2026-05-21 13:44:19 - Deleted file: \\clu082fs\MoveIT-Sync\SRV504GMC\SRV650FTP\uulive\prod\PS Welcome Letters Standard (1025) 22052026.docx
2026-05-21 14:44:11 - Modified file: \\clu082fs\MoveIT-Sync\SRV504GMC\SRV650FTP\uulive\prod\PS Change to Core Large Print (15) 22052026.docx
2026-05-21 14:44:11 - Modified file: \\clu082fs\MoveIT-Sync\SRV504GMC\SRV650FTP\uulive\prod\PS Change to Core Large Print (15) 22052026.docx
2026-05-21 14:44:11 - Modified file: \\clu082fs\MoveIT-Sync\SRV504GMC\SRV650FTP\uulive\prod\PS Change to Core Large Print (15) 22052026.docx
2026-05-21 14:44:11 - Modified file: \\clu082fs\MoveIT-Sync\SRV504GMC\SRV650FTP\uulive\prod\PS Change to Core Standard (299) 22052026.docx
2026-05-21 14:44:11 - Modified file: \\clu082fs\MoveIT-Sync\SRV504GMC\SRV650FTP\uulive\prod\PS Change to Core Standard (299) 22052026.docx
2026-05-21 14:44:11 - Modified file: \\clu082fs\MoveIT-Sync\SRV504GMC\SRV650FTP\uulive\prod\PS Change to Core Standard (299) 22052026.docx
2026-05-21 14:44:18 - Modified file: \\clu082fs\MoveIT-Sync\SRV504GMC\SRV650FTP\uulive\prod\PS Change to Core Large Print (15) 22052026.docx
2026-05-21 14:44:18 - Modified file: \\clu082fs\MoveIT-Sync\SRV504GMC\SRV650FTP\uulive\prod\PS Change to Core Standard (299) 22052026.docx
2026-05-21 14:44:18 - Deleted file: \\clu082fs\MoveIT-Sync\SRV504GMC\SRV650FTP\uulive\prod\PS Change to Core Large Print (15) 22052026.docx
2026-05-21 14:44:18 - Deleted file: \\clu082fs\MoveIT-Sync\SRV504GMC\SRV650FTP\uulive\prod\PS Change to Core Standard (299) 22052026.docx
2026-05-26 09:08:24 - Modified file: \\clu082fs\MoveIT-Sync\SRV504GMC\SRV650FTP\uulive\prod\Test1.docx
2026-05-26 09:08:24 - Modified file: \\clu082fs\MoveIT-Sync\SRV504GMC\SRV650FTP\uulive\prod\Test1.docx
2026-05-26 09:08:27 - Deleted file: \\clu082fs\MoveIT-Sync\SRV504GMC\SRV650FTP\uulive\prod\Test1.docx
2026-05-26 10:59:06 - Modified file: \\clu082fs\MoveIT-Sync\SRV504GMC\SRV650FTP\uulive\prod\DWP UC mail merge - 61 simplex items.docx
2026-05-26 10:59:06 - Modified file: \\clu082fs\MoveIT-Sync\SRV504GMC\SRV650FTP\uulive\prod\DWP UC mail merge - 61 simplex items.docx
2026-05-26 10:59:06 - Modified file: \\clu082fs\MoveIT-Sync\SRV504GMC\SRV650FTP\uulive\prod\DWP UC mail merge - 61 simplex items.docx
2026-05-26 10:59:13 - Modified file: \\clu082fs\MoveIT-Sync\SRV504GMC\SRV650FTP\uulive\prod\DWP UC mail merge - 61 simplex items.docx
2026-05-26 10:59:13 - Deleted file: \\clu082fs\MoveIT-Sync\SRV504GMC\SRV650FTP\uulive\prod\DWP UC mail merge - 61 simplex items.docx
2026-10-02 14:30:05 - Modified file: \\clu082fs\MoveIT-Sync\SRV504GMC\SRV650FTP\uulive\prod\PSR Verification IVR (777) Despatch 05.10.2026 F3.docx
2026-10-02 14:30:05 - Modified file: \\clu082fs\MoveIT-Sync\SRV504GMC\SRV650FTP\uulive\prod\PSR Verification IVR (777) Despatch 05.10.2026 F3.docx
2026-10-02 14:30:05 - Modified file: \\clu082fs\MoveIT-Sync\SRV504GMC\SRV650FTP\uulive\prod\PSR Verification IVR (777) Despatch 05.10.2026 F3.docx
2026-10-02 14:30:12 - Modified file: \\clu082fs\MoveIT-Sync\SRV504GMC\SRV650FTP\uulive\prod\PSR Verification IVR (777) Despatch 05.10.2026 F3.docx
2026-10-02 14:30:13 - Deleted file: \\clu082fs\MoveIT-Sync\SRV504GMC\SRV650FTP\uulive\prod\PSR Verification IVR (777) Despatch 05.10.2026 F3.docx
2026-10-02 14:45:03 - Modified file: \\clu082fs\MoveIT-Sync\SRV504GMC\SRV650FTP\uulive\prod\PSR Verification IVR (1000) Despatch 05.10.2026 F1.docx
2026-10-02 14:45:03 - Modified file: \\clu082fs\MoveIT-Sync\SRV504GMC\SRV650FTP\uulive\prod\PSR Verification IVR (1000) Despatch 05.10.2026 F1.docx
2026-10-02 14:45:03 - Modified file: \\clu082fs\MoveIT-Sync\SRV504GMC\SRV650FTP\uulive\prod\PSR Verification IVR (1000) Despatch 05.10.2026 F1.docx
2026-10-02 14:45:03 - Modified file: \\clu082fs\MoveIT-Sync\SRV504GMC\SRV650FTP\uulive\prod\PSR Verification IVR (1000) Despatch 05.10.2026 F2.docx
2026-10-02 14:45:03 - Modified file: \\clu082fs\MoveIT-Sync\SRV504GMC\SRV650FTP\uulive\prod\PSR Verification IVR (1000) Despatch 05.10.2026 F2.docx
2026-10-02 14:45:03 - Modified file: \\clu082fs\MoveIT-Sync\SRV504GMC\SRV650FTP\uulive\prod\PSR Verification IVR (1000) Despatch 05.10.2026 F2.docx
2026-10-02 14:45:04 - Modified file: \\clu082fs\MoveIT-Sync\SRV504GMC\SRV650FTP\uulive\prod\PSR Verification IVR (1000) Despatch 06.10.2026 F1.docx
2026-10-02 14:45:04 - Modified file: \\clu082fs\MoveIT-Sync\SRV504GMC\SRV650FTP\uulive\prod\PSR Verification IVR (1000) Despatch 06.10.2026 F1.docx
2026-10-02 14:45:04 - Modified file: \\clu082fs\MoveIT-Sync\SRV504GMC\SRV650FTP\uulive\prod\PSR Verification IVR (1000) Despatch 06.10.2026 F1.docx
2026-10-02 14:45:04 - Modified file: \\clu082fs\MoveIT-Sync\SRV504GMC\SRV650FTP\uulive\prod\PSR Verification IVR (1000) Despatch 06.10.2026 F2.docx
2026-10-02 14:45:04 - Modified file: \\clu082fs\MoveIT-Sync\SRV504GMC\SRV650FTP\uulive\prod\PSR Verification IVR (1000) Despatch 06.10.2026 F2.docx
2026-10-02 14:45:04 - Modified file: \\clu082fs\MoveIT-Sync\SRV504GMC\SRV650FTP\uulive\prod\PSR Verification IVR (1000) Despatch 06.10.2026 F2.docx
2026-10-02 14:45:04 - Modified file: \\clu082fs\MoveIT-Sync\SRV504GMC\SRV650FTP\uulive\prod\PSR Verification IVR (777) Despatch 06.10.2026 F3.docx
2026-10-02 14:45:04 - Modified file: \\clu082fs\MoveIT-Sync\SRV504GMC\SRV650FTP\uulive\prod\PSR Verification IVR (777) Despatch 06.10.2026 F3.docx
2026-10-02 14:45:04 - Modified file: \\clu082fs\MoveIT-Sync\SRV504GMC\SRV650FTP\uulive\prod\PSR Verification IVR (777) Despatch 06.10.2026 F3.docx
2026-10-02 14:45:10 - Modified file: \\clu082fs\MoveIT-Sync\SRV504GMC\SRV650FTP\uulive\prod\PSR Verification IVR (1000) Despatch 05.10.2026 F1.docx
2026-10-02 14:45:10 - Modified file: \\clu082fs\MoveIT-Sync\SRV504GMC\SRV650FTP\uulive\prod\PSR Verification IVR (1000) Despatch 05.10.2026 F2.docx
2026-10-02 14:45:11 - Modified file: \\clu082fs\MoveIT-Sync\SRV504GMC\SRV650FTP\uulive\prod\PSR Verification IVR (1000) Despatch 06.10.2026 F1.docx
2026-10-02 14:45:11 - Modified file: \\clu082fs\MoveIT-Sync\SRV504GMC\SRV650FTP\uulive\prod\PSR Verification IVR (1000) Despatch 06.10.2026 F2.docx
2026-10-02 14:45:11 - Modified file: \\clu082fs\MoveIT-Sync\SRV504GMC\SRV650FTP\uulive\prod\PSR Verification IVR (777) Despatch 06.10.2026 F3.docx
2026-10-02 14:45:11 - Deleted file: \\clu082fs\MoveIT-Sync\SRV504GMC\SRV650FTP\uulive\prod\PSR Verification IVR (1000) Despatch 05.10.2026 F1.docx
2026-10-02 14:45:11 - Deleted file: \\clu082fs\MoveIT-Sync\SRV504GMC\SRV650FTP\uulive\prod\PSR Verification IVR (1000) Despatch 05.10.2026 F2.docx
2026-10-02 14:45:11 - Deleted file: \\clu082fs\MoveIT-Sync\SRV504GMC\SRV650FTP\uulive\prod\PSR Verification IVR (1000) Despatch 06.10.2026 F1.docx
2026-10-02 14:45:11 - Deleted file: \\clu082fs\MoveIT-Sync\SRV504GMC\SRV650FTP\uulive\prod\PSR Verification IVR (1000) Despatch 06.10.2026 F2.docx
2026-10-02 14:45:11 - Deleted file: \\clu082fs\MoveIT-Sync\SRV504GMC\SRV650FTP\uulive\prod\PSR Verification IVR (777) Despatch 06.10.2026 F3.docx
