2026-04-08 10:51:32 - Modified file: C:\Users\tmoloi\Desktop\Python\Client\27.03.2026 - Affordability Price Increase Letters - 2 items Large print required duplex.docx
2026-04-08 10:51:32 - Modified file: C:\Users\tmoloi\Desktop\Python\Client\27.03.2026 - Affordability Price Increase Letters - 2 items Large print required duplex.docx
2026-04-08 10:51:34 - Deleted file: C:\Users\tmoloi\Desktop\Python\Client\27.03.2026 - Affordability Price Increase Letters - 2 items Large print required duplex.docx
2026-04-16 15:01:57 - Modified file: \\clu082fs\MoveIT-Sync\SRV504GMC\SRV650FTP\uulive\prod\PS Welcome Letter YELLOW Large Print (1) 17042026.docx
2026-04-16 15:01:57 - Modified file: \\clu082fs\MoveIT-Sync\SRV504GMC\SRV650FTP\uulive\prod\PS Welcome Letter YELLOW Large Print (1) 17042026.docx
2026-04-16 15:01:58 - Modified file: \\clu082fs\MoveIT-Sync\SRV504GMC\SRV650FTP\uulive\prod\PS Welcome Letter YELLOW Large Print (1) 17042026.docx
2026-04-16 15:01:58 - Modified file: \\clu082fs\MoveIT-Sync\SRV504GMC\SRV650FTP\uulive\prod\PS Welcome Letters BRAILLE (1) 17042026.docx
2026-04-16 15:01:58 - Modified file: \\clu082fs\MoveIT-Sync\SRV504GMC\SRV650FTP\uulive\prod\PS Welcome Letters BRAILLE (1) 17042026.docx
2026-04-16 15:01:58 - Modified file: \\clu082fs\MoveIT-Sync\SRV504GMC\SRV650FTP\uulive\prod\PS Welcome Letters BRAILLE (1) 17042026.docx
2026-04-16 15:01:58 - Modified file: \\clu082fs\MoveIT-Sync\SRV504GMC\SRV650FTP\uulive\prod\PS Change to Core Large Print (17) 17042026.docx
2026-04-16 15:01:58 - Modified file: \\clu082fs\MoveIT-Sync\SRV504GMC\SRV650FTP\uulive\prod\PS Change to Core Large Print (17) 17042026.docx
2026-04-16 15:01:58 - Modified file: \\clu082fs\MoveIT-Sync\SRV504GMC\SRV650FTP\uulive\prod\PS Change to Core Large Print (17) 17042026.docx
2026-04-16 15:01:58 - Modified file: \\clu082fs\MoveIT-Sync\SRV504GMC\SRV650FTP\uulive\prod\PS Change to Core Standard (374) 17042026.docx
2026-04-16 15:01:58 - Modified file: \\clu082fs\MoveIT-Sync\SRV504GMC\SRV650FTP\uulive\prod\PS Change to Core Standard (374) 17042026.docx
2026-04-16 15:01:58 - Modified file: \\clu082fs\MoveIT-Sync\SRV504GMC\SRV650FTP\uulive\prod\PS Change to Core Standard (374) 17042026.docx
2026-04-16 15:01:58 - Modified file: \\clu082fs\MoveIT-Sync\SRV504GMC\SRV650FTP\uulive\prod\PS Welcome Letter BLUE Large Print (1) 17042026.docx
2026-04-16 15:01:58 - Modified file: \\clu082fs\MoveIT-Sync\SRV504GMC\SRV650FTP\uulive\prod\PS Welcome Letter BLUE Large Print (1) 17042026.docx
2026-04-16 15:01:58 - Modified file: \\clu082fs\MoveIT-Sync\SRV504GMC\SRV650FTP\uulive\prod\PS Welcome Letter BLUE Large Print (1) 17042026.docx
2026-04-16 15:01:58 - Modified file: \\clu082fs\MoveIT-Sync\SRV504GMC\SRV650FTP\uulive\prod\PS Welcome Letter Large Print (14) 17042026.docx
2026-04-16 15:01:58 - Modified file: \\clu082fs\MoveIT-Sync\SRV504GMC\SRV650FTP\uulive\prod\PS Welcome Letter Large Print (14) 17042026.docx
2026-04-16 15:01:58 - Modified file: \\clu082fs\MoveIT-Sync\SRV504GMC\SRV650FTP\uulive\prod\PS Welcome Letter Large Print (14) 17042026.docx
2026-04-16 15:01:58 - Modified file: \\clu082fs\MoveIT-Sync\SRV504GMC\SRV650FTP\uulive\prod\PS Welcome Letter PINK Large Print (1) 17042026.docx
2026-04-16 15:01:58 - Modified file: \\clu082fs\MoveIT-Sync\SRV504GMC\SRV650FTP\uulive\prod\PS Welcome Letter PINK Large Print (1) 17042026.docx
2026-04-16 15:01:58 - Modified file: \\clu082fs\MoveIT-Sync\SRV504GMC\SRV650FTP\uulive\prod\PS Welcome Letter PINK Large Print (1) 17042026.docx
2026-04-16 15:02:03 - Deleted file: \\clu082fs\MoveIT-Sync\SRV504GMC\SRV650FTP\uulive\prod\PS Welcome Letter YELLOW Large Print (1) 17042026.docx
2026-04-16 15:02:03 - Deleted file: \\clu082fs\MoveIT-Sync\SRV504GMC\SRV650FTP\uulive\prod\PS Welcome Letters BRAILLE (1) 17042026.docx
2026-04-16 15:02:03 - Deleted file: \\clu082fs\MoveIT-Sync\SRV504GMC\SRV650FTP\uulive\prod\PS Change to Core Large Print (17) 17042026.docx
2026-04-16 15:02:03 - Deleted file: \\clu082fs\MoveIT-Sync\SRV504GMC\SRV650FTP\uulive\prod\PS Change to Core Standard (374) 17042026.docx
2026-04-16 15:02:03 - Deleted file: \\clu082fs\MoveIT-Sync\SRV504GMC\SRV650FTP\uulive\prod\PS Welcome Letter BLUE Large Print (1) 17042026.docx
2026-04-16 15:02:03 - Deleted file: \\clu082fs\MoveIT-Sync\SRV504GMC\SRV650FTP\uulive\prod\PS Welcome Letter Large Print (14) 17042026.docx
2026-04-16 15:02:04 - Deleted file: \\clu082fs\MoveIT-Sync\SRV504GMC\SRV650FTP\uulive\prod\PS Welcome Letter PINK Large Print (1) 17042026.docx
2026-05-07 14:48:24 - Modified file: C:\Users\tmoloi\Desktop\Python\Client\27.03.2026 - Affordability Price Increase Letters - 2 items Large print required duplex.docx
2026-05-07 14:48:24 - Modified file: C:\Users\tmoloi\Desktop\Python\Client\27.03.2026 - Cheshire Price increase letters - 1 item braille required duplex.docx
2026-05-07 14:48:24 - Modified file: C:\Users\tmoloi\Desktop\Python\Client\27.03.2026 - Cheshire Price increase letters - 19 items large print required simplex.docx
2026-05-07 14:48:26 - Modified file: C:\Users\tmoloi\Desktop\Python\Client\27.03.2026 - Manchester Price Increase Letters - 2 Large print required items duplex.docx
2026-05-07 14:48:27 - Modified file: C:\Users\tmoloi\Desktop\Python\Client\27.03.2026 - Cheshire Price Increase Letters - 138 items duplex.docx
2026-05-07 14:48:27 - Deleted file: C:\Users\tmoloi\Desktop\Python\Client\27.03.2026 - Affordability Price Increase Letters - 2 items Large print required duplex.docx
2026-05-07 14:48:27 - Deleted file: C:\Users\tmoloi\Desktop\Python\Client\27.03.2026 - Manchester Price Increase Letters - 2 Large print required items duplex.docx
2026-05-07 14:48:27 - Deleted file: C:\Users\tmoloi\Desktop\Python\Client\27.03.2026 - Cheshire Price increase letters - 1 item braille required duplex.docx
2026-05-07 14:48:27 - Deleted file: C:\Users\tmoloi\Desktop\Python\Client\27.03.2026 - Cheshire Price increase letters - 19 items large print required simplex.docx
2026-05-07 14:48:28 - Deleted file: C:\Users\tmoloi\Desktop\Python\Client\27.03.2026 - Cheshire Price Increase Letters - 138 items duplex.docx
2026-05-07 15:19:51 - Modified file: C:\Users\tmoloi\Desktop\Python\Client\27.03.2026 - Affordability Price Increase Letters - 2 items Large print required duplex.docx
2026-05-07 15:19:58 - Deleted file: C:\Users\tmoloi\Desktop\Python\Client\27.03.2026 - Affordability Price Increase Letters - 2 items Large print required duplex.docx
2026-05-28 10:21:34 - Modified file: C:\Users\tmoloi\Desktop\Python\Client\Test1.docx
2026-05-28 10:21:35 - Modified file: C:\Users\tmoloi\Desktop\Python\Client\Test1.docx
2026-05-28 10:21:36 - Deleted file: C:\Users\tmoloi\Desktop\Python\Client\Test1.docx
2026-05-28 10:22:29 - Modified file: C:\Users\tmoloi\Desktop\Python\Client\11-05-2026 - Customer Refusal Proactive Exchange - 192 items.docx
2026-05-28 10:22:29 - Modified file: C:\Users\tmoloi\Desktop\Python\Client\11-05-2026 - Customer Refusal Proactive Exchange - 192 items.docx
2026-05-28 10:22:29 - Modified file: C:\Users\tmoloi\Desktop\Python\Client\11-05-2026 - Customer Refusal Proactive Exchange - 192 items.docx
2026-05-28 10:22:31 - Deleted file: C:\Users\tmoloi\Desktop\Python\Client\11-05-2026 - Customer Refusal Proactive Exchange - 192 items.docx
2026-05-28 10:27:49 - Modified file: C:\Users\tmoloi\Desktop\Python\Client\11-05-2026 - Customer Refusal Proactive Exchange - 192 items.docx
2026-05-28 10:27:53 - Deleted file: C:\Users\tmoloi\Desktop\Python\Client\11-05-2026 - Customer Refusal Proactive Exchange - 192 items.docx
2026-05-28 10:36:57 - Modified file: C:\Users\tmoloi\Desktop\Python\Client\11-05-2026 - Customer Refusal Proactive Exchange - 192 items.docx
2026-05-28 10:37:01 - Deleted file: C:\Users\tmoloi\Desktop\Python\Client\11-05-2026 - Customer Refusal Proactive Exchange - 192 items.docx
2026-05-28 10:40:38 - Modified file: C:\Users\tmoloi\Desktop\Python\Client\12.03.2026 - Price increase Lancashre -  3 items braille duplex.docx
2026-05-28 10:40:38 - Modified file: C:\Users\tmoloi\Desktop\Python\Client\12.03.2026 - Price increase Lancashre -  3 items braille duplex.docx
2026-05-28 10:40:38 - Modified file: C:\Users\tmoloi\Desktop\Python\Client\12.03.2026 - Price increase Lancashre -  3 items braille duplex.docx
2026-05-28 10:40:38 - Modified file: C:\Users\tmoloi\Desktop\Python\Client\11.03.2026 - Household SW Letter - 1 item simplex.docx
2026-05-28 10:40:38 - Modified file: C:\Users\tmoloi\Desktop\Python\Client\11.03.2026 - Household SW Letter - 1 item simplex.docx
2026-05-28 10:40:38 - Modified file: C:\Users\tmoloi\Desktop\Python\Client\11.03.2026 - Household SW Letter - 1 item simplex.docx
2026-05-28 10:40:38 - Modified file: C:\Users\tmoloi\Desktop\Python\Client\12.03.2026 - Household SW Letter - 1 item simplex.docx
2026-05-28 10:40:38 - Modified file: C:\Users\tmoloi\Desktop\Python\Client\12.03.2026 - Household SW Letter - 1 item simplex.docx
2026-05-28 10:40:38 - Modified file: C:\Users\tmoloi\Desktop\Python\Client\12.03.2026 - Household SW Letter - 1 item simplex.docx
2026-05-28 10:40:38 - Modified file: C:\Users\tmoloi\Desktop\Python\Client\12.03.2026 - Price increase affodability - 246 items duplex.docx
2026-05-28 10:40:38 - Modified file: C:\Users\tmoloi\Desktop\Python\Client\12.03.2026 - Price increase affodability - 246 items duplex.docx
2026-05-28 10:40:38 - Modified file: C:\Users\tmoloi\Desktop\Python\Client\12.03.2026 - Price increase affodability - 246 items duplex.docx
2026-05-28 10:40:38 - Modified file: C:\Users\tmoloi\Desktop\Python\Client\12.03.2026 - Price increase Cheshire - 11 items Large print duplex.docx
2026-05-28 10:40:38 - Modified file: C:\Users\tmoloi\Desktop\Python\Client\12.03.2026 - Price increase Cheshire - 11 items Large print duplex.docx
2026-05-28 10:40:38 - Modified file: C:\Users\tmoloi\Desktop\Python\Client\12.03.2026 - Price increase Cheshire - 11 items Large print duplex.docx
2026-05-28 10:40:38 - Modified file: C:\Users\tmoloi\Desktop\Python\Client\12.03.2026 - Price increase Cumbria - 2 items duplex.docx
2026-05-28 10:40:38 - Modified file: C:\Users\tmoloi\Desktop\Python\Client\12.03.2026 - Price increase Cumbria - 2 items duplex.docx
2026-05-28 10:40:38 - Modified file: C:\Users\tmoloi\Desktop\Python\Client\12.03.2026 - Price increase Cumbria - 2 items duplex.docx
2026-05-28 10:40:42 - Deleted file: C:\Users\tmoloi\Desktop\Python\Client\12.03.2026 - Price increase Lancashre -  3 items braille duplex.docx
2026-05-28 10:40:42 - Deleted file: C:\Users\tmoloi\Desktop\Python\Client\11.03.2026 - Household SW Letter - 1 item simplex.docx
2026-05-28 10:40:42 - Deleted file: C:\Users\tmoloi\Desktop\Python\Client\12.03.2026 - Household SW Letter - 1 item simplex.docx
2026-05-28 10:40:42 - Deleted file: C:\Users\tmoloi\Desktop\Python\Client\12.03.2026 - Price increase Cheshire - 11 items Large print duplex.docx
2026-05-28 10:40:42 - Deleted file: C:\Users\tmoloi\Desktop\Python\Client\12.03.2026 - Price increase Cumbria - 2 items duplex.docx
2026-05-28 10:40:42 - Deleted file: C:\Users\tmoloi\Desktop\Python\Client\12.03.2026 - Price increase affodability - 246 items duplex.docx
2026-05-28 10:46:22 - Modified file: C:\Users\tmoloi\Desktop\Python\Client\12.03.2026 - Price increase Manchester 1 - 1000 items duplex.docx
2026-05-28 10:46:22 - Modified file: C:\Users\tmoloi\Desktop\Python\Client\12.03.2026 - Price increase Manchester 1 - 1000 items duplex.docx
2026-05-28 10:46:22 - Modified file: C:\Users\tmoloi\Desktop\Python\Client\12.03.2026 - Price increase Manchester 1 - 1000 items duplex.docx
2026-05-28 10:46:29 - Deleted file: C:\Users\tmoloi\Desktop\Python\Client\12.03.2026 - Price increase Manchester 1 - 1000 items duplex.docx
2026-05-28 10:53:49 - Modified file: C:\Users\tmoloi\Desktop\Python\Client\12.03.2026 - Price increase Manchester 1 - 1000 items duplex.docx
2026-05-28 10:53:56 - Deleted file: C:\Users\tmoloi\Desktop\Python\Client\12.03.2026 - Price increase Manchester 1 - 1000 items duplex.docx
2026-05-28 10:55:13 - Modified file: C:\Users\tmoloi\Desktop\Python\Client\12.03.2026 - Price increase Manchester 1 - 1000 items duplex.docx
2026-05-28 10:55:17 - Deleted file: C:\Users\tmoloi\Desktop\Python\Client\12.03.2026 - Price increase Manchester 1 - 1000 items duplex.docx
2026-05-28 11:08:40 - Modified file: C:\Users\tmoloi\Desktop\Python\Client\12.03.2026 - Price increase Manchester 1 - 1000 items duplex.docx
2026-05-28 11:08:45 - Deleted file: C:\Users\tmoloi\Desktop\Python\Client\12.03.2026 - Price increase Manchester 1 - 1000 items duplex.docx
2026-05-28 11:30:37 - Modified file: C:\Users\tmoloi\Desktop\Python\Client\12.03.2026 - Price increase Manchester 1 - 1000 items duplex.docx
2026-05-28 11:30:41 - Deleted file: C:\Users\tmoloi\Desktop\Python\Client\12.03.2026 - Price increase Manchester 1 - 1000 items duplex.docx
2026-05-28 11:35:11 - Deleted file: C:\Users\tmoloi\Desktop\Python\Client\12.03.2026 - Price increase Lancashre -  3 items braille duplex.docx
2026-05-28 13:31:44 - Modified file: C:\Users\tmoloi\Desktop\Python\Client\12.03.2026 - Price increase Cheshire - 11 items Large print duplex.docx
2026-05-28 13:31:45 - Deleted file: C:\Users\tmoloi\Desktop\Python\Client\12.03.2026 - Price increase Cheshire - 11 items Large print duplex.docx
2026-05-28 13:37:36 - Modified file: C:\Users\tmoloi\Desktop\Python\Client\12.03.2026 - Price increase Cheshire - 11 items Large print duplex.docx
2026-05-28 13:37:43 - Deleted file: C:\Users\tmoloi\Desktop\Python\Client\12.03.2026 - Price increase Cheshire - 11 items Large print duplex.docx
2026-05-28 13:45:55 - Modified file: C:\Users\tmoloi\Desktop\Python\Client\12.03.2026 - Price increase Cheshire - 11 items Large print duplex.docx
2026-05-28 13:46:04 - Deleted file: C:\Users\tmoloi\Desktop\Python\Client\12.03.2026 - Price increase Cheshire - 11 items Large print duplex.docx
2026-05-28 14:55:21 - Modified file: C:\Users\tmoloi\Desktop\Python\Client\11-05-2026 - Customer Refusal Proactive Exchange - 192 items.docx
2026-05-28 14:55:21 - Modified file: C:\Users\tmoloi\Desktop\Python\Client\11.03.2026 - Household SW Letter - 1 item simplex.docx
2026-05-28 14:55:21 - Modified file: C:\Users\tmoloi\Desktop\Python\Client\12.03.2026 - Price increase Cumbria - 2 items duplex.docx
2026-05-28 14:55:21 - Modified file: C:\Users\tmoloi\Desktop\Python\Client\12.03.2026 - Price increase Manchester 1 - 1000 items duplex.docx
2026-05-28 14:55:22 - Modified file: C:\Users\tmoloi\Desktop\Python\Client\12.03.2026 - Price increase Cheshire - 11 items Large print duplex.docx
2026-05-28 14:55:25 - Deleted file: C:\Users\tmoloi\Desktop\Python\Client\11-05-2026 - Customer Refusal Proactive Exchange - 192 items.docx
2026-05-28 14:55:25 - Deleted file: C:\Users\tmoloi\Desktop\Python\Client\11.03.2026 - Household SW Letter - 1 item simplex.docx
2026-05-28 14:55:25 - Deleted file: C:\Users\tmoloi\Desktop\Python\Client\12.03.2026 - Price increase Cheshire - 11 items Large print duplex.docx
2026-05-28 14:55:25 - Deleted file: C:\Users\tmoloi\Desktop\Python\Client\12.03.2026 - Price increase Cumbria - 2 items duplex.docx
2026-05-28 14:55:26 - Deleted file: C:\Users\tmoloi\Desktop\Python\Client\12.03.2026 - Price increase Lancashre -  3 items braille duplex.docx
2026-05-28 14:55:26 - Deleted file: C:\Users\tmoloi\Desktop\Python\Client\12.03.2026 - Price increase Manchester 1 - 1000 items duplex.docx
2026-05-28 14:55:26 - Deleted file: C:\Users\tmoloi\Desktop\Python\Client\12.03.2026 - Household SW Letter - 1 item simplex.docx
2026-05-28 14:55:26 - Deleted file: C:\Users\tmoloi\Desktop\Python\Client\12.03.2026 - Price increase affodability - 246 items duplex.docx
2026-05-28 16:38:43 - Modified file: C:\Users\tmoloi\Desktop\Python\Client\Test4.docx
2026-05-28 16:38:44 - Modified file: C:\Users\tmoloi\Desktop\Python\Client\Test4.docx
2026-05-28 16:38:46 - Deleted file: C:\Users\tmoloi\Desktop\Python\Client\Test4.docx
2026-05-28 16:39:03 - Modified file: C:\Users\tmoloi\Desktop\Python\Client\12.03.2026 - Price increase Cheshire - 11 items Large print duplex.docx
2026-05-28 16:39:03 - Modified file: C:\Users\tmoloi\Desktop\Python\Client\12.03.2026 - Price increase Cheshire - 11 items Large print duplex.docx
2026-05-28 16:39:09 - Deleted file: C:\Users\tmoloi\Desktop\Python\Client\12.03.2026 - Price increase Cheshire - 11 items Large print duplex.docx
2026-05-28 16:43:43 - Modified file: C:\Users\tmoloi\Desktop\Python\Client\12.03.2026 - Price increase Manchester 1 - 1000 items duplex.docx
2026-05-28 16:43:45 - Modified file: C:\Users\tmoloi\Desktop\Python\Client\12.03.2026 - Price increase Manchester 1 - 1000 items duplex.docx
2026-05-28 16:43:49 - Deleted file: C:\Users\tmoloi\Desktop\Python\Client\12.03.2026 - Price increase Manchester 1 - 1000 items duplex.docx
2026-06-03 09:18:35 - Deleted file: C:\Users\tmoloi\Desktop\Python\Client\12.03.2026 - Price increase Cheshire - 11 items Large print duplex.docx
2026-06-03 10:53:15 - Modified file: C:\Users\tmoloi\Desktop\Python\Client\12.03.2026 - Price increase affodability - 246 items duplex.docx
2026-06-03 10:53:17 - Modified file: C:\Users\tmoloi\Desktop\Python\Client\12.03.2026 - Price increase affodability - 246 items duplex.docx
2026-06-03 10:53:18 - Deleted file: C:\Users\tmoloi\Desktop\Python\Client\12.03.2026 - Price increase affodability - 246 items duplex.docx
2026-06-03 10:53:37 - Modified file: C:\Users\tmoloi\Desktop\Python\Client\12.03.2026 - Price increase affodability - 246 items duplex.docx
2026-06-03 10:53:39 - Deleted file: C:\Users\tmoloi\Desktop\Python\Client\12.03.2026 - Price increase affodability - 246 items duplex.docx
2026-06-03 10:54:03 - Modified file: C:\Users\tmoloi\Desktop\Python\Client\12.03.2026 - Price increase Cheshire - 11 items Large print duplex.docx
2026-06-03 10:54:04 - Modified file: C:\Users\tmoloi\Desktop\Python\Client\12.03.2026 - Price increase Cheshire - 11 items Large print duplex.docx
2026-06-03 10:54:09 - Deleted file: C:\Users\tmoloi\Desktop\Python\Client\12.03.2026 - Price increase Cheshire - 11 items Large print duplex.docx
2026-06-03 10:55:15 - Modified file: C:\Users\tmoloi\Desktop\Python\Client\12.03.2026 - Price increase affodability - 246 items duplex.docx
2026-06-03 10:55:19 - Deleted file: C:\Users\tmoloi\Desktop\Python\Client\12.03.2026 - Price increase affodability - 246 items duplex.docx
2026-06-03 10:56:25 - Modified file: C:\Users\tmoloi\Desktop\Python\Client\12.03.2026 - Price increase affodability - 246 items duplex.docx
2026-06-03 10:56:28 - Deleted file: C:\Users\tmoloi\Desktop\Python\Client\12.03.2026 - Price increase affodability - 246 items duplex.docx
2026-06-03 10:58:04 - Modified file: C:\Users\tmoloi\Desktop\Python\Client\12.03.2026 - Price increase affodability - 246 items duplex.docx
2026-06-03 10:58:06 - Deleted file: C:\Users\tmoloi\Desktop\Python\Client\12.03.2026 - Price increase affodability - 246 items duplex.docx
2026-06-03 11:02:23 - Modified file: C:\Users\tmoloi\Desktop\Python\Client\12.03.2026 - Price increase affodability - 246 items duplex.docx
2026-06-03 11:02:25 - Deleted file: C:\Users\tmoloi\Desktop\Python\Client\12.03.2026 - Price increase affodability - 246 items duplex.docx
2026-06-03 11:05:44 - Modified file: C:\Users\tmoloi\Desktop\Python\Client\12.03.2026 - Price increase affodability - 246 items duplex.docx
2026-06-03 11:05:49 - Deleted file: C:\Users\tmoloi\Desktop\Python\Client\12.03.2026 - Price increase affodability - 246 items duplex.docx
2026-06-03 11:07:26 - Modified file: C:\Users\tmoloi\Desktop\Python\Client\12.03.2026 - Price increase Manchester 1 - 1000 items duplex.docx
2026-06-03 11:07:29 - Deleted file: C:\Users\tmoloi\Desktop\Python\Client\12.03.2026 - Price increase Manchester 1 - 1000 items duplex.docx
2026-06-03 11:15:20 - Modified file: C:\Users\tmoloi\Desktop\Python\Client\12.03.2026 - Price increase Cumbria - 2 items duplex.docx
2026-06-03 11:15:22 - Deleted file: C:\Users\tmoloi\Desktop\Python\Client\12.03.2026 - Price increase Cumbria - 2 items duplex.docx
2026-06-03 11:17:10 - Modified file: C:\Users\tmoloi\Desktop\Python\Client\11.03.2026 - Household SW Letter - 1 item simplex.docx
2026-06-03 11:17:16 - Deleted file: C:\Users\tmoloi\Desktop\Python\Client\11.03.2026 - Household SW Letter - 1 item simplex.docx
2026-06-03 11:28:29 - Modified file: C:\Users\tmoloi\Desktop\Python\Client\12.03.2026 - Price increase Lancashre -  3 items braille duplex.docx
2026-06-03 11:28:31 - Deleted file: C:\Users\tmoloi\Desktop\Python\Client\12.03.2026 - Price increase Lancashre -  3 items braille duplex.docx
2026-06-03 11:29:31 - Modified file: C:\Users\tmoloi\Desktop\Python\Client\12.03.2026 - Household SW Letter - 1 item simplex - Copy.docx
2026-06-03 11:29:35 - Deleted file: C:\Users\tmoloi\Desktop\Python\Client\12.03.2026 - Household SW Letter - 1 item simplex - Copy.docx
2026-06-03 11:38:19 - Modified file: C:\Users\tmoloi\Desktop\Python\Client\12.03.2026 - Price increase Cheshire - 11 items Large print duplex - Copy.docx
2026-06-03 11:38:26 - Deleted file: C:\Users\tmoloi\Desktop\Python\Client\12.03.2026 - Price increase Cheshire - 11 items Large print duplex - Copy.docx
2026-06-03 11:39:47 - Modified file: C:\Users\tmoloi\Desktop\Python\Client\12.03.2026 - Price increase Cheshire - 11 items Large print duplex - Copy.docx
2026-06-03 11:39:49 - Deleted file: C:\Users\tmoloi\Desktop\Python\Client\12.03.2026 - Price increase Cheshire - 11 items Large print duplex - Copy.docx
2026-06-03 11:43:22 - Modified file: C:\Users\tmoloi\Desktop\Python\Client\12.03.2026 - Price increase Cheshire - 11 items Large print duplex - Copy.docx
2026-06-03 11:43:24 - Deleted file: C:\Users\tmoloi\Desktop\Python\Client\12.03.2026 - Price increase Cheshire - 11 items Large print duplex - Copy.docx
2026-06-03 11:52:22 - Modified file: C:\Users\tmoloi\Desktop\Python\Client\12.03.2026 - Price increase Cheshire - 11 items Large print duplex - Copy.docx
2026-06-03 11:52:25 - Deleted file: C:\Users\tmoloi\Desktop\Python\Client\12.03.2026 - Price increase Cheshire - 11 items Large print duplex - Copy.docx
2026-06-03 11:55:22 - Modified file: C:\Users\tmoloi\Desktop\Python\Client\12.03.2026 - Price increase Cheshire - 11 items Large print duplex - Copy.docx
2026-06-03 11:55:26 - Deleted file: C:\Users\tmoloi\Desktop\Python\Client\12.03.2026 - Price increase Cheshire - 11 items Large print duplex - Copy.docx
2026-06-03 11:57:39 - Modified file: C:\Users\tmoloi\Desktop\Python\Client\12.03.2026 - Price increase Cheshire - 11 items Large print duplex - Copy.docx
2026-06-03 11:57:43 - Deleted file: C:\Users\tmoloi\Desktop\Python\Client\12.03.2026 - Price increase Cheshire - 11 items Large print duplex - Copy.docx
2026-06-03 12:02:11 - Modified file: C:\Users\tmoloi\Desktop\Python\Client\11.03.2026 - Household SW Letter - 1 item simplex.docx
2026-06-03 12:02:11 - Modified file: C:\Users\tmoloi\Desktop\Python\Client\12.03.2026 - Price increase Cheshire - 11 items Large print duplex.docx
2026-06-03 12:02:11 - Modified file: C:\Users\tmoloi\Desktop\Python\Client\12.03.2026 - Price increase Cumbria - 2 items duplex.docx
2026-06-03 12:02:11 - Modified file: C:\Users\tmoloi\Desktop\Python\Client\12.03.2026 - Price increase Lancashre -  3 items braille duplex.docx
2026-06-03 12:02:11 - Modified file: C:\Users\tmoloi\Desktop\Python\Client\12.03.2026 - Price increase Manchester 1 - 1000 items duplex.docx
2026-06-03 12:02:11 - Modified file: C:\Users\tmoloi\Desktop\Python\Client\12.03.2026 - Price increase affodability - 246 items duplex.docx
2026-06-03 12:02:11 - Modified file: C:\Users\tmoloi\Desktop\Python\Client\12.03.2026 - Household SW Letter - 1 item simplex - Copy.docx
2026-06-03 12:02:11 - Modified file: C:\Users\tmoloi\Desktop\Python\Client\12.03.2026 - Price increase Cheshire - 11 items Large print duplex - Incorrect formating.docx
2026-06-03 12:02:14 - Deleted file: C:\Users\tmoloi\Desktop\Python\Client\Test3.docx
2026-06-03 12:02:14 - Deleted file: C:\Users\tmoloi\Desktop\Python\Client\11.03.2026 - Household SW Letter - 1 item simplex.docx
2026-06-03 12:02:14 - Deleted file: C:\Users\tmoloi\Desktop\Python\Client\12.03.2026 - Price increase Cheshire - 11 items Large print duplex.docx
2026-06-03 12:02:14 - Deleted file: C:\Users\tmoloi\Desktop\Python\Client\12.03.2026 - Price increase Cumbria - 2 items duplex.docx
2026-06-03 12:02:14 - Deleted file: C:\Users\tmoloi\Desktop\Python\Client\12.03.2026 - Price increase Lancashre -  3 items braille duplex.docx
2026-06-03 12:02:14 - Deleted file: C:\Users\tmoloi\Desktop\Python\Client\12.03.2026 - Household SW Letter - 1 item simplex.docx
2026-06-03 12:02:14 - Deleted file: C:\Users\tmoloi\Desktop\Python\Client\12.03.2026 - Price increase affodability - 246 items duplex.docx
2026-06-03 12:02:14 - Deleted file: C:\Users\tmoloi\Desktop\Python\Client\12.03.2026 - Price increase Manchester 1 - 1000 items duplex.docx
2026-06-03 12:02:14 - Deleted file: C:\Users\tmoloi\Desktop\Python\Client\11-05-2026 - Customer Refusal Proactive Exchange - 192 items.docx
2026-06-03 12:02:14 - Deleted file: C:\Users\tmoloi\Desktop\Python\Client\12.03.2026 - Household SW Letter - 1 item simplex - Copy.docx
2026-06-03 12:02:14 - Deleted file: C:\Users\tmoloi\Desktop\Python\Client\12.03.2026 - Price increase Cheshire - 11 items Large print duplex - Incorrect formating.docx
2026-06-03 12:07:05 - Modified file: C:\Users\tmoloi\Desktop\Python\Client\12.03.2026 - Price increase Cheshire - 11 items Large print duplex - Incorrect formating.docx
2026-06-03 12:07:05 - Modified file: C:\Users\tmoloi\Desktop\Python\Client\Test3.docx
2026-06-03 12:07:05 - Modified file: C:\Users\tmoloi\Desktop\Python\Client\11.03.2026 - Household SW Letter - 1 item simplex.docx
2026-06-03 12:07:05 - Modified file: C:\Users\tmoloi\Desktop\Python\Client\12.03.2026 - Price increase Cheshire - 11 items Large print duplex.docx
2026-06-03 12:07:05 - Modified file: C:\Users\tmoloi\Desktop\Python\Client\12.03.2026 - Price increase Cumbria - 2 items duplex.docx
2026-06-03 12:07:05 - Modified file: C:\Users\tmoloi\Desktop\Python\Client\12.03.2026 - Price increase Lancashre -  3 items braille duplex.docx
2026-06-03 12:07:05 - Modified file: C:\Users\tmoloi\Desktop\Python\Client\12.03.2026 - Price increase Manchester 1 - 1000 items duplex.docx
2026-06-03 12:07:05 - Modified file: C:\Users\tmoloi\Desktop\Python\Client\12.03.2026 - Household SW Letter - 1 item simplex.docx
2026-06-03 12:07:05 - Modified file: C:\Users\tmoloi\Desktop\Python\Client\12.03.2026 - Price increase affodability - 246 items duplex.docx
2026-06-03 12:07:05 - Modified file: C:\Users\tmoloi\Desktop\Python\Client\11-05-2026 - Customer Refusal Proactive Exchange - 192 items.docx
2026-06-03 12:07:05 - Modified file: C:\Users\tmoloi\Desktop\Python\Client\12.03.2026 - Household SW Letter - 1 item simplex - Copy.docx
2026-06-03 12:07:15 - Deleted file: C:\Users\tmoloi\Desktop\Python\Client\12.03.2026 - Price increase Cheshire - 11 items Large print duplex - Incorrect formating.docx
2026-06-03 12:07:15 - Deleted file: C:\Users\tmoloi\Desktop\Python\Client\Test3.docx
2026-06-03 12:07:15 - Deleted file: C:\Users\tmoloi\Desktop\Python\Client\11.03.2026 - Household SW Letter - 1 item simplex.docx
2026-06-03 12:07:15 - Deleted file: C:\Users\tmoloi\Desktop\Python\Client\12.03.2026 - Price increase Cheshire - 11 items Large print duplex.docx
2026-06-03 12:07:16 - Deleted file: C:\Users\tmoloi\Desktop\Python\Client\12.03.2026 - Price increase Cumbria - 2 items duplex.docx
2026-06-03 12:07:16 - Deleted file: C:\Users\tmoloi\Desktop\Python\Client\12.03.2026 - Price increase Lancashre -  3 items braille duplex.docx
2026-06-03 12:07:16 - Deleted file: C:\Users\tmoloi\Desktop\Python\Client\12.03.2026 - Price increase Manchester 1 - 1000 items duplex.docx
2026-06-03 12:07:16 - Deleted file: C:\Users\tmoloi\Desktop\Python\Client\12.03.2026 - Household SW Letter - 1 item simplex.docx
2026-06-03 12:07:16 - Deleted file: C:\Users\tmoloi\Desktop\Python\Client\12.03.2026 - Price increase affodability - 246 items duplex.docx
2026-06-03 12:07:16 - Deleted file: C:\Users\tmoloi\Desktop\Python\Client\11-05-2026 - Customer Refusal Proactive Exchange - 192 items.docx
2026-06-03 12:07:16 - Deleted file: C:\Users\tmoloi\Desktop\Python\Client\12.03.2026 - Household SW Letter - 1 item simplex - Copy.docx
2026-06-03 12:29:02 - Modified file: C:\Users\tmoloi\Desktop\Python\Client\Test4.docx
2026-06-03 12:29:02 - Modified file: C:\Users\tmoloi\Desktop\Python\Client\Test3.docx
2026-06-03 12:29:08 - Deleted file: C:\Users\tmoloi\Desktop\Python\Client\Test4.docx
2026-06-03 12:29:08 - Deleted file: C:\Users\tmoloi\Desktop\Python\Client\Test3.docx
2026-06-03 12:29:45 - Modified file: C:\Users\tmoloi\Desktop\Python\Client\Test4.docx
2026-06-03 12:29:45 - Modified file: C:\Users\tmoloi\Desktop\Python\Client\Test3.docx
2026-06-03 12:29:47 - Deleted file: C:\Users\tmoloi\Desktop\Python\Client\Test4.docx
2026-06-03 12:29:47 - Deleted file: C:\Users\tmoloi\Desktop\Python\Client\Test3.docx
2026-06-03 12:31:14 - Modified file: C:\Users\tmoloi\Desktop\Python\Client\Test4.docx
2026-06-03 12:31:14 - Modified file: C:\Users\tmoloi\Desktop\Python\Client\Test3.docx
2026-06-03 12:31:18 - Deleted file: C:\Users\tmoloi\Desktop\Python\Client\Test4.docx
2026-06-03 12:31:18 - Deleted file: C:\Users\tmoloi\Desktop\Python\Client\Test3.docx
2026-06-03 12:45:12 - Modified file: C:\Users\tmoloi\Desktop\Python\Client\PS Welcome Letter Large Print (13) 29052026.docx
2026-06-03 12:45:16 - Deleted file: C:\Users\tmoloi\Desktop\Python\Client\PS Welcome Letter Large Print (13) 29052026.docx
2026-06-03 12:46:56 - Modified file: C:\Users\tmoloi\Desktop\Python\Client\PS Welcome Letter Large Print (13) 29052026.docx
2026-06-03 12:47:01 - Deleted file: C:\Users\tmoloi\Desktop\Python\Client\PS Welcome Letter Large Print (13) 29052026.docx
2026-06-03 12:52:18 - Modified file: C:\Users\tmoloi\Desktop\Python\Client\PS Welcome Letter Large Print (13) 29052026.docx
2026-06-03 12:52:24 - Deleted file: C:\Users\tmoloi\Desktop\Python\Client\PS Welcome Letter Large Print (13) 29052026.docx
2026-06-03 14:19:44 - Modified file: C:\Users\tmoloi\Desktop\Python\Client\12.03.2026 - Price increase Cheshire - 11 items Large print duplex - Incorrect formating.docx
2026-06-03 14:19:44 - Modified file: C:\Users\tmoloi\Desktop\Python\Client\Test1.docx
2026-06-03 14:19:44 - Modified file: C:\Users\tmoloi\Desktop\Python\Client\11.03.2026 - Household SW Letter - 1 item simplex.docx
2026-06-03 14:19:44 - Modified file: C:\Users\tmoloi\Desktop\Python\Client\12.03.2026 - Price increase Cheshire - 11 items Large print duplex.docx
2026-06-03 14:19:44 - Modified file: C:\Users\tmoloi\Desktop\Python\Client\12.03.2026 - Price increase Cumbria - 2 items duplex.docx
2026-06-03 14:19:44 - Modified file: C:\Users\tmoloi\Desktop\Python\Client\12.03.2026 - Price increase Lancashre -  3 items braille duplex.docx
2026-06-03 14:19:44 - Modified file: C:\Users\tmoloi\Desktop\Python\Client\12.03.2026 - Price increase Manchester 1 - 1000 items duplex.docx
2026-06-03 14:19:44 - Modified file: C:\Users\tmoloi\Desktop\Python\Client\12.03.2026 - Household SW Letter - 1 item simplex.docx
2026-06-03 14:19:44 - Modified file: C:\Users\tmoloi\Desktop\Python\Client\12.03.2026 - Price increase affodability - 246 items duplex.docx
2026-06-03 14:19:44 - Modified file: C:\Users\tmoloi\Desktop\Python\Client\11-05-2026 - Customer Refusal Proactive Exchange - 192 items.docx
2026-06-03 14:19:44 - Modified file: C:\Users\tmoloi\Desktop\Python\Client\Test1.docx
2026-06-03 14:19:45 - Modified file: C:\Users\tmoloi\Desktop\Python\Client\12.03.2026 - Price increase Cheshire - 11 items Large print duplex.docx
2026-06-03 14:19:46 - Modified file: C:\Users\tmoloi\Desktop\Python\Client\11.03.2026 - Household SW Letter - 1 item simplex.docx
2026-06-03 14:19:48 - Modified file: C:\Users\tmoloi\Desktop\Python\Client\12.03.2026 - Price increase Cheshire - 11 items Large print duplex - Incorrect formating.docx
2026-06-03 14:19:50 - Modified file: C:\Users\tmoloi\Desktop\Python\Client\11-05-2026 - Customer Refusal Proactive Exchange - 192 items.docx
2026-06-03 14:19:53 - Modified file: C:\Users\tmoloi\Desktop\Python\Client\12.03.2026 - Price increase affodability - 246 items duplex.docx
2026-06-03 14:19:53 - Deleted file: C:\Users\tmoloi\Desktop\Python\Client\12.03.2026 - Price increase Cheshire - 11 items Large print duplex - Incorrect formating.docx
2026-06-03 14:19:53 - Deleted file: C:\Users\tmoloi\Desktop\Python\Client\Test4.docx
2026-06-03 14:19:54 - Deleted file: C:\Users\tmoloi\Desktop\Python\Client\Test1.docx
2026-06-03 14:19:54 - Deleted file: C:\Users\tmoloi\Desktop\Python\Client\Test3.docx
2026-06-03 14:19:54 - Deleted file: C:\Users\tmoloi\Desktop\Python\Client\11.03.2026 - Household SW Letter - 1 item simplex.docx
2026-06-03 14:19:54 - Deleted file: C:\Users\tmoloi\Desktop\Python\Client\12.03.2026 - Price increase Cheshire - 11 items Large print duplex.docx
2026-06-03 14:19:54 - Deleted file: C:\Users\tmoloi\Desktop\Python\Client\12.03.2026 - Price increase Cumbria - 2 items duplex.docx
2026-06-03 14:19:54 - Deleted file: C:\Users\tmoloi\Desktop\Python\Client\12.03.2026 - Price increase Lancashre -  3 items braille duplex.docx
2026-06-03 14:19:54 - Deleted file: C:\Users\tmoloi\Desktop\Python\Client\12.03.2026 - Price increase Manchester 1 - 1000 items duplex.docx
2026-06-03 14:19:54 - Deleted file: C:\Users\tmoloi\Desktop\Python\Client\12.03.2026 - Household SW Letter - 1 item simplex.docx
2026-06-03 14:19:54 - Deleted file: C:\Users\tmoloi\Desktop\Python\Client\12.03.2026 - Price increase affodability - 246 items duplex.docx
2026-06-03 14:19:54 - Deleted file: C:\Users\tmoloi\Desktop\Python\Client\11-05-2026 - Customer Refusal Proactive Exchange - 192 items.docx
2026-06-03 14:19:54 - Deleted file: C:\Users\tmoloi\Desktop\Python\Client\PS Welcome Letter Large Print (13) 29052026.docx
2026-06-03 14:28:52 - Modified file: C:\Users\tmoloi\Desktop\Python\Client\12.03.2026 - Price increase Cheshire - 11 items Large print duplex - Incorrect formating.docx
2026-06-03 14:28:52 - Modified file: C:\Users\tmoloi\Desktop\Python\Client\Test4.docx
2026-06-03 14:28:52 - Modified file: C:\Users\tmoloi\Desktop\Python\Client\Test1.docx
2026-06-03 14:28:52 - Modified file: C:\Users\tmoloi\Desktop\Python\Client\Test3.docx
2026-06-03 14:28:52 - Modified file: C:\Users\tmoloi\Desktop\Python\Client\11.03.2026 - Household SW Letter - 1 item simplex.docx
2026-06-03 14:28:52 - Modified file: C:\Users\tmoloi\Desktop\Python\Client\12.03.2026 - Price increase Cheshire - 11 items Large print duplex.docx
2026-06-03 14:28:52 - Modified file: C:\Users\tmoloi\Desktop\Python\Client\12.03.2026 - Price increase Cumbria - 2 items duplex.docx
2026-06-03 14:28:52 - Modified file: C:\Users\tmoloi\Desktop\Python\Client\12.03.2026 - Price increase Lancashre -  3 items braille duplex.docx
2026-06-03 14:28:52 - Modified file: C:\Users\tmoloi\Desktop\Python\Client\12.03.2026 - Price increase Manchester 1 - 1000 items duplex.docx
2026-06-03 14:28:52 - Modified file: C:\Users\tmoloi\Desktop\Python\Client\12.03.2026 - Household SW Letter - 1 item simplex.docx
2026-06-03 14:28:52 - Modified file: C:\Users\tmoloi\Desktop\Python\Client\11-05-2026 - Customer Refusal Proactive Exchange - 192 items.docx
2026-06-03 14:28:52 - Modified file: C:\Users\tmoloi\Desktop\Python\Client\PS Welcome Letter Large Print (13) 29052026.docx
2026-06-03 14:28:56 - Deleted file: C:\Users\tmoloi\Desktop\Python\Client\12.03.2026 - Price increase Cheshire - 11 items Large print duplex - Incorrect formating.docx
2026-06-03 14:28:56 - Deleted file: C:\Users\tmoloi\Desktop\Python\Client\Test4.docx
2026-06-03 14:28:56 - Deleted file: C:\Users\tmoloi\Desktop\Python\Client\Test1.docx
2026-06-03 14:28:56 - Deleted file: C:\Users\tmoloi\Desktop\Python\Client\Test3.docx
2026-06-03 14:28:56 - Deleted file: C:\Users\tmoloi\Desktop\Python\Client\11.03.2026 - Household SW Letter - 1 item simplex.docx
2026-06-03 14:28:56 - Deleted file: C:\Users\tmoloi\Desktop\Python\Client\12.03.2026 - Price increase Cheshire - 11 items Large print duplex.docx
2026-06-03 14:28:56 - Deleted file: C:\Users\tmoloi\Desktop\Python\Client\12.03.2026 - Price increase Cumbria - 2 items duplex.docx
2026-06-03 14:28:56 - Deleted file: C:\Users\tmoloi\Desktop\Python\Client\12.03.2026 - Price increase Lancashre -  3 items braille duplex.docx
2026-06-03 14:28:56 - Deleted file: C:\Users\tmoloi\Desktop\Python\Client\12.03.2026 - Price increase Manchester 1 - 1000 items duplex.docx
2026-06-03 14:28:56 - Deleted file: C:\Users\tmoloi\Desktop\Python\Client\12.03.2026 - Household SW Letter - 1 item simplex.docx
2026-06-03 14:28:56 - Deleted file: C:\Users\tmoloi\Desktop\Python\Client\12.03.2026 - Price increase affodability - 246 items duplex.docx
2026-06-03 14:28:56 - Deleted file: C:\Users\tmoloi\Desktop\Python\Client\11-05-2026 - Customer Refusal Proactive Exchange - 192 items.docx
2026-06-03 14:28:56 - Deleted file: C:\Users\tmoloi\Desktop\Python\Client\PS Welcome Letter Large Print (13) 29052026.docx
2026-06-03 15:47:02 - Modified file: C:\Users\tmoloi\Desktop\Python\Client\12.03.2026 - Price increase Manchester 1 - 1000 items duplex.docx
2026-06-03 15:47:02 - Modified file: C:\Users\tmoloi\Desktop\Python\Client\12.03.2026 - Price increase affodability - 246 items duplex.docx
2026-06-03 15:47:05 - Deleted file: C:\Users\tmoloi\Desktop\Python\Client\12.03.2026 - Price increase Cheshire - 11 items Large print duplex - Incorrect formating.docx
2026-06-03 15:47:05 - Deleted file: C:\Users\tmoloi\Desktop\Python\Client\Test4.docx
2026-06-03 15:47:05 - Deleted file: C:\Users\tmoloi\Desktop\Python\Client\Test1.docx
2026-06-03 15:47:05 - Deleted file: C:\Users\tmoloi\Desktop\Python\Client\Test3.docx
2026-06-03 15:47:05 - Deleted file: C:\Users\tmoloi\Desktop\Python\Client\12.03.2026 - Price increase Cheshire - 11 items Large print duplex.docx
2026-06-03 15:47:05 - Deleted file: C:\Users\tmoloi\Desktop\Python\Client\11.03.2026 - Household SW Letter - 1 item simplex.docx
2026-06-03 15:47:05 - Deleted file: C:\Users\tmoloi\Desktop\Python\Client\12.03.2026 - Price increase Cumbria - 2 items duplex.docx
2026-06-03 15:47:05 - Deleted file: C:\Users\tmoloi\Desktop\Python\Client\12.03.2026 - Price increase Lancashre -  3 items braille duplex.docx
2026-06-03 15:47:06 - Deleted file: C:\Users\tmoloi\Desktop\Python\Client\12.03.2026 - Price increase Manchester 1 - 1000 items duplex.docx
2026-06-03 15:47:06 - Deleted file: C:\Users\tmoloi\Desktop\Python\Client\12.03.2026 - Household SW Letter - 1 item simplex.docx
2026-06-03 15:47:06 - Deleted file: C:\Users\tmoloi\Desktop\Python\Client\12.03.2026 - Price increase affodability - 246 items duplex.docx
2026-06-03 15:47:06 - Deleted file: C:\Users\tmoloi\Desktop\Python\Client\11-05-2026 - Customer Refusal Proactive Exchange - 192 items.docx
2026-06-03 15:47:06 - Deleted file: C:\Users\tmoloi\Desktop\Python\Client\PS Welcome Letter Large Print (13) 29052026.docx
2026-06-03 16:03:31 - Modified file: C:\Users\tmoloi\Desktop\Python\Client\12.03.2026 - Price increase Cheshire - 11 items Large print duplex - Incorrect formating.docx
2026-06-03 16:03:31 - Modified file: C:\Users\tmoloi\Desktop\Python\Client\Test4.docx
2026-06-03 16:03:31 - Modified file: C:\Users\tmoloi\Desktop\Python\Client\Test1.docx
2026-06-03 16:03:31 - Modified file: C:\Users\tmoloi\Desktop\Python\Client\Test3.docx
2026-06-03 16:03:31 - Modified file: C:\Users\tmoloi\Desktop\Python\Client\11.03.2026 - Household SW Letter - 1 item simplex.docx
2026-06-03 16:03:31 - Modified file: C:\Users\tmoloi\Desktop\Python\Client\12.03.2026 - Price increase Cheshire - 11 items Large print duplex.docx
2026-06-03 16:03:31 - Modified file: C:\Users\tmoloi\Desktop\Python\Client\12.03.2026 - Price increase Cumbria - 2 items duplex.docx
2026-06-03 16:03:31 - Modified file: C:\Users\tmoloi\Desktop\Python\Client\12.03.2026 - Price increase Lancashre -  3 items braille duplex.docx
2026-06-03 16:03:32 - Modified file: C:\Users\tmoloi\Desktop\Python\Client\12.03.2026 - Price increase Manchester 1 - 1000 items duplex.docx
2026-06-03 16:03:32 - Modified file: C:\Users\tmoloi\Desktop\Python\Client\12.03.2026 - Household SW Letter - 1 item simplex.docx
2026-06-03 16:03:32 - Modified file: C:\Users\tmoloi\Desktop\Python\Client\12.03.2026 - Price increase affodability - 246 items duplex.docx
2026-06-03 16:03:32 - Modified file: C:\Users\tmoloi\Desktop\Python\Client\11-05-2026 - Customer Refusal Proactive Exchange - 192 items.docx
2026-06-03 16:03:32 - Modified file: C:\Users\tmoloi\Desktop\Python\Client\PS Welcome Letter Large Print (13) 29052026.docx
2026-06-03 16:03:44 - Deleted file: C:\Users\tmoloi\Desktop\Python\Client\12.03.2026 - Price increase Cheshire - 11 items Large print duplex - Incorrect formating.docx
2026-06-03 16:03:44 - Deleted file: C:\Users\tmoloi\Desktop\Python\Client\Test4.docx
2026-06-03 16:03:44 - Deleted file: C:\Users\tmoloi\Desktop\Python\Client\Test1.docx
2026-06-03 16:03:44 - Deleted file: C:\Users\tmoloi\Desktop\Python\Client\Test3.docx
2026-06-03 16:03:44 - Deleted file: C:\Users\tmoloi\Desktop\Python\Client\11.03.2026 - Household SW Letter - 1 item simplex.docx
2026-06-03 16:03:44 - Deleted file: C:\Users\tmoloi\Desktop\Python\Client\12.03.2026 - Price increase Cheshire - 11 items Large print duplex.docx
2026-06-03 16:03:44 - Deleted file: C:\Users\tmoloi\Desktop\Python\Client\12.03.2026 - Price increase Cumbria - 2 items duplex.docx
2026-06-03 16:03:45 - Deleted file: C:\Users\tmoloi\Desktop\Python\Client\12.03.2026 - Price increase Lancashre -  3 items braille duplex.docx
2026-06-03 16:03:45 - Deleted file: C:\Users\tmoloi\Desktop\Python\Client\12.03.2026 - Price increase Manchester 1 - 1000 items duplex.docx
2026-06-03 16:03:45 - Deleted file: C:\Users\tmoloi\Desktop\Python\Client\12.03.2026 - Household SW Letter - 1 item simplex.docx
2026-06-03 16:03:45 - Deleted file: C:\Users\tmoloi\Desktop\Python\Client\11-05-2026 - Customer Refusal Proactive Exchange - 192 items.docx
2026-06-03 16:03:45 - Deleted file: C:\Users\tmoloi\Desktop\Python\Client\PS Welcome Letter Large Print (13) 29052026.docx
2026-06-03 16:03:45 - Deleted file: C:\Users\tmoloi\Desktop\Python\Client\12.03.2026 - Price increase affodability - 246 items duplex.docx
2026-06-03 16:18:30 - Modified file: C:\Users\tmoloi\Desktop\Python\Client\11.03.2026 - Household SW Letter - 1 item simplex.docx
2026-06-03 16:18:32 - Deleted file: C:\Users\tmoloi\Desktop\Python\Client\11.03.2026 - Household SW Letter - 1 item simplex.docx
2026-06-03 16:20:00 - Modified file: C:\Users\tmoloi\Desktop\Python\Client\12.03.2026 - Price increase Cheshire - 11 items Large print duplex - Incorrect formating.docx
2026-06-03 16:20:00 - Modified file: C:\Users\tmoloi\Desktop\Python\Client\Test4.docx
2026-06-03 16:20:00 - Modified file: C:\Users\tmoloi\Desktop\Python\Client\Test1.docx
2026-06-03 16:20:00 - Modified file: C:\Users\tmoloi\Desktop\Python\Client\Test3.docx
2026-06-03 16:20:00 - Modified file: C:\Users\tmoloi\Desktop\Python\Client\11.03.2026 - Household SW Letter - 1 item simplex.docx
2026-06-03 16:20:00 - Modified file: C:\Users\tmoloi\Desktop\Python\Client\12.03.2026 - Price increase Cheshire - 11 items Large print duplex.docx
2026-06-03 16:20:00 - Modified file: C:\Users\tmoloi\Desktop\Python\Client\12.03.2026 - Price increase Cumbria - 2 items duplex.docx
2026-06-03 16:20:00 - Modified file: C:\Users\tmoloi\Desktop\Python\Client\12.03.2026 - Price increase Lancashre -  3 items braille duplex.docx
2026-06-03 16:20:00 - Modified file: C:\Users\tmoloi\Desktop\Python\Client\12.03.2026 - Price increase Manchester 1 - 1000 items duplex.docx
2026-06-03 16:20:00 - Modified file: C:\Users\tmoloi\Desktop\Python\Client\12.03.2026 - Household SW Letter - 1 item simplex.docx
2026-06-03 16:20:00 - Modified file: C:\Users\tmoloi\Desktop\Python\Client\12.03.2026 - Price increase affodability - 246 items duplex.docx
2026-06-03 16:20:00 - Modified file: C:\Users\tmoloi\Desktop\Python\Client\11-05-2026 - Customer Refusal Proactive Exchange - 192 items.docx
2026-06-03 16:20:00 - Modified file: C:\Users\tmoloi\Desktop\Python\Client\PS Welcome Letter Large Print (13) 29052026.docx
2026-06-03 16:20:03 - Deleted file: C:\Users\tmoloi\Desktop\Python\Client\12.03.2026 - Price increase Cheshire - 11 items Large print duplex - Incorrect formating.docx
2026-06-03 16:20:03 - Deleted file: C:\Users\tmoloi\Desktop\Python\Client\Test4.docx
2026-06-03 16:20:03 - Deleted file: C:\Users\tmoloi\Desktop\Python\Client\Test1.docx
2026-06-03 16:20:04 - Deleted file: C:\Users\tmoloi\Desktop\Python\Client\Test3.docx
2026-06-03 16:20:04 - Deleted file: C:\Users\tmoloi\Desktop\Python\Client\11.03.2026 - Household SW Letter - 1 item simplex.docx
2026-06-03 16:20:04 - Deleted file: C:\Users\tmoloi\Desktop\Python\Client\12.03.2026 - Price increase Cheshire - 11 items Large print duplex.docx
2026-06-03 16:20:04 - Deleted file: C:\Users\tmoloi\Desktop\Python\Client\12.03.2026 - Price increase Cumbria - 2 items duplex.docx
2026-06-03 16:20:04 - Deleted file: C:\Users\tmoloi\Desktop\Python\Client\12.03.2026 - Price increase Lancashre -  3 items braille duplex.docx
2026-06-03 16:20:04 - Deleted file: C:\Users\tmoloi\Desktop\Python\Client\12.03.2026 - Household SW Letter - 1 item simplex.docx
2026-06-03 16:20:04 - Deleted file: C:\Users\tmoloi\Desktop\Python\Client\12.03.2026 - Price increase affodability - 246 items duplex.docx
2026-06-03 16:20:04 - Deleted file: C:\Users\tmoloi\Desktop\Python\Client\11-05-2026 - Customer Refusal Proactive Exchange - 192 items.docx
2026-06-03 16:20:04 - Deleted file: C:\Users\tmoloi\Desktop\Python\Client\PS Welcome Letter Large Print (13) 29052026.docx
2026-06-03 16:20:15 - Deleted file: C:\Users\tmoloi\Desktop\Python\Client\12.03.2026 - Price increase Manchester 1 - 1000 items duplex.docx
2026-06-03 16:32:21 - Modified file: C:\Users\tmoloi\Desktop\Python\Client\12.03.2026 - Price increase Cheshire - 11 items Large print duplex - Incorrect formating.docx
2026-06-03 16:32:21 - Modified file: C:\Users\tmoloi\Desktop\Python\Client\Test4.docx
2026-06-03 16:32:21 - Modified file: C:\Users\tmoloi\Desktop\Python\Client\Test1.docx
2026-06-03 16:32:21 - Modified file: C:\Users\tmoloi\Desktop\Python\Client\Test3.docx
2026-06-03 16:32:21 - Modified file: C:\Users\tmoloi\Desktop\Python\Client\11.03.2026 - Household SW Letter - 1 item simplex.docx
2026-06-03 16:32:21 - Modified file: C:\Users\tmoloi\Desktop\Python\Client\12.03.2026 - Price increase Cheshire - 11 items Large print duplex.docx
2026-06-03 16:32:21 - Modified file: C:\Users\tmoloi\Desktop\Python\Client\12.03.2026 - Price increase Cumbria - 2 items duplex.docx
2026-06-03 16:32:21 - Modified file: C:\Users\tmoloi\Desktop\Python\Client\12.03.2026 - Price increase Lancashre -  3 items braille duplex.docx
2026-06-03 16:32:21 - Modified file: C:\Users\tmoloi\Desktop\Python\Client\12.03.2026 - Price increase Manchester 1 - 1000 items duplex.docx
2026-06-03 16:32:21 - Modified file: C:\Users\tmoloi\Desktop\Python\Client\12.03.2026 - Household SW Letter - 1 item simplex.docx
2026-06-03 16:32:21 - Modified file: C:\Users\tmoloi\Desktop\Python\Client\12.03.2026 - Price increase affodability - 246 items duplex.docx
2026-06-03 16:32:21 - Modified file: C:\Users\tmoloi\Desktop\Python\Client\11-05-2026 - Customer Refusal Proactive Exchange - 192 items.docx
2026-06-03 16:32:21 - Modified file: C:\Users\tmoloi\Desktop\Python\Client\PS Welcome Letter Large Print (13) 29052026.docx
2026-06-03 16:32:24 - Deleted file: C:\Users\tmoloi\Desktop\Python\Client\12.03.2026 - Price increase Cheshire - 11 items Large print duplex - Incorrect formating.docx
2026-06-03 16:32:24 - Deleted file: C:\Users\tmoloi\Desktop\Python\Client\Test4.docx
2026-06-03 16:32:24 - Deleted file: C:\Users\tmoloi\Desktop\Python\Client\Test1.docx
2026-06-03 16:32:24 - Deleted file: C:\Users\tmoloi\Desktop\Python\Client\11.03.2026 - Household SW Letter - 1 item simplex.docx
2026-06-03 16:32:24 - Deleted file: C:\Users\tmoloi\Desktop\Python\Client\Test3.docx
2026-06-03 16:32:24 - Deleted file: C:\Users\tmoloi\Desktop\Python\Client\12.03.2026 - Price increase Cheshire - 11 items Large print duplex.docx
2026-06-03 16:32:24 - Deleted file: C:\Users\tmoloi\Desktop\Python\Client\12.03.2026 - Price increase Cumbria - 2 items duplex.docx
2026-06-03 16:32:24 - Deleted file: C:\Users\tmoloi\Desktop\Python\Client\12.03.2026 - Price increase Lancashre -  3 items braille duplex.docx
2026-06-03 16:32:24 - Deleted file: C:\Users\tmoloi\Desktop\Python\Client\12.03.2026 - Price increase Manchester 1 - 1000 items duplex.docx
2026-06-03 16:32:24 - Deleted file: C:\Users\tmoloi\Desktop\Python\Client\12.03.2026 - Household SW Letter - 1 item simplex.docx
2026-06-03 16:32:25 - Deleted file: C:\Users\tmoloi\Desktop\Python\Client\12.03.2026 - Price increase affodability - 246 items duplex.docx
2026-06-03 16:32:25 - Deleted file: C:\Users\tmoloi\Desktop\Python\Client\11-05-2026 - Customer Refusal Proactive Exchange - 192 items.docx
2026-06-03 16:32:25 - Deleted file: C:\Users\tmoloi\Desktop\Python\Client\PS Welcome Letter Large Print (13) 29052026.docx
2026-06-03 16:53:37 - Modified file: C:\Users\tmoloi\Desktop\Python\Client\12.03.2026 - Price increase Cheshire - 11 items Large print duplex - Incorrect formating.docx
2026-06-03 16:53:56 - Deleted file: C:\Users\tmoloi\Desktop\Python\Client\12.03.2026 - Price increase Cheshire - 11 items Large print duplex - Incorrect formating.docx
2026-06-03 16:54:04 - Deleted file: C:\Users\tmoloi\Desktop\Python\Client\12.03.2026 - Price increase Cheshire - 11 items Large print duplex - Incorrect formating.docx
2026-06-03 16:55:35 - Modified file: C:\Users\tmoloi\Desktop\Python\Client\12.03.2026 - Price increase Cheshire - 11 items Large print duplex - Incorrect formating.docx
2026-06-03 16:55:40 - Deleted file: C:\Users\tmoloi\Desktop\Python\Client\12.03.2026 - Price increase Cheshire - 11 items Large print duplex - Incorrect formating.docx
2026-06-03 16:56:45 - Modified file: C:\Users\tmoloi\Desktop\Python\Client\12.03.2026 - Price increase Cheshire - 11 items Large print duplex - Incorrect formating.docx
2026-06-03 16:56:48 - Deleted file: C:\Users\tmoloi\Desktop\Python\Client\12.03.2026 - Price increase Cheshire - 11 items Large print duplex - Incorrect formating.docx
2026-06-03 16:59:20 - Modified file: C:\Users\tmoloi\Desktop\Python\Client\12.03.2026 - Price increase Cheshire - 11 items Large print duplex - Incorrect formating.docx
2026-06-03 16:59:23 - Deleted file: C:\Users\tmoloi\Desktop\Python\Client\12.03.2026 - Price increase Cheshire - 11 items Large print duplex - Incorrect formating.docx
2026-06-03 17:00:50 - Modified file: C:\Users\tmoloi\Desktop\Python\Client\12.03.2026 - Price increase Cheshire - 11 items Large print duplex - Incorrect formating.docx
2026-06-03 17:00:52 - Deleted file: C:\Users\tmoloi\Desktop\Python\Client\12.03.2026 - Price increase Cheshire - 11 items Large print duplex - Incorrect formating.docx
2026-06-03 17:02:39 - Modified file: C:\Users\tmoloi\Desktop\Python\Client\12.03.2026 - Price increase Cheshire - 11 items Large print duplex - Incorrect formating.docx
2026-06-03 17:02:42 - Deleted file: C:\Users\tmoloi\Desktop\Python\Client\12.03.2026 - Price increase Cheshire - 11 items Large print duplex - Incorrect formating.docx
2026-06-04 09:08:50 - Deleted file: C:\Users\tmoloi\Desktop\Python\Client\12.03.2026 - Price increase Cheshire - 11 items Large print duplex - Incorrect formating.docx
2026-06-04 09:10:19 - Modified file: C:\Users\tmoloi\Desktop\Python\Client\12.03.2026 - Price increase Cheshire - 11 items Large print duplex - Incorrect formating.docx
2026-06-04 09:10:24 - Deleted file: C:\Users\tmoloi\Desktop\Python\Client\12.03.2026 - Price increase Cheshire - 11 items Large print duplex - Incorrect formating.docx
2026-06-04 09:13:41 - Modified file: C:\Users\tmoloi\Desktop\Python\Client\12.03.2026 - Price increase Cheshire - 11 items Large print duplex - Incorrect formating.docx
2026-06-04 09:13:44 - Deleted file: C:\Users\tmoloi\Desktop\Python\Client\12.03.2026 - Price increase Cheshire - 11 items Large print duplex - Incorrect formating.docx
2026-06-04 09:14:39 - Modified file: C:\Users\tmoloi\Desktop\Python\Client\12.03.2026 - Price increase Cheshire - 11 items Large print duplex - Incorrect formating.docx
2026-06-04 09:14:41 - Deleted file: C:\Users\tmoloi\Desktop\Python\Client\12.03.2026 - Price increase Cheshire - 11 items Large print duplex - Incorrect formating.docx
2026-06-04 09:15:54 - Modified file: C:\Users\tmoloi\Desktop\Python\Client\12.03.2026 - Price increase Cheshire - 11 items Large print duplex - Incorrect formating.docx
2026-06-04 09:15:58 - Deleted file: C:\Users\tmoloi\Desktop\Python\Client\12.03.2026 - Price increase Cheshire - 11 items Large print duplex - Incorrect formating.docx
2026-06-04 09:16:34 - Modified file: C:\Users\tmoloi\Desktop\Python\Client\12.03.2026 - Price increase Cheshire - 11 items Large print duplex - Incorrect formating.docx
2026-06-04 09:16:38 - Deleted file: C:\Users\tmoloi\Desktop\Python\Client\12.03.2026 - Price increase Cheshire - 11 items Large print duplex - Incorrect formating.docx
2026-06-04 09:21:26 - Deleted file: C:\Users\tmoloi\Desktop\Python\Client\12.03.2026 - Price increase Cheshire - 11 items Large print duplex - Incorrect formating.docx
2026-06-04 09:23:09 - Modified file: C:\Users\tmoloi\Desktop\Python\Client\12.03.2026 - Price increase Cheshire - 11 items Large print duplex - Incorrect formating.docx
2026-06-04 09:23:13 - Deleted file: C:\Users\tmoloi\Desktop\Python\Client\12.03.2026 - Price increase Cheshire - 11 items Large print duplex - Incorrect formating.docx
2026-06-04 09:26:41 - Modified file: C:\Users\tmoloi\Desktop\Python\Client\12.03.2026 - Price increase Cheshire - 11 items Large print duplex - Incorrect formating.docx
2026-06-04 09:26:45 - Deleted file: C:\Users\tmoloi\Desktop\Python\Client\12.03.2026 - Price increase Cheshire - 11 items Large print duplex - Incorrect formating.docx
2026-06-04 09:48:14 - Modified file: C:\Users\tmoloi\Desktop\Python\Client\12.03.2026 - Price increase Cheshire - 11 items Large print duplex - Incorrect formating.docx
2026-06-04 09:48:20 - Deleted file: C:\Users\tmoloi\Desktop\Python\Client\12.03.2026 - Price increase Cheshire - 11 items Large print duplex - Incorrect formating.docx
2026-06-04 09:49:21 - Modified file: C:\Users\tmoloi\Desktop\Python\Client\12.03.2026 - Price increase Cheshire - 11 items Large print duplex - Incorrect formating.docx
2026-06-04 09:49:26 - Deleted file: C:\Users\tmoloi\Desktop\Python\Client\12.03.2026 - Price increase Cheshire - 11 items Large print duplex - Incorrect formating.docx
2026-06-04 09:50:38 - Modified file: C:\Users\tmoloi\Desktop\Python\Client\12.03.2026 - Price increase Cheshire - 11 items Large print duplex - Incorrect formating.docx
2026-06-04 09:50:40 - Deleted file: C:\Users\tmoloi\Desktop\Python\Client\12.03.2026 - Price increase Cheshire - 11 items Large print duplex - Incorrect formating.docx
2026-06-04 09:51:44 - Modified file: C:\Users\tmoloi\Desktop\Python\Client\12.03.2026 - Price increase Cheshire - 11 items Large print duplex - Incorrect formating.docx
2026-06-04 09:51:48 - Deleted file: C:\Users\tmoloi\Desktop\Python\Client\12.03.2026 - Price increase Cheshire - 11 items Large print duplex - Incorrect formating.docx
2026-06-04 09:53:05 - Modified file: C:\Users\tmoloi\Desktop\Python\Client\12.03.2026 - Price increase Cheshire - 11 items Large print duplex - Incorrect formating.docx
2026-06-04 09:53:07 - Deleted file: C:\Users\tmoloi\Desktop\Python\Client\12.03.2026 - Price increase Cheshire - 11 items Large print duplex - Incorrect formating.docx
2026-06-04 09:54:10 - Modified file: C:\Users\tmoloi\Desktop\Python\Client\12.03.2026 - Price increase Cheshire - 11 items Large print duplex - Incorrect formating.docx
2026-06-04 09:54:15 - Deleted file: C:\Users\tmoloi\Desktop\Python\Client\12.03.2026 - Price increase Cheshire - 11 items Large print duplex - Incorrect formating.docx
2026-06-04 10:02:55 - Modified file: C:\Users\tmoloi\Desktop\Python\Client\12.03.2026 - Price increase Cheshire - 11 items Large print duplex - Incorrect formating.docx
2026-06-04 10:02:55 - Modified file: C:\Users\tmoloi\Desktop\Python\Client\Test4.docx
2026-06-04 10:02:55 - Modified file: C:\Users\tmoloi\Desktop\Python\Client\Test1.docx
2026-06-04 10:02:55 - Modified file: C:\Users\tmoloi\Desktop\Python\Client\Test3.docx
2026-06-04 10:02:55 - Modified file: C:\Users\tmoloi\Desktop\Python\Client\11.03.2026 - Household SW Letter - 1 item simplex.docx
2026-06-04 10:02:55 - Modified file: C:\Users\tmoloi\Desktop\Python\Client\12.03.2026 - Price increase Cheshire - 11 items Large print duplex.docx
2026-06-04 10:02:55 - Modified file: C:\Users\tmoloi\Desktop\Python\Client\12.03.2026 - Price increase Cumbria - 2 items duplex.docx
2026-06-04 10:02:55 - Modified file: C:\Users\tmoloi\Desktop\Python\Client\12.03.2026 - Price increase Lancashre -  3 items braille duplex.docx
2026-06-04 10:02:55 - Modified file: C:\Users\tmoloi\Desktop\Python\Client\12.03.2026 - Price increase Manchester 1 - 1000 items duplex.docx
2026-06-04 10:02:55 - Modified file: C:\Users\tmoloi\Desktop\Python\Client\12.03.2026 - Household SW Letter - 1 item simplex.docx
2026-06-04 10:02:55 - Modified file: C:\Users\tmoloi\Desktop\Python\Client\12.03.2026 - Price increase affodability - 246 items duplex.docx
2026-06-04 10:02:55 - Modified file: C:\Users\tmoloi\Desktop\Python\Client\11-05-2026 - Customer Refusal Proactive Exchange - 192 items.docx
2026-06-04 10:02:55 - Modified file: C:\Users\tmoloi\Desktop\Python\Client\PS Welcome Letter Large Print (13) 29052026.docx
2026-06-04 10:02:59 - Modified file: C:\Users\tmoloi\Desktop\Python\Client\12.03.2026 - Price increase Cheshire - 11 items Large print duplex.docx
2026-06-04 10:03:00 - Deleted file: C:\Users\tmoloi\Desktop\Python\Client\12.03.2026 - Price increase Cheshire - 11 items Large print duplex - Incorrect formating.docx
2026-06-04 10:03:00 - Deleted file: C:\Users\tmoloi\Desktop\Python\Client\Test4.docx
2026-06-04 10:03:00 - Deleted file: C:\Users\tmoloi\Desktop\Python\Client\Test1.docx
2026-06-04 10:03:00 - Deleted file: C:\Users\tmoloi\Desktop\Python\Client\Test3.docx
2026-06-04 10:03:01 - Deleted file: C:\Users\tmoloi\Desktop\Python\Client\11.03.2026 - Household SW Letter - 1 item simplex.docx
2026-06-04 10:03:01 - Deleted file: C:\Users\tmoloi\Desktop\Python\Client\12.03.2026 - Price increase Cheshire - 11 items Large print duplex.docx
2026-06-04 10:03:01 - Deleted file: C:\Users\tmoloi\Desktop\Python\Client\12.03.2026 - Price increase Cumbria - 2 items duplex.docx
2026-06-04 10:03:01 - Deleted file: C:\Users\tmoloi\Desktop\Python\Client\12.03.2026 - Price increase Lancashre -  3 items braille duplex.docx
2026-06-04 10:03:01 - Deleted file: C:\Users\tmoloi\Desktop\Python\Client\12.03.2026 - Price increase Manchester 1 - 1000 items duplex.docx
2026-06-04 10:03:01 - Deleted file: C:\Users\tmoloi\Desktop\Python\Client\12.03.2026 - Household SW Letter - 1 item simplex.docx
2026-06-04 10:03:01 - Deleted file: C:\Users\tmoloi\Desktop\Python\Client\12.03.2026 - Price increase affodability - 246 items duplex.docx
2026-06-04 10:03:01 - Deleted file: C:\Users\tmoloi\Desktop\Python\Client\11-05-2026 - Customer Refusal Proactive Exchange - 192 items.docx
2026-06-04 10:03:01 - Deleted file: C:\Users\tmoloi\Desktop\Python\Client\PS Welcome Letter Large Print (13) 29052026.docx
2026-06-04 10:57:21 - Modified file: C:\Users\tmoloi\Desktop\Python\Client\12.03.2026 - Price increase Cheshire - 11 items Large print duplex - Incorrect formating.docx
2026-06-04 10:57:23 - Deleted file: C:\Users\tmoloi\Desktop\Python\Client\12.03.2026 - Price increase Cheshire - 11 items Large print duplex - Incorrect formating.docx
2026-06-04 10:58:37 - Modified file: C:\Users\tmoloi\Desktop\Python\Client\Test1.docx
2026-06-04 10:58:39 - Deleted file: C:\Users\tmoloi\Desktop\Python\Client\Test1.docx
2026-06-04 10:59:04 - Modified file: C:\Users\tmoloi\Desktop\Python\Client\12.03.2026 - Price increase Cheshire - 11 items Large print duplex - Incorrect formating.docx
2026-06-04 10:59:04 - Modified file: C:\Users\tmoloi\Desktop\Python\Client\Test4.docx
2026-06-04 10:59:04 - Modified file: C:\Users\tmoloi\Desktop\Python\Client\Test1.docx
2026-06-04 10:59:04 - Modified file: C:\Users\tmoloi\Desktop\Python\Client\Test3.docx
2026-06-04 10:59:04 - Modified file: C:\Users\tmoloi\Desktop\Python\Client\11.03.2026 - Household SW Letter - 1 item simplex.docx
2026-06-04 10:59:04 - Modified file: C:\Users\tmoloi\Desktop\Python\Client\12.03.2026 - Price increase Cheshire - 11 items Large print duplex.docx
2026-06-04 10:59:04 - Modified file: C:\Users\tmoloi\Desktop\Python\Client\12.03.2026 - Price increase Cumbria - 2 items duplex.docx
2026-06-04 10:59:04 - Modified file: C:\Users\tmoloi\Desktop\Python\Client\12.03.2026 - Price increase Lancashre -  3 items braille duplex.docx
2026-06-04 10:59:04 - Modified file: C:\Users\tmoloi\Desktop\Python\Client\12.03.2026 - Price increase Manchester 1 - 1000 items duplex.docx
2026-06-04 10:59:04 - Modified file: C:\Users\tmoloi\Desktop\Python\Client\12.03.2026 - Household SW Letter - 1 item simplex.docx
2026-06-04 10:59:04 - Modified file: C:\Users\tmoloi\Desktop\Python\Client\12.03.2026 - Price increase affodability - 246 items duplex.docx
2026-06-04 10:59:04 - Modified file: C:\Users\tmoloi\Desktop\Python\Client\11-05-2026 - Customer Refusal Proactive Exchange - 192 items.docx
2026-06-04 10:59:04 - Modified file: C:\Users\tmoloi\Desktop\Python\Client\PS Welcome Letter Large Print (13) 29052026.docx
2026-06-04 10:59:09 - Deleted file: C:\Users\tmoloi\Desktop\Python\Client\12.03.2026 - Price increase Cheshire - 11 items Large print duplex - Incorrect formating.docx
2026-06-04 10:59:09 - Deleted file: C:\Users\tmoloi\Desktop\Python\Client\Test4.docx
2026-06-04 10:59:10 - Deleted file: C:\Users\tmoloi\Desktop\Python\Client\Test1.docx
2026-06-04 10:59:10 - Deleted file: C:\Users\tmoloi\Desktop\Python\Client\Test3.docx
2026-06-04 10:59:10 - Deleted file: C:\Users\tmoloi\Desktop\Python\Client\11.03.2026 - Household SW Letter - 1 item simplex.docx
2026-06-04 10:59:10 - Deleted file: C:\Users\tmoloi\Desktop\Python\Client\12.03.2026 - Price increase Cheshire - 11 items Large print duplex.docx
2026-06-04 10:59:10 - Deleted file: C:\Users\tmoloi\Desktop\Python\Client\12.03.2026 - Price increase Cumbria - 2 items duplex.docx
2026-06-04 10:59:10 - Deleted file: C:\Users\tmoloi\Desktop\Python\Client\12.03.2026 - Price increase Lancashre -  3 items braille duplex.docx
2026-06-04 10:59:10 - Deleted file: C:\Users\tmoloi\Desktop\Python\Client\12.03.2026 - Price increase Manchester 1 - 1000 items duplex.docx
2026-06-04 10:59:10 - Deleted file: C:\Users\tmoloi\Desktop\Python\Client\12.03.2026 - Household SW Letter - 1 item simplex.docx
2026-06-04 10:59:10 - Deleted file: C:\Users\tmoloi\Desktop\Python\Client\12.03.2026 - Price increase affodability - 246 items duplex.docx
2026-06-04 10:59:10 - Deleted file: C:\Users\tmoloi\Desktop\Python\Client\11-05-2026 - Customer Refusal Proactive Exchange - 192 items.docx
2026-06-04 10:59:10 - Deleted file: C:\Users\tmoloi\Desktop\Python\Client\PS Welcome Letter Large Print (13) 29052026.docx
2026-06-04 11:32:20 - Modified file: C:\Users\tmoloi\Desktop\Python\Client\12.03.2026 - Price increase Cheshire - 11 items Large print duplex - Incorrect formating.docx
2026-06-04 11:32:20 - Modified file: C:\Users\tmoloi\Desktop\Python\Client\Test1.docx
2026-06-04 11:32:20 - Modified file: C:\Users\tmoloi\Desktop\Python\Client\Test3.docx
2026-06-04 11:32:20 - Modified file: C:\Users\tmoloi\Desktop\Python\Client\Test4.docx
2026-06-04 11:32:27 - Deleted file: C:\Users\tmoloi\Desktop\Python\Client\12.03.2026 - Price increase Cheshire - 11 items Large print duplex - Incorrect formating.docx
2026-06-04 11:32:27 - Deleted file: C:\Users\tmoloi\Desktop\Python\Client\Test1.docx
2026-06-04 11:32:28 - Deleted file: C:\Users\tmoloi\Desktop\Python\Client\Test3.docx
2026-06-04 11:32:28 - Deleted file: C:\Users\tmoloi\Desktop\Python\Client\Test4.docx
2026-06-04 11:36:57 - Modified file: C:\Users\tmoloi\Desktop\Python\Client\Test4.docx
2026-06-04 11:36:57 - Modified file: C:\Users\tmoloi\Desktop\Python\Client\Test1.docx
2026-06-04 11:37:03 - Deleted file: C:\Users\tmoloi\Desktop\Python\Client\Test4.docx
2026-06-04 11:37:03 - Deleted file: C:\Users\tmoloi\Desktop\Python\Client\Test1.docx
2026-06-04 11:45:07 - Modified file: C:\Users\tmoloi\Desktop\Python\Client\11.03.2026 - Household SW Letter - 1 item simplex.docx
2026-06-04 11:45:07 - Modified file: C:\Users\tmoloi\Desktop\Python\Client\Test4.docx
2026-06-04 11:45:07 - Modified file: C:\Users\tmoloi\Desktop\Python\Client\Test3.docx
2026-06-04 11:45:11 - Deleted file: C:\Users\tmoloi\Desktop\Python\Client\11.03.2026 - Household SW Letter - 1 item simplex.docx
2026-06-04 11:45:11 - Deleted file: C:\Users\tmoloi\Desktop\Python\Client\Test4.docx
2026-06-04 11:45:11 - Deleted file: C:\Users\tmoloi\Desktop\Python\Client\Test3.docx
2026-06-04 11:45:27 - Modified file: C:\Users\tmoloi\Desktop\Python\Client\Test1.docx
2026-06-04 11:45:36 - Deleted file: C:\Users\tmoloi\Desktop\Python\Client\Test1.docx
2026-06-04 13:28:31 - Modified file: C:\Users\tmoloi\Desktop\Python\Client\Test4.docx
2026-06-04 13:28:31 - Modified file: C:\Users\tmoloi\Desktop\Python\Client\Test1.docx
2026-06-04 13:28:31 - Modified file: C:\Users\tmoloi\Desktop\Python\Client\12.03.2026 - Price increase Lancashre -  3 items braille duplex.docx
2026-06-04 13:28:31 - Modified file: C:\Users\tmoloi\Desktop\Python\Client\12.03.2026 - Household SW Letter - 1 item simplex.docx
2026-06-04 13:28:34 - Modified file: C:\Users\tmoloi\Desktop\Python\Client\Test4.docx
2026-06-04 13:28:36 - Modified file: C:\Users\tmoloi\Desktop\Python\Client\12.03.2026 - Household SW Letter - 1 item simplex.docx
2026-06-04 13:28:36 - Modified file: C:\Users\tmoloi\Desktop\Python\Client\12.03.2026 - Price increase Lancashre -  3 items braille duplex.docx
2026-06-04 13:28:36 - Modified file: C:\Users\tmoloi\Desktop\Python\Client\Test1.docx
2026-06-04 13:28:42 - Deleted file: C:\Users\tmoloi\Desktop\Python\Client\Test4.docx
2026-06-04 13:28:42 - Deleted file: C:\Users\tmoloi\Desktop\Python\Client\Test1.docx
2026-06-04 13:28:42 - Deleted file: C:\Users\tmoloi\Desktop\Python\Client\12.03.2026 - Price increase Lancashre -  3 items braille duplex.docx
2026-06-04 13:28:42 - Deleted file: C:\Users\tmoloi\Desktop\Python\Client\12.03.2026 - Household SW Letter - 1 item simplex.docx
2026-06-04 13:31:22 - Modified file: C:\Users\tmoloi\Desktop\Python\Client\Test1.docx
2026-06-04 13:31:22 - Modified file: C:\Users\tmoloi\Desktop\Python\Client\12.03.2026 - Price increase Lancashre -  3 items braille duplex.docx
2026-06-04 13:31:22 - Modified file: C:\Users\tmoloi\Desktop\Python\Client\12.03.2026 - Household SW Letter - 1 item simplex.docx
2026-06-04 13:31:22 - Modified file: C:\Users\tmoloi\Desktop\Python\Client\Test4.docx
2026-06-04 13:31:24 - Deleted file: C:\Users\tmoloi\Desktop\Python\Client\Test1.docx
2026-06-04 13:31:24 - Deleted file: C:\Users\tmoloi\Desktop\Python\Client\12.03.2026 - Price increase Lancashre -  3 items braille duplex.docx
2026-06-04 13:31:24 - Deleted file: C:\Users\tmoloi\Desktop\Python\Client\12.03.2026 - Household SW Letter - 1 item simplex.docx
2026-06-04 13:31:24 - Deleted file: C:\Users\tmoloi\Desktop\Python\Client\Test4.docx
2026-06-04 13:54:59 - Deleted file: C:\Users\tmoloi\Desktop\Python\Client\Test3.docx
2026-06-04 14:09:04 - Deleted file: C:\Users\tmoloi\Desktop\Python\Client\Test1.docx
2026-06-04 14:09:10 - Deleted file: C:\Users\tmoloi\Desktop\Python\Client\Test1.docx
2026-06-04 14:20:59 - Modified file: C:\Users\tmoloi\Desktop\Python\Client\Test4.docx
2026-06-04 14:21:02 - Deleted file: C:\Users\tmoloi\Desktop\Python\Client\Test4.docx
2026-06-04 14:25:54 - Modified file: C:\Users\tmoloi\Desktop\Python\Client\Test3.docx
2026-06-04 14:25:58 - Deleted file: C:\Users\tmoloi\Desktop\Python\Client\Test3.docx
2026-06-04 14:38:40 - Modified file: C:\Users\tmoloi\Desktop\Python\Client\Test3.docx
2026-06-04 14:38:44 - Deleted file: C:\Users\tmoloi\Desktop\Python\Client\Test3.docx
2026-06-04 14:41:23 - Modified file: C:\Users\tmoloi\Desktop\Python\Client\11.03.2026 - Household SW Letter - 1 item simplex.docx
2026-06-04 14:41:23 - Modified file: C:\Users\tmoloi\Desktop\Python\Client\Test1.docx
2026-06-04 14:41:27 - Deleted file: C:\Users\tmoloi\Desktop\Python\Client\11.03.2026 - Household SW Letter - 1 item simplex.docx
2026-06-04 14:41:28 - Deleted file: C:\Users\tmoloi\Desktop\Python\Client\Test1.docx
2026-06-04 14:43:34 - Modified file: C:\Users\tmoloi\Desktop\Python\Client\11.03.2026 - Household SW Letter - 1 item simplex.docx
2026-06-04 14:43:34 - Modified file: C:\Users\tmoloi\Desktop\Python\Client\Test3.docx
2026-06-04 14:43:38 - Deleted file: C:\Users\tmoloi\Desktop\Python\Client\11.03.2026 - Household SW Letter - 1 item simplex.docx
2026-06-04 14:43:38 - Deleted file: C:\Users\tmoloi\Desktop\Python\Client\Test3.docx
2026-06-04 14:46:03 - Modified file: C:\Users\tmoloi\Desktop\Python\Client\Test1.docx
2026-06-04 14:46:10 - Deleted file: C:\Users\tmoloi\Desktop\Python\Client\Test1.docx
2026-06-04 14:51:40 - Modified file: C:\Users\tmoloi\Desktop\Python\Client\Test4.docx
2026-06-04 14:51:40 - Modified file: C:\Users\tmoloi\Desktop\Python\Client\12.03.2026 - Price increase Cumbria - 2 items duplex.docx
2026-06-04 14:51:42 - Deleted file: C:\Users\tmoloi\Desktop\Python\Client\12.03.2026 - Price increase Lancashre -  3 items braille duplex.docx
2026-06-04 14:51:42 - Deleted file: C:\Users\tmoloi\Desktop\Python\Client\Test4.docx
2026-06-04 14:51:43 - Deleted file: C:\Users\tmoloi\Desktop\Python\Client\12.03.2026 - Price increase Cumbria - 2 items duplex.docx
2026-06-04 15:00:57 - Modified file: C:\Users\tmoloi\Desktop\Python\Client\Test1.docx
2026-06-04 15:00:57 - Modified file: C:\Users\tmoloi\Desktop\Python\Client\Test3.docx
2026-06-04 15:00:57 - Modified file: C:\Users\tmoloi\Desktop\Python\Client\12.03.2026 - Price increase Cumbria - 2 items duplex.docx
2026-06-04 15:00:57 - Modified file: C:\Users\tmoloi\Desktop\Python\Client\12.03.2026 - Price increase Lancashre -  3 items braille duplex.docx
2026-06-04 15:01:01 - Deleted file: C:\Users\tmoloi\Desktop\Python\Client\Test1.docx
2026-06-04 15:01:01 - Deleted file: C:\Users\tmoloi\Desktop\Python\Client\Test3.docx
2026-06-04 15:01:01 - Deleted file: C:\Users\tmoloi\Desktop\Python\Client\12.03.2026 - Price increase Cumbria - 2 items duplex.docx
2026-06-04 15:01:02 - Deleted file: C:\Users\tmoloi\Desktop\Python\Client\12.03.2026 - Price increase Lancashre -  3 items braille duplex.docx
2026-06-04 15:01:02 - Deleted file: C:\Users\tmoloi\Desktop\Python\Client\12.03.2026 - Household SW Letter - 1 item simplex.docx
2026-06-04 15:09:00 - Modified file: C:\Users\tmoloi\Desktop\Python\Client\12.03.2026 - Price increase Manchester 1 - 1000 items duplex.docx
2026-06-04 15:09:00 - Modified file: C:\Users\tmoloi\Desktop\Python\Client\Test1.docx
2026-06-04 15:09:00 - Modified file: C:\Users\tmoloi\Desktop\Python\Client\Test3.docx
2026-06-04 15:09:00 - Modified file: C:\Users\tmoloi\Desktop\Python\Client\12.03.2026 - Price increase Cumbria - 2 items duplex.docx
2026-06-04 15:09:03 - Deleted file: C:\Users\tmoloi\Desktop\Python\Client\Test1.docx
2026-06-04 15:09:03 - Deleted file: C:\Users\tmoloi\Desktop\Python\Client\Test3.docx
2026-06-04 15:09:03 - Deleted file: C:\Users\tmoloi\Desktop\Python\Client\12.03.2026 - Price increase Cumbria - 2 items duplex.docx
2026-06-04 15:09:06 - Deleted file: C:\Users\tmoloi\Desktop\Python\Client\12.03.2026 - Price increase Manchester 1 - 1000 items duplex.docx
2026-06-04 15:11:43 - Modified file: C:\Users\tmoloi\Desktop\Python\Client\Test3.docx
2026-06-04 15:11:43 - Modified file: C:\Users\tmoloi\Desktop\Python\Client\11.03.2026 - Household SW Letter - 1 item simplex.docx
2026-06-04 15:11:43 - Modified file: C:\Users\tmoloi\Desktop\Python\Client\Test1.docx
2026-06-04 15:11:50 - Deleted file: C:\Users\tmoloi\Desktop\Python\Client\Test3.docx
2026-06-04 15:11:50 - Deleted file: C:\Users\tmoloi\Desktop\Python\Client\11.03.2026 - Household SW Letter - 1 item simplex.docx
2026-06-04 15:11:50 - Deleted file: C:\Users\tmoloi\Desktop\Python\Client\Test1.docx
2026-06-04 15:27:51 - Modified file: C:\Users\tmoloi\Desktop\Python\Client\Test1.docx
2026-06-04 15:27:51 - Modified file: C:\Users\tmoloi\Desktop\Python\Client\Test3.docx
2026-06-04 15:27:51 - Modified file: C:\Users\tmoloi\Desktop\Python\Client\11.03.2026 - Household SW Letter - 1 item simplex.docx
2026-06-04 15:27:51 - Modified file: C:\Users\tmoloi\Desktop\Python\Client\12.03.2026 - Price increase Cumbria - 2 items duplex.docx
2026-06-04 15:27:54 - Deleted file: C:\Users\tmoloi\Desktop\Python\Client\Test1.docx
2026-06-04 15:27:54 - Deleted file: C:\Users\tmoloi\Desktop\Python\Client\Test3.docx
2026-06-04 15:27:54 - Deleted file: C:\Users\tmoloi\Desktop\Python\Client\11.03.2026 - Household SW Letter - 1 item simplex.docx
2026-06-04 15:27:54 - Deleted file: C:\Users\tmoloi\Desktop\Python\Client\12.03.2026 - Price increase Cumbria - 2 items duplex.docx
2026-06-04 15:28:40 - Modified file: C:\Users\tmoloi\Desktop\Python\Client\Test4.docx
2026-06-04 15:28:47 - Deleted file: C:\Users\tmoloi\Desktop\Python\Client\Test4.docx
2026-06-04 15:37:09 - Modified file: C:\Users\tmoloi\Desktop\Python\Client\Test3.docx
2026-06-04 15:37:09 - Modified file: C:\Users\tmoloi\Desktop\Python\Client\11.03.2026 - Household SW Letter - 1 item simplex.docx
2026-06-04 15:37:09 - Modified file: C:\Users\tmoloi\Desktop\Python\Client\12.03.2026 - Price increase Cumbria - 2 items duplex.docx
2026-06-04 15:37:09 - Modified file: C:\Users\tmoloi\Desktop\Python\Client\Test1.docx
2026-06-04 15:37:12 - Deleted file: C:\Users\tmoloi\Desktop\Python\Client\Test3.docx
2026-06-04 15:37:12 - Deleted file: C:\Users\tmoloi\Desktop\Python\Client\11.03.2026 - Household SW Letter - 1 item simplex.docx
2026-06-04 15:37:12 - Deleted file: C:\Users\tmoloi\Desktop\Python\Client\12.03.2026 - Price increase Cumbria - 2 items duplex.docx
2026-06-04 15:37:12 - Deleted file: C:\Users\tmoloi\Desktop\Python\Client\Test1.docx
2026-06-04 15:37:48 - Modified file: C:\Users\tmoloi\Desktop\Python\Client\Test4.docx
2026-06-04 15:37:50 - Deleted file: C:\Users\tmoloi\Desktop\Python\Client\Test4.docx
2026-06-04 16:05:15 - Modified file: C:\Users\tmoloi\Desktop\Python\Client\Test3.docx
2026-06-04 16:05:15 - Modified file: C:\Users\tmoloi\Desktop\Python\Client\11.03.2026 - Household SW Letter - 1 item simplex.docx
2026-06-04 16:05:15 - Modified file: C:\Users\tmoloi\Desktop\Python\Client\Test4.docx
2026-06-04 16:05:17 - Deleted file: C:\Users\tmoloi\Desktop\Python\Client\Test3.docx
2026-06-04 16:05:17 - Deleted file: C:\Users\tmoloi\Desktop\Python\Client\11.03.2026 - Household SW Letter - 1 item simplex.docx
2026-06-04 16:05:17 - Deleted file: C:\Users\tmoloi\Desktop\Python\Client\Test4.docx
2026-06-04 16:05:51 - Modified file: C:\Users\tmoloi\Desktop\Python\Client\12.03.2026 - Price increase Lancashre -  3 items braille duplex.docx
2026-06-04 16:05:51 - Modified file: C:\Users\tmoloi\Desktop\Python\Client\Test1.docx
2026-06-04 16:05:54 - Deleted file: C:\Users\tmoloi\Desktop\Python\Client\12.03.2026 - Price increase Lancashre -  3 items braille duplex.docx
2026-06-04 16:05:54 - Deleted file: C:\Users\tmoloi\Desktop\Python\Client\Test1.docx
2026-06-04 16:08:32 - Modified file: C:\Users\tmoloi\Desktop\Python\Client\12.03.2026 - Price increase Cheshire - 11 items Large print duplex - Incorrect formating.docx
2026-06-04 16:08:32 - Modified file: C:\Users\tmoloi\Desktop\Python\Client\Test4.docx
2026-06-04 16:08:32 - Modified file: C:\Users\tmoloi\Desktop\Python\Client\Test1.docx
2026-06-04 16:08:32 - Modified file: C:\Users\tmoloi\Desktop\Python\Client\Test3.docx
2026-06-04 16:08:32 - Modified file: C:\Users\tmoloi\Desktop\Python\Client\11.03.2026 - Household SW Letter - 1 item simplex.docx
2026-06-04 16:08:32 - Modified file: C:\Users\tmoloi\Desktop\Python\Client\12.03.2026 - Price increase Cheshire - 11 items Large print duplex.docx
2026-06-04 16:08:32 - Modified file: C:\Users\tmoloi\Desktop\Python\Client\12.03.2026 - Price increase Cumbria - 2 items duplex.docx
2026-06-04 16:08:32 - Modified file: C:\Users\tmoloi\Desktop\Python\Client\12.03.2026 - Price increase Lancashre -  3 items braille duplex.docx
2026-06-04 16:08:32 - Modified file: C:\Users\tmoloi\Desktop\Python\Client\12.03.2026 - Price increase Cheshire - 11 items Large print duplex.docx
2026-06-04 16:08:32 - Modified file: C:\Users\tmoloi\Desktop\Python\Client\12.03.2026 - Price increase Cheshire - 11 items Large print duplex - Incorrect formating.docx
2026-06-04 16:08:33 - Modified file: C:\Users\tmoloi\Desktop\Python\Client\12.03.2026 - Household SW Letter - 1 item simplex.docx
2026-06-04 16:08:33 - Modified file: C:\Users\tmoloi\Desktop\Python\Client\12.03.2026 - Price increase affodability - 246 items duplex.docx
2026-06-04 16:08:33 - Modified file: C:\Users\tmoloi\Desktop\Python\Client\11-05-2026 - Customer Refusal Proactive Exchange - 192 items.docx
2026-06-04 16:08:33 - Modified file: C:\Users\tmoloi\Desktop\Python\Client\PS Welcome Letter Large Print (13) 29052026.docx
2026-06-04 16:08:33 - Modified file: C:\Users\tmoloi\Desktop\Python\Client\PS Welcome Letter Large Print (13) 29052026.docx
2026-06-04 16:08:34 - Modified file: C:\Users\tmoloi\Desktop\Python\Client\11-05-2026 - Customer Refusal Proactive Exchange - 192 items.docx
2026-06-04 16:08:36 - Modified file: C:\Users\tmoloi\Desktop\Python\Client\12.03.2026 - Price increase affodability - 246 items duplex.docx
2026-06-04 16:08:38 - Deleted file: C:\Users\tmoloi\Desktop\Python\Client\12.03.2026 - Price increase Cheshire - 11 items Large print duplex - Incorrect formating.docx
2026-06-04 16:08:38 - Deleted file: C:\Users\tmoloi\Desktop\Python\Client\Test4.docx
2026-06-04 16:08:39 - Deleted file: C:\Users\tmoloi\Desktop\Python\Client\Test1.docx
2026-06-04 16:08:39 - Deleted file: C:\Users\tmoloi\Desktop\Python\Client\Test3.docx
2026-06-04 16:08:39 - Deleted file: C:\Users\tmoloi\Desktop\Python\Client\11.03.2026 - Household SW Letter - 1 item simplex.docx
2026-06-04 16:08:39 - Deleted file: C:\Users\tmoloi\Desktop\Python\Client\12.03.2026 - Price increase Cheshire - 11 items Large print duplex.docx
2026-06-04 16:08:39 - Deleted file: C:\Users\tmoloi\Desktop\Python\Client\12.03.2026 - Price increase Cumbria - 2 items duplex.docx
2026-06-04 16:08:39 - Deleted file: C:\Users\tmoloi\Desktop\Python\Client\12.03.2026 - Price increase Lancashre -  3 items braille duplex.docx
2026-06-04 16:08:39 - Deleted file: C:\Users\tmoloi\Desktop\Python\Client\12.03.2026 - Household SW Letter - 1 item simplex.docx
2026-06-04 16:08:39 - Deleted file: C:\Users\tmoloi\Desktop\Python\Client\11-05-2026 - Customer Refusal Proactive Exchange - 192 items.docx
2026-06-04 16:08:39 - Deleted file: C:\Users\tmoloi\Desktop\Python\Client\12.03.2026 - Price increase affodability - 246 items duplex.docx
2026-06-04 16:08:39 - Deleted file: C:\Users\tmoloi\Desktop\Python\Client\PS Welcome Letter Large Print (13) 29052026.docx
2026-06-04 16:36:17 - Modified file: C:\Users\tmoloi\Desktop\Python\Client\12.03.2026 - Household SW Letter - 1 item simplex.docx
2026-06-04 16:36:17 - Modified file: C:\Users\tmoloi\Desktop\Python\Client\11.03.2026 - Household SW Letter - 1 item simplex.docx
2026-06-04 16:36:23 - Deleted file: C:\Users\tmoloi\Desktop\Python\Client\12.03.2026 - Household SW Letter - 1 item simplex.docx
2026-06-04 16:36:23 - Deleted file: C:\Users\tmoloi\Desktop\Python\Client\11.03.2026 - Household SW Letter - 1 item simplex.docx
2026-06-04 16:41:33 - Modified file: C:\Users\tmoloi\Desktop\Python\Client\12.03.2026 - Household SW Letter - 1 item simplex.docx
2026-06-04 16:41:33 - Modified file: C:\Users\tmoloi\Desktop\Python\Client\11.03.2026 - Household SW Letter - 1 item simplex.docx
2026-06-04 16:41:40 - Deleted file: C:\Users\tmoloi\Desktop\Python\Client\12.03.2026 - Household SW Letter - 1 item simplex.docx
2026-06-04 16:41:40 - Deleted file: C:\Users\tmoloi\Desktop\Python\Client\11.03.2026 - Household SW Letter - 1 item simplex.docx
2026-06-04 16:47:15 - Modified file: C:\Users\tmoloi\Desktop\Python\Client\12.03.2026 - Household SW Letter - 1 item simplex.docx
2026-06-04 16:47:15 - Modified file: C:\Users\tmoloi\Desktop\Python\Client\11.03.2026 - Household SW Letter - 1 item simplex.docx
2026-06-04 16:47:18 - Deleted file: C:\Users\tmoloi\Desktop\Python\Client\12.03.2026 - Household SW Letter - 1 item simplex.docx
2026-06-04 16:47:19 - Deleted file: C:\Users\tmoloi\Desktop\Python\Client\11.03.2026 - Household SW Letter - 1 item simplex.docx
2026-06-04 16:48:17 - Modified file: C:\Users\tmoloi\Desktop\Python\Client\12.03.2026 - Household SW Letter - 1 item simplex.docx
2026-06-04 16:48:17 - Modified file: C:\Users\tmoloi\Desktop\Python\Client\11.03.2026 - Household SW Letter - 1 item simplex.docx
2026-06-04 16:48:20 - Deleted file: C:\Users\tmoloi\Desktop\Python\Client\12.03.2026 - Household SW Letter - 1 item simplex.docx
2026-06-04 16:48:21 - Deleted file: C:\Users\tmoloi\Desktop\Python\Client\11.03.2026 - Household SW Letter - 1 item simplex.docx
2026-06-04 16:53:59 - Modified file: C:\Users\tmoloi\Desktop\Python\Client\12.03.2026 - Household SW Letter - 1 item simplex.docx
2026-06-04 16:53:59 - Modified file: C:\Users\tmoloi\Desktop\Python\Client\11.03.2026 - Household SW Letter - 1 item simplex.docx
2026-06-04 16:54:04 - Deleted file: C:\Users\tmoloi\Desktop\Python\Client\12.03.2026 - Household SW Letter - 1 item simplex.docx
2026-06-04 16:54:04 - Deleted file: C:\Users\tmoloi\Desktop\Python\Client\11.03.2026 - Household SW Letter - 1 item simplex.docx
2026-06-04 16:55:52 - Modified file: C:\Users\tmoloi\Desktop\Python\Client\11.03.2026 - Household SW Letter - 1 item simplex.docx
2026-06-04 16:55:55 - Deleted file: C:\Users\tmoloi\Desktop\Python\Client\11.03.2026 - Household SW Letter - 1 item simplex.docx
2026-06-04 16:59:47 - Modified file: C:\Users\tmoloi\Desktop\Python\Client\11.03.2026 - Household SW Letter - 1 item simplex.docx
2026-06-04 16:59:50 - Deleted file: C:\Users\tmoloi\Desktop\Python\Client\11.03.2026 - Household SW Letter - 1 item simplex.docx
2026-06-04 17:03:32 - Modified file: C:\Users\tmoloi\Desktop\Python\Client\11.03.2026 - Household SW Letter - 1 item simplex.docx
2026-06-04 17:03:34 - Deleted file: C:\Users\tmoloi\Desktop\Python\Client\11.03.2026 - Household SW Letter - 1 item simplex.docx
2026-06-04 17:23:08 - Modified file: C:\Users\tmoloi\Desktop\Python\Client\11.03.2026 - Household SW Letter - 1 item simplex.docx
2026-06-04 17:23:12 - Deleted file: C:\Users\tmoloi\Desktop\Python\Client\11.03.2026 - Household SW Letter - 1 item simplex.docx
2026-06-04 17:24:53 - Modified file: C:\Users\tmoloi\Desktop\Python\Client\11.03.2026 - Household SW Letter - 1 item simplex.docx
2026-06-04 17:24:55 - Deleted file: C:\Users\tmoloi\Desktop\Python\Client\11.03.2026 - Household SW Letter - 1 item simplex.docx
2026-06-04 17:27:55 - Modified file: C:\Users\tmoloi\Desktop\Python\Client\11.03.2026 - Household SW Letter - 1 item simplex.docx
2026-06-04 17:27:57 - Deleted file: C:\Users\tmoloi\Desktop\Python\Client\11.03.2026 - Household SW Letter - 1 item simplex.docx
2026-06-05 09:27:42 - Modified file: \\clu082fs\MoveIT-Sync\SRV504GMC\SRV650FTP\uulive\prod\PS Welcome Letters BRAILLE (1) 05062026.docx
2026-06-05 09:27:42 - Modified file: \\clu082fs\MoveIT-Sync\SRV504GMC\SRV650FTP\uulive\prod\PS Welcome Letters BRAILLE (1) 05062026.docx
2026-06-05 09:27:42 - Modified file: \\clu082fs\MoveIT-Sync\SRV504GMC\SRV650FTP\uulive\prod\PS Welcome Letters BRAILLE (1) 05062026.docx
2026-06-05 09:27:42 - Modified file: \\clu082fs\MoveIT-Sync\SRV504GMC\SRV650FTP\uulive\prod\PS Welcome Letters Standard (999) 05062026.docx
2026-06-05 09:27:42 - Modified file: \\clu082fs\MoveIT-Sync\SRV504GMC\SRV650FTP\uulive\prod\PS Welcome Letters Standard (999) 05062026.docx
2026-06-05 09:27:42 - Modified file: \\clu082fs\MoveIT-Sync\SRV504GMC\SRV650FTP\uulive\prod\PS Welcome Letters Standard (999) 05062026.docx
2026-06-05 09:27:43 - Modified file: \\clu082fs\MoveIT-Sync\SRV504GMC\SRV650FTP\uulive\prod\PS Change to Core Large Print (26) 04062026.docx
2026-06-05 09:27:43 - Modified file: \\clu082fs\MoveIT-Sync\SRV504GMC\SRV650FTP\uulive\prod\PS Change to Core Large Print (26) 04062026.docx
2026-06-05 09:27:43 - Modified file: \\clu082fs\MoveIT-Sync\SRV504GMC\SRV650FTP\uulive\prod\PS Change to Core Large Print (26) 04062026.docx
2026-06-05 09:27:43 - Modified file: \\clu082fs\MoveIT-Sync\SRV504GMC\SRV650FTP\uulive\prod\PS Change to Core Large Print BLUE (1) 04062026.docx
2026-06-05 09:27:43 - Modified file: \\clu082fs\MoveIT-Sync\SRV504GMC\SRV650FTP\uulive\prod\PS Change to Core Large Print BLUE (1) 04062026.docx
2026-06-05 09:27:43 - Modified file: \\clu082fs\MoveIT-Sync\SRV504GMC\SRV650FTP\uulive\prod\PS Change to Core Large Print BLUE (1) 04062026.docx
2026-06-05 09:27:43 - Modified file: \\clu082fs\MoveIT-Sync\SRV504GMC\SRV650FTP\uulive\prod\PS Change to Core Standard (380) 05062026.docx
2026-06-05 09:27:43 - Modified file: \\clu082fs\MoveIT-Sync\SRV504GMC\SRV650FTP\uulive\prod\PS Change to Core Standard (380) 05062026.docx
2026-06-05 09:27:43 - Modified file: \\clu082fs\MoveIT-Sync\SRV504GMC\SRV650FTP\uulive\prod\PS Change to Core Standard (380) 05062026.docx
2026-06-05 09:27:43 - Modified file: \\clu082fs\MoveIT-Sync\SRV504GMC\SRV650FTP\uulive\prod\PS Welcome Letter Large Print (12) 05062026.docx
2026-06-05 09:27:43 - Modified file: \\clu082fs\MoveIT-Sync\SRV504GMC\SRV650FTP\uulive\prod\PS Welcome Letter Large Print (12) 05062026.docx
2026-06-05 09:27:43 - Modified file: \\clu082fs\MoveIT-Sync\SRV504GMC\SRV650FTP\uulive\prod\PS Welcome Letter Large Print (12) 05062026.docx
2026-06-05 09:27:43 - Modified file: \\clu082fs\MoveIT-Sync\SRV504GMC\SRV650FTP\uulive\prod\PS Welcome Letter Large Print BLUE (1) 05062026.docx
2026-06-05 09:27:43 - Modified file: \\clu082fs\MoveIT-Sync\SRV504GMC\SRV650FTP\uulive\prod\PS Welcome Letter Large Print BLUE (1) 05062026.docx
2026-06-05 09:27:43 - Modified file: \\clu082fs\MoveIT-Sync\SRV504GMC\SRV650FTP\uulive\prod\PS Welcome Letter Large Print BLUE (1) 05062026.docx
2026-06-05 09:27:44 - Modified file: \\clu082fs\MoveIT-Sync\SRV504GMC\SRV650FTP\uulive\prod\PS Welcome Letter Large Print YELLOW (1) 05062026.docx
2026-06-05 09:27:44 - Modified file: \\clu082fs\MoveIT-Sync\SRV504GMC\SRV650FTP\uulive\prod\PS Welcome Letter Large Print YELLOW (1) 05062026.docx
2026-06-05 09:27:44 - Modified file: \\clu082fs\MoveIT-Sync\SRV504GMC\SRV650FTP\uulive\prod\PS Welcome Letter Large Print YELLOW (1) 05062026.docx
2026-06-05 09:27:49 - Deleted file: \\clu082fs\MoveIT-Sync\SRV504GMC\SRV650FTP\uulive\prod\PS Welcome Letters BRAILLE (1) 05062026.docx
2026-06-05 09:27:49 - Deleted file: \\clu082fs\MoveIT-Sync\SRV504GMC\SRV650FTP\uulive\prod\PS Welcome Letters Standard (999) 05062026.docx
2026-06-05 09:27:49 - Deleted file: \\clu082fs\MoveIT-Sync\SRV504GMC\SRV650FTP\uulive\prod\PS Change to Core Large Print (26) 04062026.docx
2026-06-05 09:27:49 - Deleted file: \\clu082fs\MoveIT-Sync\SRV504GMC\SRV650FTP\uulive\prod\PS Change to Core Large Print BLUE (1) 04062026.docx
2026-06-05 09:27:49 - Deleted file: \\clu082fs\MoveIT-Sync\SRV504GMC\SRV650FTP\uulive\prod\PS Change to Core Standard (380) 05062026.docx
2026-06-05 09:27:49 - Deleted file: \\clu082fs\MoveIT-Sync\SRV504GMC\SRV650FTP\uulive\prod\PS Welcome Letter Large Print (12) 05062026.docx
2026-06-05 09:27:49 - Deleted file: \\clu082fs\MoveIT-Sync\SRV504GMC\SRV650FTP\uulive\prod\PS Welcome Letter Large Print YELLOW (1) 05062026.docx
2026-06-05 09:27:49 - Deleted file: \\clu082fs\MoveIT-Sync\SRV504GMC\SRV650FTP\uulive\prod\PS Welcome Letter Large Print BLUE (1) 05062026.docx
2026-06-05 11:50:12 - Modified file: C:\Users\tmoloi\Desktop\Python\Client\11.03.2026 - Household SW Letter - 1 item simplex.docx
2026-06-05 11:50:15 - Deleted file: C:\Users\tmoloi\Desktop\Python\Client\11.03.2026 - Household SW Letter - 1 item simplex.docx
2026-06-05 14:28:10 - Modified file: C:\Users\tmoloi\Desktop\Python\Client\Test4.docx
2026-06-05 14:28:24 - Modified file: C:\Users\tmoloi\Desktop\Python\Client\Test4.docx
2026-06-05 14:28:50 - Deleted file: C:\Users\tmoloi\Desktop\Python\Client\Test4.docx
2026-06-05 14:29:13 - Modified file: C:\Users\tmoloi\Desktop\Python\Client\12.03.2026 - Household SW Letter - 1 item simplex.docx
2026-06-05 14:29:57 - Deleted file: C:\Users\tmoloi\Desktop\Python\Client\12.03.2026 - Household SW Letter - 1 item simplex.docx
2026-06-05 14:44:42 - Deleted file: C:\Users\tmoloi\Desktop\Python\Client\11.03.2026 - Household SW Letter - 1 item simplex.docx
2026-06-05 14:46:38 - Modified file: C:\Users\tmoloi\Desktop\Python\Client\11.03.2026 - Household SW Letter - 1 item simplex.docx
2026-06-05 14:47:12 - Deleted file: C:\Users\tmoloi\Desktop\Python\Client\11.03.2026 - Household SW Letter - 1 item simplex.docx
2026-06-05 14:48:07 - Modified file: C:\Users\tmoloi\Desktop\Python\Client\11.03.2026 - Household SW Letter - 1 item simplex.docx
2026-06-05 14:48:10 - Deleted file: C:\Users\tmoloi\Desktop\Python\Client\11.03.2026 - Household SW Letter - 1 item simplex.docx
2026-06-05 14:49:54 - Modified file: C:\Users\tmoloi\Desktop\Python\Client\11.03.2026 - Household SW Letter - 1 item simplex.docx
2026-06-05 14:49:57 - Deleted file: C:\Users\tmoloi\Desktop\Python\Client\11.03.2026 - Household SW Letter - 1 item simplex.docx
2026-06-05 15:03:23 - Modified file: C:\Users\tmoloi\Desktop\Python\Client\11.03.2026 - Household SW Letter - 1 item simplex.docx
2026-06-05 15:03:27 - Deleted file: C:\Users\tmoloi\Desktop\Python\Client\11.03.2026 - Household SW Letter - 1 item simplex.docx
2026-06-05 15:46:25 - Modified file: C:\Users\tmoloi\Desktop\Python\Client\11.03.2026 - Household SW Letter - 1 item simplex.docx
2026-06-05 15:46:26 - Deleted file: C:\Users\tmoloi\Desktop\Python\Client\11.03.2026 - Household SW Letter - 1 item simplex.docx
2026-06-05 15:53:10 - Modified file: C:\Users\tmoloi\Desktop\Python\Client\11.03.2026 - Household SW Letter - 1 item simplex.docx
2026-06-05 15:53:13 - Deleted file: C:\Users\tmoloi\Desktop\Python\Client\11.03.2026 - Household SW Letter - 1 item simplex.docx
2026-06-05 15:55:43 - Modified file: C:\Users\tmoloi\Desktop\Python\Client\11.03.2026 - Household SW Letter - 1 item simplex.docx
2026-06-05 15:55:46 - Deleted file: C:\Users\tmoloi\Desktop\Python\Client\11.03.2026 - Household SW Letter - 1 item simplex.docx
2026-06-05 16:01:28 - Modified file: C:\Users\tmoloi\Desktop\Python\Client\11.03.2026 - Household SW Letter - 1 item simplex.docx
2026-06-05 16:01:29 - Deleted file: C:\Users\tmoloi\Desktop\Python\Client\11.03.2026 - Household SW Letter - 1 item simplex.docx
2026-06-05 16:03:08 - Modified file: C:\Users\tmoloi\Desktop\Python\Client\11.03.2026 - Household SW Letter - 1 item simplex.docx
2026-06-05 16:03:09 - Deleted file: C:\Users\tmoloi\Desktop\Python\Client\11.03.2026 - Household SW Letter - 1 item simplex.docx
2026-06-05 16:06:53 - Deleted file: C:\Users\tmoloi\Desktop\Python\Client\12.03.2026 - Price increase Lancashre -  3 items braille duplex.docx
2026-06-05 16:07:34 - Modified file: C:\Users\tmoloi\Desktop\Python\Client\11.03.2026 - Household SW Letter - 1 item simplex.docx
2026-06-05 16:07:39 - Deleted file: C:\Users\tmoloi\Desktop\Python\Client\11.03.2026 - Household SW Letter - 1 item simplex.docx
2026-06-05 16:08:30 - Modified file: C:\Users\tmoloi\Desktop\Python\Client\11.03.2026 - Household SW Letter - 1 item simplex.docx
2026-06-05 16:08:33 - Deleted file: C:\Users\tmoloi\Desktop\Python\Client\11.03.2026 - Household SW Letter - 1 item simplex.docx
2026-06-05 16:19:39 - Modified file: C:\Users\tmoloi\Desktop\Python\Client\11.03.2026 - Household SW Letter - 1 item simplex.docx
2026-06-05 16:19:41 - Deleted file: C:\Users\tmoloi\Desktop\Python\Client\11.03.2026 - Household SW Letter - 1 item simplex.docx
2026-06-05 16:23:23 - Modified file: C:\Users\tmoloi\Desktop\Python\Client\11.03.2026 - Household SW Letter - 1 item simplex.docx
2026-06-05 16:23:25 - Deleted file: C:\Users\tmoloi\Desktop\Python\Client\11.03.2026 - Household SW Letter - 1 item simplex.docx
2026-06-05 16:35:50 - Modified file: C:\Users\tmoloi\Desktop\Python\Client\11.03.2026 - Household SW Letter - 1 item simplex.docx
2026-06-05 16:35:52 - Deleted file: C:\Users\tmoloi\Desktop\Python\Client\11.03.2026 - Household SW Letter - 1 item simplex.docx
2026-06-05 16:39:33 - Modified file: C:\Users\tmoloi\Desktop\Python\Client\11.03.2026 - Household SW Letter - 1 item simplex.docx
2026-06-05 16:39:37 - Deleted file: C:\Users\tmoloi\Desktop\Python\Client\11.03.2026 - Household SW Letter - 1 item simplex.docx
2026-06-05 16:40:56 - Modified file: C:\Users\tmoloi\Desktop\Python\Client\11.03.2026 - Household SW Letter - 1 item simplex.docx
2026-06-05 16:40:59 - Deleted file: C:\Users\tmoloi\Desktop\Python\Client\11.03.2026 - Household SW Letter - 1 item simplex.docx
2026-06-05 16:48:50 - Modified file: C:\Users\tmoloi\Desktop\Python\Client\11.03.2026 - Household SW Letter - 1 item simplex.docx
2026-06-05 16:48:52 - Deleted file: C:\Users\tmoloi\Desktop\Python\Client\11.03.2026 - Household SW Letter - 1 item simplex.docx
