2026-09-24 17:05:31 - Modified file: \\clu082fs\MoveIT-Sync\SRV504GMC\SRV650FTP\uulive\prod\PS Welcome Letter PINK (1) 25.09.2026.docx
2026-09-24 17:05:31 - Modified file: \\clu082fs\MoveIT-Sync\SRV504GMC\SRV650FTP\uulive\prod\PS Welcome Letter PINK (1) 25.09.2026.docx
2026-09-24 17:05:31 - Modified file: \\clu082fs\MoveIT-Sync\SRV504GMC\SRV650FTP\uulive\prod\PS Welcome Letter PINK (1) 25.09.2026.docx
2026-09-24 17:05:31 - Modified file: \\clu082fs\MoveIT-Sync\SRV504GMC\SRV650FTP\uulive\prod\PS Welcome Letter Standard (904) 25.09.2026.docx
2026-09-24 17:05:31 - Modified file: \\clu082fs\MoveIT-Sync\SRV504GMC\SRV650FTP\uulive\prod\PS Welcome Letter Standard (904) 25.09.2026.docx
2026-09-24 17:05:31 - Modified file: \\clu082fs\MoveIT-Sync\SRV504GMC\SRV650FTP\uulive\prod\PS Welcome Letter Standard (904) 25.09.2026.docx
2026-09-24 17:05:31 - Modified file: \\clu082fs\MoveIT-Sync\SRV504GMC\SRV650FTP\uulive\prod\PS Change to Core Large Print (16) 25.09.2026.docx
2026-09-24 17:05:31 - Modified file: \\clu082fs\MoveIT-Sync\SRV504GMC\SRV650FTP\uulive\prod\PS Change to Core Large Print (16) 25.09.2026.docx
2026-09-24 17:05:31 - Modified file: \\clu082fs\MoveIT-Sync\SRV504GMC\SRV650FTP\uulive\prod\PS Change to Core Large Print (16) 25.09.2026.docx
2026-09-24 17:05:31 - Modified file: \\clu082fs\MoveIT-Sync\SRV504GMC\SRV650FTP\uulive\prod\PS Change to Core Standard (415) 25.09.2026.docx
2026-09-24 17:05:31 - Modified file: \\clu082fs\MoveIT-Sync\SRV504GMC\SRV650FTP\uulive\prod\PS Change to Core Standard (415) 25.09.2026.docx
2026-09-24 17:05:31 - Modified file: \\clu082fs\MoveIT-Sync\SRV504GMC\SRV650FTP\uulive\prod\PS Change to Core Standard (415) 25.09.2026.docx
2026-09-24 17:05:31 - Modified file: \\clu082fs\MoveIT-Sync\SRV504GMC\SRV650FTP\uulive\prod\PS Welcome Letter BLUE (2) 25.09.2026.docx
2026-09-24 17:05:31 - Modified file: \\clu082fs\MoveIT-Sync\SRV504GMC\SRV650FTP\uulive\prod\PS Welcome Letter BLUE (2) 25.09.2026.docx
2026-09-24 17:05:31 - Modified file: \\clu082fs\MoveIT-Sync\SRV504GMC\SRV650FTP\uulive\prod\PS Welcome Letter BLUE (2) 25.09.2026.docx
2026-09-24 17:05:32 - Modified file: \\clu082fs\MoveIT-Sync\SRV504GMC\SRV650FTP\uulive\prod\PS Welcome Letter BRAILLE (1) 25.09.2026.docx
2026-09-24 17:05:32 - Modified file: \\clu082fs\MoveIT-Sync\SRV504GMC\SRV650FTP\uulive\prod\PS Welcome Letter BRAILLE (1) 25.09.2026.docx
2026-09-24 17:05:32 - Modified file: \\clu082fs\MoveIT-Sync\SRV504GMC\SRV650FTP\uulive\prod\PS Welcome Letter BRAILLE (1) 25.09.2026.docx
2026-09-24 17:05:32 - Modified file: \\clu082fs\MoveIT-Sync\SRV504GMC\SRV650FTP\uulive\prod\PS Welcome Letter LARGE PRINT (9) 25.09.2026.docx
2026-09-24 17:05:32 - Modified file: \\clu082fs\MoveIT-Sync\SRV504GMC\SRV650FTP\uulive\prod\PS Welcome Letter LARGE PRINT (9) 25.09.2026.docx
2026-09-24 17:05:32 - Modified file: \\clu082fs\MoveIT-Sync\SRV504GMC\SRV650FTP\uulive\prod\PS Welcome Letter LARGE PRINT (9) 25.09.2026.docx
2026-09-24 17:05:35 - Deleted file: \\clu082fs\MoveIT-Sync\SRV504GMC\SRV650FTP\uulive\prod\PS Welcome Letter PINK (1) 25.09.2026.docx
2026-09-24 17:05:35 - Deleted file: \\clu082fs\MoveIT-Sync\SRV504GMC\SRV650FTP\uulive\prod\PS Welcome Letter Standard (904) 25.09.2026.docx
2026-09-24 17:05:35 - Deleted file: \\clu082fs\MoveIT-Sync\SRV504GMC\SRV650FTP\uulive\prod\PS Change to Core Large Print (16) 25.09.2026.docx
2026-09-24 17:05:35 - Deleted file: \\clu082fs\MoveIT-Sync\SRV504GMC\SRV650FTP\uulive\prod\PS Welcome Letter BLUE (2) 25.09.2026.docx
2026-09-24 17:05:35 - Deleted file: \\clu082fs\MoveIT-Sync\SRV504GMC\SRV650FTP\uulive\prod\PS Change to Core Standard (415) 25.09.2026.docx
2026-09-24 17:05:36 - Deleted file: \\clu082fs\MoveIT-Sync\SRV504GMC\SRV650FTP\uulive\prod\PS Welcome Letter BRAILLE (1) 25.09.2026.docx
2026-09-24 17:05:36 - Deleted file: \\clu082fs\MoveIT-Sync\SRV504GMC\SRV650FTP\uulive\prod\PS Welcome Letter LARGE PRINT (9) 25.09.2026.docx
2026-09-25 13:45:03 - Modified file: \\clu082fs\MoveIT-Sync\SRV504GMC\SRV650FTP\uulive\prod\PSR Verification Letters IVR (2600) Despatch 29.09.2026.docx
2026-09-25 13:45:03 - Modified file: \\clu082fs\MoveIT-Sync\SRV504GMC\SRV650FTP\uulive\prod\PSR Verification Letters IVR (2600) Despatch 29.09.2026.docx
2026-09-25 13:45:03 - Modified file: \\clu082fs\MoveIT-Sync\SRV504GMC\SRV650FTP\uulive\prod\PSR Verification Letters IVR (2600) Despatch 29.09.2026.docx
2026-09-25 13:45:10 - Modified file: \\clu082fs\MoveIT-Sync\SRV504GMC\SRV650FTP\uulive\prod\PSR Verification Letters IVR (2600) Despatch 29.09.2026.docx
2026-09-25 13:45:10 - Deleted file: \\clu082fs\MoveIT-Sync\SRV504GMC\SRV650FTP\uulive\prod\PSR Verification Letters IVR (2600) Despatch 29.09.2026.docx
